V3 6
FL /usr/userfs/d/drm511/embs/spr/prac1/synthesis/parallel_run/hdl/system_xps_timer_0_wrapper.vhd 2014/02/18.13:28:45 P.40xd
EN work/system_xps_timer_0_wrapper 1392730614 \
      FL /usr/userfs/d/drm511/embs/spr/prac1/synthesis/parallel_run/hdl/system_xps_timer_0_wrapper.vhd \
      PB ieee/std_logic_1164 1350103243 LB UNISIM PH unisim/VCOMPONENTS 1350103252 \
      LB xps_timer_v1_02_a
AR work/system_xps_timer_0_wrapper/STRUCTURE 1392730615 \
      FL /usr/userfs/d/drm511/embs/spr/prac1/synthesis/parallel_run/hdl/system_xps_timer_0_wrapper.vhd \
      EN work/system_xps_timer_0_wrapper 1392730614 CP xps_timer
