AR system_leds_8bit_wrapper structure /usr/userfs/d/drm511/embs/spr/prac1/synthesis/parallel_run/hdl/system_leds_8bit_wrapper.vhd sub00/vhpl01 1392730367
EN system_leds_8bit_wrapper NULL /usr/userfs/d/drm511/embs/spr/prac1/synthesis/parallel_run/hdl/system_leds_8bit_wrapper.vhd sub00/vhpl00 1392730366
