AR axi_interface imp /opt/york/cs/net/xilinx-design-suite-14.3-x86_64-1/14.3/ISE_DS/EDK/hw/XilinxProcessorIPLib/pcores/lmb_bram_if_cntlr_v3_10_b/hdl/vhdl/axi_interface.vhd sub00/vhpl19 1392730201
EN lmb_mux NULL /opt/york/cs/net/xilinx-design-suite-14.3-x86_64-1/14.3/ISE_DS/EDK/hw/XilinxProcessorIPLib/pcores/lmb_bram_if_cntlr_v3_10_b/hdl/vhdl/lmb_mux.vhd sub00/vhpl10 1392730192
AR parityenable imp /opt/york/cs/net/xilinx-design-suite-14.3-x86_64-1/14.3/ISE_DS/EDK/hw/XilinxProcessorIPLib/pcores/lmb_bram_if_cntlr_v3_10_b/hdl/vhdl/parityenable.vhd sub00/vhpl07 1392730189
EN parityenable NULL /opt/york/cs/net/xilinx-design-suite-14.3-x86_64-1/14.3/ISE_DS/EDK/hw/XilinxProcessorIPLib/pcores/lmb_bram_if_cntlr_v3_10_b/hdl/vhdl/parityenable.vhd sub00/vhpl06 1392730188
PB lmb_bram_if_funcs lmb_bram_if_funcs /opt/york/cs/net/xilinx-design-suite-14.3-x86_64-1/14.3/ISE_DS/EDK/hw/XilinxProcessorIPLib/pcores/lmb_bram_if_cntlr_v3_10_b/hdl/vhdl/lmb_bram_if_funcs.vhd sub00/vhpl21 1392730203
EN plb_interface NULL /opt/york/cs/net/xilinx-design-suite-14.3-x86_64-1/14.3/ISE_DS/EDK/hw/XilinxProcessorIPLib/pcores/lmb_bram_if_cntlr_v3_10_b/hdl/vhdl/plb_interface.vhd sub00/vhpl16 1392730198
EN pselect_mask NULL /opt/york/cs/net/xilinx-design-suite-14.3-x86_64-1/14.3/ISE_DS/EDK/hw/XilinxProcessorIPLib/pcores/lmb_bram_if_cntlr_v3_10_b/hdl/vhdl/pselect_mask.vhd sub00/vhpl08 1392730190
AR parity imp /opt/york/cs/net/xilinx-design-suite-14.3-x86_64-1/14.3/ISE_DS/EDK/hw/XilinxProcessorIPLib/pcores/lmb_bram_if_cntlr_v3_10_b/hdl/vhdl/parity.vhd sub00/vhpl05 1392730187
AR checkbit_handler imp /opt/york/cs/net/xilinx-design-suite-14.3-x86_64-1/14.3/ISE_DS/EDK/hw/XilinxProcessorIPLib/pcores/lmb_bram_if_cntlr_v3_10_b/hdl/vhdl/checkbit_handler.vhd sub00/vhpl13 1392730195
EN correct_one_bit NULL /opt/york/cs/net/xilinx-design-suite-14.3-x86_64-1/14.3/ISE_DS/EDK/hw/XilinxProcessorIPLib/pcores/lmb_bram_if_cntlr_v3_10_b/hdl/vhdl/correct_one_bit.vhd sub00/vhpl14 1392730196
AR plb_interface imp /opt/york/cs/net/xilinx-design-suite-14.3-x86_64-1/14.3/ISE_DS/EDK/hw/XilinxProcessorIPLib/pcores/lmb_bram_if_cntlr_v3_10_b/hdl/vhdl/plb_interface.vhd sub00/vhpl17 1392730199
EN lmb_bram_if_cntlr NULL /opt/york/cs/net/xilinx-design-suite-14.3-x86_64-1/14.3/ISE_DS/EDK/hw/XilinxProcessorIPLib/pcores/lmb_bram_if_cntlr_v3_10_b/hdl/vhdl/lmb_bram_if_cntlr.vhd sub00/vhpl22 1392730204
EN axi_interface NULL /opt/york/cs/net/xilinx-design-suite-14.3-x86_64-1/14.3/ISE_DS/EDK/hw/XilinxProcessorIPLib/pcores/lmb_bram_if_cntlr_v3_10_b/hdl/vhdl/axi_interface.vhd sub00/vhpl18 1392730200
AR lmb_mux imp /opt/york/cs/net/xilinx-design-suite-14.3-x86_64-1/14.3/ISE_DS/EDK/hw/XilinxProcessorIPLib/pcores/lmb_bram_if_cntlr_v3_10_b/hdl/vhdl/lmb_mux.vhd sub00/vhpl11 1392730193
AR correct_one_bit imp /opt/york/cs/net/xilinx-design-suite-14.3-x86_64-1/14.3/ISE_DS/EDK/hw/XilinxProcessorIPLib/pcores/lmb_bram_if_cntlr_v3_10_b/hdl/vhdl/correct_one_bit.vhd sub00/vhpl15 1392730197
AR xor18 imp /opt/york/cs/net/xilinx-design-suite-14.3-x86_64-1/14.3/ISE_DS/EDK/hw/XilinxProcessorIPLib/pcores/lmb_bram_if_cntlr_v3_10_b/hdl/vhdl/xor18.vhd sub00/vhpl03 1392730185
EN checkbit_handler NULL /opt/york/cs/net/xilinx-design-suite-14.3-x86_64-1/14.3/ISE_DS/EDK/hw/XilinxProcessorIPLib/pcores/lmb_bram_if_cntlr_v3_10_b/hdl/vhdl/checkbit_handler.vhd sub00/vhpl12 1392730194
EN parity NULL /opt/york/cs/net/xilinx-design-suite-14.3-x86_64-1/14.3/ISE_DS/EDK/hw/XilinxProcessorIPLib/pcores/lmb_bram_if_cntlr_v3_10_b/hdl/vhdl/parity.vhd sub00/vhpl04 1392730186
EN pselect NULL /opt/york/cs/net/xilinx-design-suite-14.3-x86_64-1/14.3/ISE_DS/EDK/hw/XilinxProcessorIPLib/pcores/lmb_bram_if_cntlr_v3_10_b/hdl/vhdl/pselect.vhd sub00/vhpl00 1392730182
AR lmb_bram_if_cntlr imp /opt/york/cs/net/xilinx-design-suite-14.3-x86_64-1/14.3/ISE_DS/EDK/hw/XilinxProcessorIPLib/pcores/lmb_bram_if_cntlr_v3_10_b/hdl/vhdl/lmb_bram_if_cntlr.vhd sub00/vhpl23 1392730205
PH lmb_bram_if_funcs NULL /opt/york/cs/net/xilinx-design-suite-14.3-x86_64-1/14.3/ISE_DS/EDK/hw/XilinxProcessorIPLib/pcores/lmb_bram_if_cntlr_v3_10_b/hdl/vhdl/lmb_bram_if_funcs.vhd sub00/vhpl20 1392730202
EN xor18 NULL /opt/york/cs/net/xilinx-design-suite-14.3-x86_64-1/14.3/ISE_DS/EDK/hw/XilinxProcessorIPLib/pcores/lmb_bram_if_cntlr_v3_10_b/hdl/vhdl/xor18.vhd sub00/vhpl02 1392730184
AR pselect_mask imp /opt/york/cs/net/xilinx-design-suite-14.3-x86_64-1/14.3/ISE_DS/EDK/hw/XilinxProcessorIPLib/pcores/lmb_bram_if_cntlr_v3_10_b/hdl/vhdl/pselect_mask.vhd sub00/vhpl09 1392730191
AR pselect imp /opt/york/cs/net/xilinx-design-suite-14.3-x86_64-1/14.3/ISE_DS/EDK/hw/XilinxProcessorIPLib/pcores/lmb_bram_if_cntlr_v3_10_b/hdl/vhdl/pselect.vhd sub00/vhpl01 1392730183
