AR axi_interface imp /opt/york/cs/net/xilinx-design-suite-14.3-x86_64-1/14.3/ISE_DS/EDK/hw/XilinxProcessorIPLib/pcores/lmb_bram_if_cntlr_v3_10_b/hdl/vhdl/axi_interface.vhd sub00/vhpl19 1392731411
EN lmb_mux NULL /opt/york/cs/net/xilinx-design-suite-14.3-x86_64-1/14.3/ISE_DS/EDK/hw/XilinxProcessorIPLib/pcores/lmb_bram_if_cntlr_v3_10_b/hdl/vhdl/lmb_mux.vhd sub00/vhpl10 1392731402
AR parityenable imp /opt/york/cs/net/xilinx-design-suite-14.3-x86_64-1/14.3/ISE_DS/EDK/hw/XilinxProcessorIPLib/pcores/lmb_bram_if_cntlr_v3_10_b/hdl/vhdl/parityenable.vhd sub00/vhpl07 1392731399
EN parityenable NULL /opt/york/cs/net/xilinx-design-suite-14.3-x86_64-1/14.3/ISE_DS/EDK/hw/XilinxProcessorIPLib/pcores/lmb_bram_if_cntlr_v3_10_b/hdl/vhdl/parityenable.vhd sub00/vhpl06 1392731398
PB lmb_bram_if_funcs lmb_bram_if_funcs /opt/york/cs/net/xilinx-design-suite-14.3-x86_64-1/14.3/ISE_DS/EDK/hw/XilinxProcessorIPLib/pcores/lmb_bram_if_cntlr_v3_10_b/hdl/vhdl/lmb_bram_if_funcs.vhd sub00/vhpl21 1392731413
EN plb_interface NULL /opt/york/cs/net/xilinx-design-suite-14.3-x86_64-1/14.3/ISE_DS/EDK/hw/XilinxProcessorIPLib/pcores/lmb_bram_if_cntlr_v3_10_b/hdl/vhdl/plb_interface.vhd sub00/vhpl16 1392731408
EN pselect_mask NULL /opt/york/cs/net/xilinx-design-suite-14.3-x86_64-1/14.3/ISE_DS/EDK/hw/XilinxProcessorIPLib/pcores/lmb_bram_if_cntlr_v3_10_b/hdl/vhdl/pselect_mask.vhd sub00/vhpl08 1392731400
AR parity imp /opt/york/cs/net/xilinx-design-suite-14.3-x86_64-1/14.3/ISE_DS/EDK/hw/XilinxProcessorIPLib/pcores/lmb_bram_if_cntlr_v3_10_b/hdl/vhdl/parity.vhd sub00/vhpl05 1392731397
AR checkbit_handler imp /opt/york/cs/net/xilinx-design-suite-14.3-x86_64-1/14.3/ISE_DS/EDK/hw/XilinxProcessorIPLib/pcores/lmb_bram_if_cntlr_v3_10_b/hdl/vhdl/checkbit_handler.vhd sub00/vhpl13 1392731405
EN correct_one_bit NULL /opt/york/cs/net/xilinx-design-suite-14.3-x86_64-1/14.3/ISE_DS/EDK/hw/XilinxProcessorIPLib/pcores/lmb_bram_if_cntlr_v3_10_b/hdl/vhdl/correct_one_bit.vhd sub00/vhpl14 1392731406
AR plb_interface imp /opt/york/cs/net/xilinx-design-suite-14.3-x86_64-1/14.3/ISE_DS/EDK/hw/XilinxProcessorIPLib/pcores/lmb_bram_if_cntlr_v3_10_b/hdl/vhdl/plb_interface.vhd sub00/vhpl17 1392731409
EN lmb_bram_if_cntlr NULL /opt/york/cs/net/xilinx-design-suite-14.3-x86_64-1/14.3/ISE_DS/EDK/hw/XilinxProcessorIPLib/pcores/lmb_bram_if_cntlr_v3_10_b/hdl/vhdl/lmb_bram_if_cntlr.vhd sub00/vhpl22 1392731414
EN axi_interface NULL /opt/york/cs/net/xilinx-design-suite-14.3-x86_64-1/14.3/ISE_DS/EDK/hw/XilinxProcessorIPLib/pcores/lmb_bram_if_cntlr_v3_10_b/hdl/vhdl/axi_interface.vhd sub00/vhpl18 1392731410
AR lmb_mux imp /opt/york/cs/net/xilinx-design-suite-14.3-x86_64-1/14.3/ISE_DS/EDK/hw/XilinxProcessorIPLib/pcores/lmb_bram_if_cntlr_v3_10_b/hdl/vhdl/lmb_mux.vhd sub00/vhpl11 1392731403
AR correct_one_bit imp /opt/york/cs/net/xilinx-design-suite-14.3-x86_64-1/14.3/ISE_DS/EDK/hw/XilinxProcessorIPLib/pcores/lmb_bram_if_cntlr_v3_10_b/hdl/vhdl/correct_one_bit.vhd sub00/vhpl15 1392731407
AR xor18 imp /opt/york/cs/net/xilinx-design-suite-14.3-x86_64-1/14.3/ISE_DS/EDK/hw/XilinxProcessorIPLib/pcores/lmb_bram_if_cntlr_v3_10_b/hdl/vhdl/xor18.vhd sub00/vhpl03 1392731395
EN checkbit_handler NULL /opt/york/cs/net/xilinx-design-suite-14.3-x86_64-1/14.3/ISE_DS/EDK/hw/XilinxProcessorIPLib/pcores/lmb_bram_if_cntlr_v3_10_b/hdl/vhdl/checkbit_handler.vhd sub00/vhpl12 1392731404
EN parity NULL /opt/york/cs/net/xilinx-design-suite-14.3-x86_64-1/14.3/ISE_DS/EDK/hw/XilinxProcessorIPLib/pcores/lmb_bram_if_cntlr_v3_10_b/hdl/vhdl/parity.vhd sub00/vhpl04 1392731396
EN pselect NULL /opt/york/cs/net/xilinx-design-suite-14.3-x86_64-1/14.3/ISE_DS/EDK/hw/XilinxProcessorIPLib/pcores/lmb_bram_if_cntlr_v3_10_b/hdl/vhdl/pselect.vhd sub00/vhpl00 1392731392
AR lmb_bram_if_cntlr imp /opt/york/cs/net/xilinx-design-suite-14.3-x86_64-1/14.3/ISE_DS/EDK/hw/XilinxProcessorIPLib/pcores/lmb_bram_if_cntlr_v3_10_b/hdl/vhdl/lmb_bram_if_cntlr.vhd sub00/vhpl23 1392731415
PH lmb_bram_if_funcs NULL /opt/york/cs/net/xilinx-design-suite-14.3-x86_64-1/14.3/ISE_DS/EDK/hw/XilinxProcessorIPLib/pcores/lmb_bram_if_cntlr_v3_10_b/hdl/vhdl/lmb_bram_if_funcs.vhd sub00/vhpl20 1392731412
EN xor18 NULL /opt/york/cs/net/xilinx-design-suite-14.3-x86_64-1/14.3/ISE_DS/EDK/hw/XilinxProcessorIPLib/pcores/lmb_bram_if_cntlr_v3_10_b/hdl/vhdl/xor18.vhd sub00/vhpl02 1392731394
AR pselect_mask imp /opt/york/cs/net/xilinx-design-suite-14.3-x86_64-1/14.3/ISE_DS/EDK/hw/XilinxProcessorIPLib/pcores/lmb_bram_if_cntlr_v3_10_b/hdl/vhdl/pselect_mask.vhd sub00/vhpl09 1392731401
AR pselect imp /opt/york/cs/net/xilinx-design-suite-14.3-x86_64-1/14.3/ISE_DS/EDK/hw/XilinxProcessorIPLib/pcores/lmb_bram_if_cntlr_v3_10_b/hdl/vhdl/pselect.vhd sub00/vhpl01 1392731393
