AR system_xps_timer_0_wrapper structure /usr/userfs/d/drm511/embs/spr/prac2/synthesis/parallel_run/hdl/system_xps_timer_0_wrapper.vhd sub00/vhpl01 1392731731
EN system_xps_timer_0_wrapper NULL /usr/userfs/d/drm511/embs/spr/prac2/synthesis/parallel_run/hdl/system_xps_timer_0_wrapper.vhd sub00/vhpl00 1392731730
