EN system_clock_generator_0_wrapper NULL /usr/userfs/d/drm511/embs/spr/prac1/synthesis/parallel_run/hdl/system_clock_generator_0_wrapper.vhd sub00/vhpl00 1392730444
AR system_clock_generator_0_wrapper structure /usr/userfs/d/drm511/embs/spr/prac1/synthesis/parallel_run/hdl/system_clock_generator_0_wrapper.vhd sub00/vhpl01 1392730445
