V3 269
FL $XILINX/hw/XilinxProcessorIPLib/pcores/mpmc_v6_06_a/hdl/vhdl/MemXLib_arch.vhd 2012/10/02.11:15:19 P.40xd
EN mpmc_v6_06_a/dp_ram 1392730410 \
      FL $XILINX/hw/XilinxProcessorIPLib/pcores/mpmc_v6_06_a/hdl/vhdl/MemXLib_arch.vhd \
      PB ieee/std_logic_1164 1350103243 PB ieee/STD_LOGIC_UNSIGNED 1350103247 \
      PB ieee/std_logic_arith 1350103244 PB mpmc_v6_06_a/memxlib_utils 1392730331
AR mpmc_v6_06_a/dp_ram/rtl 1392730411 \
      FL $XILINX/hw/XilinxProcessorIPLib/pcores/mpmc_v6_06_a/hdl/vhdl/MemXLib_arch.vhd \
      EN mpmc_v6_06_a/dp_ram 1392730410
EN mpmc_v6_06_a/sp_ram 1392730412 \
      FL $XILINX/hw/XilinxProcessorIPLib/pcores/mpmc_v6_06_a/hdl/vhdl/MemXLib_arch.vhd \
      PB ieee/std_logic_1164 1350103243 PB ieee/STD_LOGIC_UNSIGNED 1350103247 \
      PB mpmc_v6_06_a/memxlib_utils 1392730331
AR mpmc_v6_06_a/sp_ram/rtl 1392730413 \
      FL $XILINX/hw/XilinxProcessorIPLib/pcores/mpmc_v6_06_a/hdl/vhdl/MemXLib_arch.vhd \
      EN mpmc_v6_06_a/sp_ram 1392730412
EN mpmc_v6_06_a/synch_fifo 1392730414 \
      FL $XILINX/hw/XilinxProcessorIPLib/pcores/mpmc_v6_06_a/hdl/vhdl/MemXLib_arch.vhd \
      PB ieee/std_logic_1164 1350103243 PB ieee/STD_LOGIC_UNSIGNED 1350103247 \
      PB ieee/std_logic_arith 1350103244 PB mpmc_v6_06_a/memxlib_utils 1392730331
AR mpmc_v6_06_a/synch_fifo/rtl 1392730415 \
      FL $XILINX/hw/XilinxProcessorIPLib/pcores/mpmc_v6_06_a/hdl/vhdl/MemXLib_arch.vhd \
      EN mpmc_v6_06_a/synch_fifo 1392730414 AR mpmc_v6_06_a/dp_ram/rtl 1392730411
EN mpmc_v6_06_a/ObjFifo_cons_ctl 1392730416 \
      FL $XILINX/hw/XilinxProcessorIPLib/pcores/mpmc_v6_06_a/hdl/vhdl/MemXLib_arch.vhd \
      PB ieee/std_logic_1164 1350103243 PB ieee/std_logic_arith 1350103244 \
      PB ieee/STD_LOGIC_UNSIGNED 1350103247 PB mpmc_v6_06_a/memxlib_utils 1392730331
AR mpmc_v6_06_a/ObjFifo_cons_ctl/structure 1392730417 \
      FL $XILINX/hw/XilinxProcessorIPLib/pcores/mpmc_v6_06_a/hdl/vhdl/MemXLib_arch.vhd \
      EN mpmc_v6_06_a/ObjFifo_cons_ctl 1392730416
EN mpmc_v6_06_a/ObjFifo_prod_ctl 1392730418 \
      FL $XILINX/hw/XilinxProcessorIPLib/pcores/mpmc_v6_06_a/hdl/vhdl/MemXLib_arch.vhd \
      PB ieee/std_logic_1164 1350103243 PB ieee/std_logic_arith 1350103244 \
      PB ieee/STD_LOGIC_UNSIGNED 1350103247 PB mpmc_v6_06_a/memxlib_utils 1392730331
AR mpmc_v6_06_a/ObjFifo_prod_ctl/structure 1392730419 \
      FL $XILINX/hw/XilinxProcessorIPLib/pcores/mpmc_v6_06_a/hdl/vhdl/MemXLib_arch.vhd \
      EN mpmc_v6_06_a/ObjFifo_prod_ctl 1392730418
EN mpmc_v6_06_a/ObjFifo 1392730420 \
      FL $XILINX/hw/XilinxProcessorIPLib/pcores/mpmc_v6_06_a/hdl/vhdl/MemXLib_arch.vhd \
      PB ieee/std_logic_1164 1350103243 PB ieee/std_logic_arith 1350103244 \
      PB mpmc_v6_06_a/memxlib_utils 1392730331
AR mpmc_v6_06_a/ObjFifo/structure 1392730421 \
      FL $XILINX/hw/XilinxProcessorIPLib/pcores/mpmc_v6_06_a/hdl/vhdl/MemXLib_arch.vhd \
      EN mpmc_v6_06_a/ObjFifo 1392730420 AR mpmc_v6_06_a/dp_ram/rtl 1392730411 \
      AR mpmc_v6_06_a/ObjFifo_prod_ctl/structure 1392730419 \
      AR mpmc_v6_06_a/ObjFifo_cons_ctl/structure 1392730417
EN mpmc_v6_06_a/dp_ram_async 1392730422 \
      FL $XILINX/hw/XilinxProcessorIPLib/pcores/mpmc_v6_06_a/hdl/vhdl/MemXLib_arch.vhd \
      PB ieee/std_logic_1164 1350103243 PB ieee/STD_LOGIC_UNSIGNED 1350103247 \
      PB ieee/std_logic_arith 1350103244 PB mpmc_v6_06_a/memxlib_utils 1392730331
AR mpmc_v6_06_a/dp_ram_async/rtl 1392730423 \
      FL $XILINX/hw/XilinxProcessorIPLib/pcores/mpmc_v6_06_a/hdl/vhdl/MemXLib_arch.vhd \
      EN mpmc_v6_06_a/dp_ram_async 1392730422
EN mpmc_v6_06_a/ObjFifoAsync 1392730424 \
      FL $XILINX/hw/XilinxProcessorIPLib/pcores/mpmc_v6_06_a/hdl/vhdl/MemXLib_arch.vhd \
      PB ieee/std_logic_1164 1350103243 PB ieee/std_logic_arith 1350103244 \
      PB mpmc_v6_06_a/memxlib_utils 1392730331
AR mpmc_v6_06_a/ObjFifoAsync/structure 1392730425 \
      FL $XILINX/hw/XilinxProcessorIPLib/pcores/mpmc_v6_06_a/hdl/vhdl/MemXLib_arch.vhd \
      EN mpmc_v6_06_a/ObjFifoAsync 1392730424 AR mpmc_v6_06_a/dp_ram_async/rtl 1392730423 \
      AR mpmc_v6_06_a/ObjFifo_prod_ctl/structure 1392730419 \
      AR mpmc_v6_06_a/ObjFifo_cons_ctl/structure 1392730417
EN mpmc_v6_06_a/async_fifo 1392730426 \
      FL $XILINX/hw/XilinxProcessorIPLib/pcores/mpmc_v6_06_a/hdl/vhdl/MemXLib_arch.vhd \
      PB ieee/std_logic_1164 1350103243 PB ieee/STD_LOGIC_UNSIGNED 1350103247 \
      PB ieee/std_logic_arith 1350103244 PB mpmc_v6_06_a/memxlib_utils 1392730331
AR mpmc_v6_06_a/async_fifo/rtl 1392730427 \
      FL $XILINX/hw/XilinxProcessorIPLib/pcores/mpmc_v6_06_a/hdl/vhdl/MemXLib_arch.vhd \
      EN mpmc_v6_06_a/async_fifo 1392730426 AR mpmc_v6_06_a/dp_ram_async/rtl 1392730423
FL $XILINX/hw/XilinxProcessorIPLib/pcores/mpmc_v6_06_a/hdl/vhdl/MemXLib_utils.vhd 2012/10/02.11:15:19 P.40xd
PH mpmc_v6_06_a/memxlib_utils 1392730330 \
      FL $XILINX/hw/XilinxProcessorIPLib/pcores/mpmc_v6_06_a/hdl/vhdl/MemXLib_utils.vhd \
      PB ieee/std_logic_1164 1350103243 PB ieee/std_logic_arith 1350103244 \
      PB ieee/STD_LOGIC_SIGNED 1350103246
PB mpmc_v6_06_a/memxlib_utils 1392730331 \
      FL $XILINX/hw/XilinxProcessorIPLib/pcores/mpmc_v6_06_a/hdl/vhdl/MemXLib_utils.vhd \
      PH mpmc_v6_06_a/memxlib_utils 1392730330
FL $XILINX/hw/XilinxProcessorIPLib/pcores/mpmc_v6_06_a/hdl/vhdl/mpmc_ctrl_if.vhd 2012/10/02.11:15:19 P.40xd
EN mpmc_v6_06_a/mpmc_ctrl_if 1392730536 \
      FL $XILINX/hw/XilinxProcessorIPLib/pcores/mpmc_v6_06_a/hdl/vhdl/mpmc_ctrl_if.vhd \
      PB ieee/std_logic_1164 1350103243 PB ieee/std_logic_arith 1350103244 \
      PB ieee/STD_LOGIC_UNSIGNED 1350103247 LB proc_common_v3_00_a \
      LB plbv46_slave_single_v1_01_a PB proc_common_v3_00_a/proc_common_pkg 1392730292 \
      PB proc_common_v3_00_a/ipif_pkg 1392730409 \
      EN plbv46_slave_single_v1_01_a/plbv46_slave_single 1392730520
AR mpmc_v6_06_a/mpmc_ctrl_if/IMP 1392730537 \
      FL $XILINX/hw/XilinxProcessorIPLib/pcores/mpmc_v6_06_a/hdl/vhdl/mpmc_ctrl_if.vhd \
      EN mpmc_v6_06_a/mpmc_ctrl_if 1392730536 \
      CP plbv46_slave_single_v1_01_a/plbv46_slave_single CP mpmc_ctrl_logic
FL $XILINX/hw/XilinxProcessorIPLib/pcores/mpmc_v6_06_a/hdl/vhdl/ObjFifoAsyncDiffW.vhd 2012/10/02.11:15:19 P.40xd
EN mpmc_v6_06_a/ObjFifo_cons_ctl_async 1392730486 \
      FL $XILINX/hw/XilinxProcessorIPLib/pcores/mpmc_v6_06_a/hdl/vhdl/ObjFifoAsyncDiffW.vhd \
      PB ieee/std_logic_1164 1350103243 PB ieee/std_logic_arith 1350103244 \
      PB ieee/STD_LOGIC_UNSIGNED 1350103247 PB mpmc_v6_06_a/memxlib_utils 1392730331
AR mpmc_v6_06_a/ObjFifo_cons_ctl_async/structure 1392730487 \
      FL $XILINX/hw/XilinxProcessorIPLib/pcores/mpmc_v6_06_a/hdl/vhdl/ObjFifoAsyncDiffW.vhd \
      EN mpmc_v6_06_a/ObjFifo_cons_ctl_async 1392730486
EN mpmc_v6_06_a/ObjFifo_prod_ctl_async 1392730488 \
      FL $XILINX/hw/XilinxProcessorIPLib/pcores/mpmc_v6_06_a/hdl/vhdl/ObjFifoAsyncDiffW.vhd \
      PB ieee/std_logic_1164 1350103243 PB ieee/std_logic_arith 1350103244 \
      PB ieee/STD_LOGIC_UNSIGNED 1350103247 PB mpmc_v6_06_a/memxlib_utils 1392730331
AR mpmc_v6_06_a/ObjFifo_prod_ctl_async/structure 1392730489 \
      FL $XILINX/hw/XilinxProcessorIPLib/pcores/mpmc_v6_06_a/hdl/vhdl/ObjFifoAsyncDiffW.vhd \
      EN mpmc_v6_06_a/ObjFifo_prod_ctl_async 1392730488
EN mpmc_v6_06_a/ObjFifoAsyncDiffW 1392730490 \
      FL $XILINX/hw/XilinxProcessorIPLib/pcores/mpmc_v6_06_a/hdl/vhdl/ObjFifoAsyncDiffW.vhd \
      PB ieee/std_logic_1164 1350103243 PB ieee/std_logic_arith 1350103244 \
      PB ieee/STD_LOGIC_UNSIGNED 1350103247 PB mpmc_v6_06_a/memxlib_utils 1392730331
AR mpmc_v6_06_a/ObjFifoAsyncDiffW/rtl 1392730491 \
      FL $XILINX/hw/XilinxProcessorIPLib/pcores/mpmc_v6_06_a/hdl/vhdl/ObjFifoAsyncDiffW.vhd \
      EN mpmc_v6_06_a/ObjFifoAsyncDiffW 1392730490 \
      AR mpmc_v6_06_a/dp_ram_async_diffw/ramb 1392730439 \
      CP mpmc_v6_06_a/ObjFifo_prod_ctl_async \
      AR mpmc_v6_06_a/ObjFifo_cons_ctl_async/structure 1392730487
FL $XILINX/hw/XilinxProcessorIPLib/pcores/mpmc_v6_06_a/hdl/vhdl/plbv46_address_decoder.vhd 2012/10/02.11:15:19 P.40xd
EN mpmc_v6_06_a/plbv46_address_decoder 1392730502 \
      FL $XILINX/hw/XilinxProcessorIPLib/pcores/mpmc_v6_06_a/hdl/vhdl/plbv46_address_decoder.vhd \
      PB ieee/std_logic_1164 1350103243 PB ieee/NUMERIC_STD 1350103249 LB unisim \
      PH unisim/VCOMPONENTS 1350103252 LB mpmc_v6_06_a
AR mpmc_v6_06_a/plbv46_address_decoder/RTL 1392730503 \
      FL $XILINX/hw/XilinxProcessorIPLib/pcores/mpmc_v6_06_a/hdl/vhdl/plbv46_address_decoder.vhd \
      EN mpmc_v6_06_a/plbv46_address_decoder 1392730502 \
      CP mpmc_v6_06_a/plbv46_sample_cycle CP std_logic_vector CP std_logic \
      CP unsigned CP integer
FL $XILINX/hw/XilinxProcessorIPLib/pcores/mpmc_v6_06_a/hdl/vhdl/plbv46_address_decoder_dsplb.vhd 2012/10/02.11:15:19 P.40xd
EN mpmc_v6_06_a/plbv46_address_decoder_dsplb 1392730508 \
      FL $XILINX/hw/XilinxProcessorIPLib/pcores/mpmc_v6_06_a/hdl/vhdl/plbv46_address_decoder_dsplb.vhd \
      PB ieee/std_logic_1164 1350103243 PB ieee/NUMERIC_STD 1350103249 LB unisim \
      PH unisim/VCOMPONENTS 1350103252 LB mpmc_v6_06_a
AR mpmc_v6_06_a/plbv46_address_decoder_dsplb/RTL 1392730509 \
      FL $XILINX/hw/XilinxProcessorIPLib/pcores/mpmc_v6_06_a/hdl/vhdl/plbv46_address_decoder_dsplb.vhd \
      EN mpmc_v6_06_a/plbv46_address_decoder_dsplb 1392730508 \
      CP mpmc_v6_06_a/plbv46_sample_cycle CP std_logic_vector CP unsigned \
      CP integer
FL $XILINX/hw/XilinxProcessorIPLib/pcores/mpmc_v6_06_a/hdl/vhdl/plbv46_address_decoder_isplb.vhd 2012/10/02.11:15:19 P.40xd
EN mpmc_v6_06_a/plbv46_address_decoder_isplb 1392730512 \
      FL $XILINX/hw/XilinxProcessorIPLib/pcores/mpmc_v6_06_a/hdl/vhdl/plbv46_address_decoder_isplb.vhd \
      PB ieee/std_logic_1164 1350103243 PB ieee/NUMERIC_STD 1350103249 LB unisim \
      PH unisim/VCOMPONENTS 1350103252 LB mpmc_v6_06_a
AR mpmc_v6_06_a/plbv46_address_decoder_isplb/RTL 1392730513 \
      FL $XILINX/hw/XilinxProcessorIPLib/pcores/mpmc_v6_06_a/hdl/vhdl/plbv46_address_decoder_isplb.vhd \
      EN mpmc_v6_06_a/plbv46_address_decoder_isplb 1392730512 \
      CP mpmc_v6_06_a/plbv46_sample_cycle CP std_logic_vector CP unsigned \
      CP integer
FL $XILINX/hw/XilinxProcessorIPLib/pcores/mpmc_v6_06_a/hdl/vhdl/plbv46_address_decoder_single.vhd 2012/10/02.11:15:19 P.40xd
EN mpmc_v6_06_a/plbv46_address_decoder_single 1392730516 \
      FL $XILINX/hw/XilinxProcessorIPLib/pcores/mpmc_v6_06_a/hdl/vhdl/plbv46_address_decoder_single.vhd \
      PB ieee/std_logic_1164 1350103243 PB ieee/NUMERIC_STD 1350103249 LB unisim \
      PH unisim/VCOMPONENTS 1350103252 LB mpmc_v6_06_a
AR mpmc_v6_06_a/plbv46_address_decoder_single/RTL 1392730517 \
      FL $XILINX/hw/XilinxProcessorIPLib/pcores/mpmc_v6_06_a/hdl/vhdl/plbv46_address_decoder_single.vhd \
      EN mpmc_v6_06_a/plbv46_address_decoder_single 1392730516 \
      CP mpmc_v6_06_a/plbv46_sample_cycle CP std_logic_vector CP std_logic \
      CP unsigned
FL $XILINX/hw/XilinxProcessorIPLib/pcores/mpmc_v6_06_a/hdl/vhdl/plbv46_data_steer_mirror.vhd 2012/10/02.11:15:19 P.40xd
EN mpmc_v6_06_a/plbv46_data_steer_mirror 1392730440 \
      FL $XILINX/hw/XilinxProcessorIPLib/pcores/mpmc_v6_06_a/hdl/vhdl/plbv46_data_steer_mirror.vhd \
      PB ieee/std_logic_1164 1350103243 PB ieee/NUMERIC_STD 1350103249 LB unisim
AR mpmc_v6_06_a/plbv46_data_steer_mirror/implementation 1392730441 \
      FL $XILINX/hw/XilinxProcessorIPLib/pcores/mpmc_v6_06_a/hdl/vhdl/plbv46_data_steer_mirror.vhd \
      EN mpmc_v6_06_a/plbv46_data_steer_mirror 1392730440 CP std_logic_vector
FL $XILINX/hw/XilinxProcessorIPLib/pcores/mpmc_v6_06_a/hdl/vhdl/plbv46_pim.vhd 2012/10/02.11:15:19 P.40xd
EN mpmc_v6_06_a/plbv46_pim 1392730530 \
      FL $XILINX/hw/XilinxProcessorIPLib/pcores/mpmc_v6_06_a/hdl/vhdl/plbv46_pim.vhd \
      PB ieee/std_logic_1164 1350103243 PB ieee/std_logic_arith 1350103244 \
      LB unisim PH unisim/VCOMPONENTS 1350103252 LB mpmc_v6_06_a
AR mpmc_v6_06_a/plbv46_pim/rtl_pim 1392730531 \
      FL $XILINX/hw/XilinxProcessorIPLib/pcores/mpmc_v6_06_a/hdl/vhdl/plbv46_pim.vhd \
      EN mpmc_v6_06_a/plbv46_pim 1392730530 CP std_logic CP std_logic_vector \
      CP mpmc_v6_06_a/plbv46_address_decoder CP mpmc_v6_06_a/plbv46_write_module \
      CP mpmc_v6_06_a/plbv46_rd_support CP integer \
      CP mpmc_v6_06_a/plbv46_address_decoder_dsplb \
      CP mpmc_v6_06_a/plbv46_rd_support_dsplb \
      CP mpmc_v6_06_a/plbv46_address_decoder_isplb \
      CP mpmc_v6_06_a/plbv46_rd_support_isplb \
      CP mpmc_v6_06_a/plbv46_address_decoder_single \
      CP mpmc_v6_06_a/plbv46_rd_support_single
FL $XILINX/hw/XilinxProcessorIPLib/pcores/mpmc_v6_06_a/hdl/vhdl/plbv46_pim_wrapper.vhd 2012/10/02.11:15:19 P.40xd
EN mpmc_v6_06_a/plbv46_pim_wrapper 1392730542 \
      FL $XILINX/hw/XilinxProcessorIPLib/pcores/mpmc_v6_06_a/hdl/vhdl/plbv46_pim_wrapper.vhd \
      PB ieee/std_logic_1164 1350103243 PB ieee/std_logic_arith 1350103244 \
      LB unisim PH unisim/VCOMPONENTS 1350103252 LB mpmc_v6_06_a
AR mpmc_v6_06_a/plbv46_pim_wrapper/rtl_pim 1392730543 \
      FL $XILINX/hw/XilinxProcessorIPLib/pcores/mpmc_v6_06_a/hdl/vhdl/plbv46_pim_wrapper.vhd \
      EN mpmc_v6_06_a/plbv46_pim_wrapper 1392730542 CP mpmc_v6_06_a/plbv46_pim
FL $XILINX/hw/XilinxProcessorIPLib/pcores/mpmc_v6_06_a/hdl/vhdl/plbv46_rd_support.vhd 2012/10/02.11:15:19 P.40xd
EN mpmc_v6_06_a/plbv46_rd_support 1392730506 \
      FL $XILINX/hw/XilinxProcessorIPLib/pcores/mpmc_v6_06_a/hdl/vhdl/plbv46_rd_support.vhd \
      PB ieee/std_logic_1164 1350103243 PB ieee/NUMERIC_STD 1350103249 \
      PB ieee/STD_LOGIC_UNSIGNED 1350103247 PB ieee/std_logic_arith 1350103244 \
      LB proc_common_v3_00_a LB mpmc_v6_06_a LB unisim PH unisim/VCOMPONENTS 1350103252 \
      EN proc_common_v3_00_a/srl_fifo_f 1392730396 \
      EN mpmc_v6_06_a/plbv46_data_steer_mirror 1392730440
AR mpmc_v6_06_a/plbv46_rd_support/implementation 1392730507 \
      FL $XILINX/hw/XilinxProcessorIPLib/pcores/mpmc_v6_06_a/hdl/vhdl/plbv46_rd_support.vhd \
      EN mpmc_v6_06_a/plbv46_rd_support 1392730506 CP integer CP std_logic_vector \
      CP std_logic CP XFER_WIDTH_TYPE CP mpmc_v6_06_a/plbv46_data_steer_mirror \
      CP proc_common_v3_00_a/srl_fifo_f
FL $XILINX/hw/XilinxProcessorIPLib/pcores/mpmc_v6_06_a/hdl/vhdl/plbv46_rd_support_dsplb.vhd 2012/10/02.11:15:19 P.40xd
EN mpmc_v6_06_a/plbv46_rd_support_dsplb 1392730510 \
      FL $XILINX/hw/XilinxProcessorIPLib/pcores/mpmc_v6_06_a/hdl/vhdl/plbv46_rd_support_dsplb.vhd \
      PB ieee/std_logic_1164 1350103243 PB ieee/NUMERIC_STD 1350103249 \
      PB ieee/STD_LOGIC_UNSIGNED 1350103247 PB ieee/std_logic_arith 1350103244 \
      LB proc_common_v3_00_a LB mpmc_v6_06_a LB unisim PH unisim/VCOMPONENTS 1350103252 \
      EN proc_common_v3_00_a/srl_fifo_f 1392730396 \
      EN mpmc_v6_06_a/plbv46_data_steer_mirror 1392730440
AR mpmc_v6_06_a/plbv46_rd_support_dsplb/implementation 1392730511 \
      FL $XILINX/hw/XilinxProcessorIPLib/pcores/mpmc_v6_06_a/hdl/vhdl/plbv46_rd_support_dsplb.vhd \
      EN mpmc_v6_06_a/plbv46_rd_support_dsplb 1392730510 CP std_logic \
      CP XFER_WIDTH_TYPE CP mpmc_v6_06_a/plbv46_data_steer_mirror \
      CP proc_common_v3_00_a/srl_fifo_f
FL $XILINX/hw/XilinxProcessorIPLib/pcores/mpmc_v6_06_a/hdl/vhdl/plbv46_rd_support_isplb.vhd 2012/10/02.11:15:19 P.40xd
EN mpmc_v6_06_a/plbv46_rd_support_isplb 1392730514 \
      FL $XILINX/hw/XilinxProcessorIPLib/pcores/mpmc_v6_06_a/hdl/vhdl/plbv46_rd_support_isplb.vhd \
      PB ieee/std_logic_1164 1350103243 PB ieee/NUMERIC_STD 1350103249 \
      PB ieee/STD_LOGIC_UNSIGNED 1350103247 PB ieee/std_logic_arith 1350103244 \
      LB proc_common_v3_00_a LB mpmc_v6_06_a LB unisim PH unisim/VCOMPONENTS 1350103252 \
      EN proc_common_v3_00_a/srl_fifo_f 1392730396 \
      EN mpmc_v6_06_a/plbv46_data_steer_mirror 1392730440
AR mpmc_v6_06_a/plbv46_rd_support_isplb/implementation 1392730515 \
      FL $XILINX/hw/XilinxProcessorIPLib/pcores/mpmc_v6_06_a/hdl/vhdl/plbv46_rd_support_isplb.vhd \
      EN mpmc_v6_06_a/plbv46_rd_support_isplb 1392730514 CP std_logic \
      CP XFER_WIDTH_TYPE CP mpmc_v6_06_a/plbv46_data_steer_mirror \
      CP proc_common_v3_00_a/srl_fifo_f
FL $XILINX/hw/XilinxProcessorIPLib/pcores/mpmc_v6_06_a/hdl/vhdl/plbv46_rd_support_single.vhd 2012/10/02.11:15:19 P.40xd
EN mpmc_v6_06_a/plbv46_rd_support_single 1392730518 \
      FL $XILINX/hw/XilinxProcessorIPLib/pcores/mpmc_v6_06_a/hdl/vhdl/plbv46_rd_support_single.vhd \
      PB ieee/std_logic_1164 1350103243 PB ieee/NUMERIC_STD 1350103249 \
      PB ieee/STD_LOGIC_UNSIGNED 1350103247 PB ieee/std_logic_arith 1350103244 \
      LB mpmc_v6_06_a LB unisim PH unisim/VCOMPONENTS 1350103252 \
      EN mpmc_v6_06_a/plbv46_data_steer_mirror 1392730440
AR mpmc_v6_06_a/plbv46_rd_support_single/implementation 1392730519 \
      FL $XILINX/hw/XilinxProcessorIPLib/pcores/mpmc_v6_06_a/hdl/vhdl/plbv46_rd_support_single.vhd \
      EN mpmc_v6_06_a/plbv46_rd_support_single 1392730518 CP std_logic_vector \
      CP std_logic CP integer CP XFER_WIDTH_TYPE \
      CP mpmc_v6_06_a/plbv46_data_steer_mirror
FL $XILINX/hw/XilinxProcessorIPLib/pcores/mpmc_v6_06_a/hdl/vhdl/plbv46_sample_cycle.vhd 2012/10/02.11:15:19 P.40xd
EN mpmc_v6_06_a/plbv46_sample_cycle 1392730442 \
      FL $XILINX/hw/XilinxProcessorIPLib/pcores/mpmc_v6_06_a/hdl/vhdl/plbv46_sample_cycle.vhd \
      PB ieee/std_logic_1164 1350103243 PB ieee/NUMERIC_STD 1350103249 \
      PB ieee/std_logic_misc 1350103245 LB unisim PH unisim/VCOMPONENTS 1350103252
AR mpmc_v6_06_a/plbv46_sample_cycle/implementation 1392730443 \
      FL $XILINX/hw/XilinxProcessorIPLib/pcores/mpmc_v6_06_a/hdl/vhdl/plbv46_sample_cycle.vhd \
      EN mpmc_v6_06_a/plbv46_sample_cycle 1392730442
FL $XILINX/hw/XilinxProcessorIPLib/pcores/mpmc_v6_06_a/hdl/vhdl/plbv46_write_module.vhd 2012/10/02.11:15:19 P.40xd
EN mpmc_v6_06_a/plbv46_write_module 1392730504 \
      FL $XILINX/hw/XilinxProcessorIPLib/pcores/mpmc_v6_06_a/hdl/vhdl/plbv46_write_module.vhd \
      PB ieee/std_logic_1164 1350103243 PB ieee/NUMERIC_STD 1350103249 \
      PB ieee/std_logic_misc 1350103245 LB proc_common_v3_00_a LB unisim \
      PH unisim/VCOMPONENTS 1350103252 PB proc_common_v3_00_a/proc_common_pkg 1392730292
AR mpmc_v6_06_a/plbv46_write_module/implementation 1392730505 \
      FL $XILINX/hw/XilinxProcessorIPLib/pcores/mpmc_v6_06_a/hdl/vhdl/plbv46_write_module.vhd \
      EN mpmc_v6_06_a/plbv46_write_module 1392730504 CP WRITE_STATE_TYPE \
      CP std_logic CP integer CP std_logic_vector
FL $XILINX/hw/XilinxProcessorIPLib/pcores/mpmc_v6_06_a/hdl/vhdl/PrimXLib_arch.vhd 2012/10/02.11:15:19 P.40xd
EN mpmc_v6_06_a/dp_ram_async_diffw 1392730438 \
      FL $XILINX/hw/XilinxProcessorIPLib/pcores/mpmc_v6_06_a/hdl/vhdl/PrimXLib_arch.vhd \
      PB ieee/std_logic_1164 1350103243 PB ieee/STD_LOGIC_UNSIGNED 1350103247 \
      PB ieee/std_logic_arith 1350103244 LB unisim PH unisim/VCOMPONENTS 1350103252 \
      PB mpmc_v6_06_a/memxlib_utils 1392730331
AR mpmc_v6_06_a/dp_ram_async_diffw/ramb 1392730439 \
      FL $XILINX/hw/XilinxProcessorIPLib/pcores/mpmc_v6_06_a/hdl/vhdl/PrimXLib_arch.vhd \
      EN mpmc_v6_06_a/dp_ram_async_diffw 1392730438 CP ramb16 CP RAMB16_S36_S36 \
      CP RAMB16_S18_S18 CP RAMB16_S18_S36 CP RAMB16_S9_S9 CP RAMB16_S9_S18 \
      CP RAMB16_S9_S36 CP RAMB16_S4_S4 CP RAMB16_S4_S9 CP RAMB16_S4_S18 \
      CP RAMB16_S4_S36 CP RAMB16_S2_S2 CP RAMB16_S2_S4 CP RAMB16_S2_S9 \
      CP RAMB16_S2_S18 CP RAMB16_S2_S36 CP RAMB16_S1_S1 CP RAMB16_S1_S2 \
      CP RAMB16_S1_S4 CP RAMB16_S1_S9 CP RAMB16_S1_S18 CP RAMB16_S1_S36 \
      CP mpmc_v6_06_a/dp_ram_async
FL $XILINX/hw/XilinxProcessorIPLib/pcores/mpmc_v6_06_a/hdl/vhdl/p_vfbc.vhd 2012/10/02.11:15:19 P.40xd
PH mpmc_v6_06_a/p_vfbc 1392730484 \
      FL $XILINX/hw/XilinxProcessorIPLib/pcores/mpmc_v6_06_a/hdl/vhdl/p_vfbc.vhd \
      PB ieee/std_logic_1164 1350103243 PB ieee/STD_LOGIC_UNSIGNED 1350103247 \
      PB ieee/std_logic_arith 1350103244 PB mpmc_v6_06_a/memxlib_utils 1392730331
PB mpmc_v6_06_a/p_vfbc 1392730485 \
      FL $XILINX/hw/XilinxProcessorIPLib/pcores/mpmc_v6_06_a/hdl/vhdl/p_vfbc.vhd \
      PH mpmc_v6_06_a/p_vfbc 1392730484
FL $XILINX/hw/XilinxProcessorIPLib/pcores/mpmc_v6_06_a/hdl/vhdl/sdma.vhd 2012/10/02.11:15:19 P.40xd
EN mpmc_v6_06_a/sdma 1392730532 \
      FL $XILINX/hw/XilinxProcessorIPLib/pcores/mpmc_v6_06_a/hdl/vhdl/sdma.vhd \
      PB ieee/std_logic_1164 1350103243 PB ieee/NUMERIC_STD 1350103249 \
      PB ieee/std_logic_misc 1350103245 LB proc_common_v3_00_a LB unisim \
      PH unisim/VCOMPONENTS 1350103252 LB mpmc_v6_06_a \
      LB plbv46_slave_single_v1_01_a PB proc_common_v3_00_a/proc_common_pkg 1392730292 \
      PB proc_common_v3_00_a/family_support 1392730290 \
      PB proc_common_v3_00_a/ipif_pkg 1392730409 PB mpmc_v6_06_a/sdma_pkg 1392730429
AR mpmc_v6_06_a/sdma/implementation 1392730533 \
      FL $XILINX/hw/XilinxProcessorIPLib/pcores/mpmc_v6_06_a/hdl/vhdl/sdma.vhd \
      EN mpmc_v6_06_a/sdma 1392730532 CP mpmc_v6_06_a/sdma_cntl \
      CP mpmc_v6_06_a/sdma_datapath \
      CP plbv46_slave_single_v1_01_a/plbv46_slave_single
FL $XILINX/hw/XilinxProcessorIPLib/pcores/mpmc_v6_06_a/hdl/vhdl/sdma_address_counter.vhd 2012/10/02.11:15:19 P.40xd
EN mpmc_v6_06_a/sdma_address_counter 1392730448 \
      FL $XILINX/hw/XilinxProcessorIPLib/pcores/mpmc_v6_06_a/hdl/vhdl/sdma_address_counter.vhd \
      PB ieee/std_logic_1164 1350103243 PB ieee/NUMERIC_STD 1350103249 \
      PB ieee/std_logic_misc 1350103245 LB proc_common_v3_00_a LB unisim \
      PH unisim/VCOMPONENTS 1350103252 LB mpmc_v6_06_a \
      PB proc_common_v3_00_a/proc_common_pkg 1392730292 \
      PB proc_common_v3_00_a/family_support 1392730290 \
      PB proc_common_v3_00_a/ipif_pkg 1392730409 PB mpmc_v6_06_a/sdma_pkg 1392730429
AR mpmc_v6_06_a/sdma_address_counter/implementation 1392730449 \
      FL $XILINX/hw/XilinxProcessorIPLib/pcores/mpmc_v6_06_a/hdl/vhdl/sdma_address_counter.vhd \
      EN mpmc_v6_06_a/sdma_address_counter 1392730448
FL $XILINX/hw/XilinxProcessorIPLib/pcores/mpmc_v6_06_a/hdl/vhdl/sdma_addr_arbiter.vhd 2012/10/02.11:15:19 P.40xd
EN mpmc_v6_06_a/sdma_addr_arbiter 1392730464 \
      FL $XILINX/hw/XilinxProcessorIPLib/pcores/mpmc_v6_06_a/hdl/vhdl/sdma_addr_arbiter.vhd \
      PB ieee/std_logic_1164 1350103243 PB ieee/NUMERIC_STD 1350103249 \
      PB ieee/std_logic_misc 1350103245 LB proc_common_v3_00_a LB unisim \
      PH unisim/VCOMPONENTS 1350103252 LB mpmc_v6_06_a \
      PB proc_common_v3_00_a/proc_common_pkg 1392730292 \
      PB proc_common_v3_00_a/family_support 1392730290 \
      PB proc_common_v3_00_a/ipif_pkg 1392730409 PB mpmc_v6_06_a/sdma_pkg 1392730429
AR mpmc_v6_06_a/sdma_addr_arbiter/implementation 1392730465 \
      FL $XILINX/hw/XilinxProcessorIPLib/pcores/mpmc_v6_06_a/hdl/vhdl/sdma_addr_arbiter.vhd \
      EN mpmc_v6_06_a/sdma_addr_arbiter 1392730464
FL $XILINX/hw/XilinxProcessorIPLib/pcores/mpmc_v6_06_a/hdl/vhdl/sdma_channel_status_reg.vhd 2012/10/02.11:15:19 P.40xd
EN mpmc_v6_06_a/sdma_channel_status_reg 1392730446 \
      FL $XILINX/hw/XilinxProcessorIPLib/pcores/mpmc_v6_06_a/hdl/vhdl/sdma_channel_status_reg.vhd \
      PB ieee/std_logic_1164 1350103243 PB ieee/NUMERIC_STD 1350103249 \
      PB ieee/std_logic_misc 1350103245 LB proc_common_v3_00_a LB unisim \
      PH unisim/VCOMPONENTS 1350103252 LB mpmc_v6_06_a \
      PB proc_common_v3_00_a/proc_common_pkg 1392730292 \
      PB proc_common_v3_00_a/family_support 1392730290 \
      PB proc_common_v3_00_a/ipif_pkg 1392730409 PB mpmc_v6_06_a/sdma_pkg 1392730429
AR mpmc_v6_06_a/sdma_channel_status_reg/implementation 1392730447 \
      FL $XILINX/hw/XilinxProcessorIPLib/pcores/mpmc_v6_06_a/hdl/vhdl/sdma_channel_status_reg.vhd \
      EN mpmc_v6_06_a/sdma_channel_status_reg 1392730446
FL $XILINX/hw/XilinxProcessorIPLib/pcores/mpmc_v6_06_a/hdl/vhdl/sdma_cntl.vhd 2012/10/02.11:15:19 P.40xd
EN mpmc_v6_06_a/sdma_cntl 1392730522 \
      FL $XILINX/hw/XilinxProcessorIPLib/pcores/mpmc_v6_06_a/hdl/vhdl/sdma_cntl.vhd \
      PB ieee/std_logic_1164 1350103243 PB ieee/NUMERIC_STD 1350103249 \
      PB ieee/std_logic_misc 1350103245 LB proc_common_v3_00_a LB unisim \
      PH unisim/VCOMPONENTS 1350103252 LB mpmc_v6_06_a \
      PB proc_common_v3_00_a/proc_common_pkg 1392730292 \
      PB proc_common_v3_00_a/family_support 1392730290 \
      PB proc_common_v3_00_a/ipif_pkg 1392730409 PB mpmc_v6_06_a/sdma_pkg 1392730429
AR mpmc_v6_06_a/sdma_cntl/implementation 1392730523 \
      FL $XILINX/hw/XilinxProcessorIPLib/pcores/mpmc_v6_06_a/hdl/vhdl/sdma_cntl.vhd \
      EN mpmc_v6_06_a/sdma_cntl 1392730522 CP mpmc_v6_06_a/sdma_ipic_if \
      CP mpmc_v6_06_a/sdma_interrupt_register \
      CP mpmc_v6_06_a/sdma_dmac_regfile_arb CP mpmc_v6_06_a/sdma_read_data_delay \
      CP mpmc_v6_06_a/sdma_addr_arbiter CP mpmc_v6_06_a/sdma_port_arbiter \
      CP mpmc_v6_06_a/sdma_tx_write_handler CP mpmc_v6_06_a/sdma_tx_read_handler \
      CP mpmc_v6_06_a/sdma_tx_port_controller CP mpmc_v6_06_a/sdma_tx_rx_state \
      CP mpmc_v6_06_a/sdma_rx_write_handler CP mpmc_v6_06_a/sdma_rx_read_handler \
      CP mpmc_v6_06_a/sdma_rx_port_controller
FL $XILINX/hw/XilinxProcessorIPLib/pcores/mpmc_v6_06_a/hdl/vhdl/sdma_datapath.vhd 2012/10/02.11:15:19 P.40xd
EN mpmc_v6_06_a/sdma_datapath 1392730524 \
      FL $XILINX/hw/XilinxProcessorIPLib/pcores/mpmc_v6_06_a/hdl/vhdl/sdma_datapath.vhd \
      PB ieee/std_logic_1164 1350103243 PB ieee/NUMERIC_STD 1350103249 \
      PB ieee/std_logic_misc 1350103245 LB proc_common_v3_00_a LB unisim \
      PH unisim/VCOMPONENTS 1350103252 LB mpmc_v6_06_a \
      PB proc_common_v3_00_a/proc_common_pkg 1392730292 \
      PB proc_common_v3_00_a/family_support 1392730290 \
      PB proc_common_v3_00_a/ipif_pkg 1392730409 PB mpmc_v6_06_a/sdma_pkg 1392730429
AR mpmc_v6_06_a/sdma_datapath/implementation 1392730525 \
      FL $XILINX/hw/XilinxProcessorIPLib/pcores/mpmc_v6_06_a/hdl/vhdl/sdma_datapath.vhd \
      EN mpmc_v6_06_a/sdma_datapath 1392730524 CP RAM16X1S \
      CP mpmc_v6_06_a/sdma_reset_module CP mpmc_v6_06_a/sdma_channel_status_reg \
      CP mpmc_v6_06_a/sdma_address_counter CP mpmc_v6_06_a/sdma_length_counter \
      CP mpmc_v6_06_a/sdma_tx_byte_shifter CP mpmc_v6_06_a/sdma_RX_Byte_Shifter
FL $XILINX/hw/XilinxProcessorIPLib/pcores/mpmc_v6_06_a/hdl/vhdl/sdma_dmac_regfile_arb.vhd 2012/10/02.11:15:19 P.40xd
EN mpmc_v6_06_a/sdma_dmac_regfile_arb 1392730460 \
      FL $XILINX/hw/XilinxProcessorIPLib/pcores/mpmc_v6_06_a/hdl/vhdl/sdma_dmac_regfile_arb.vhd \
      PB ieee/std_logic_1164 1350103243 PB ieee/NUMERIC_STD 1350103249 \
      PB ieee/std_logic_misc 1350103245 LB proc_common_v3_00_a LB unisim \
      PH unisim/VCOMPONENTS 1350103252 LB mpmc_v6_06_a \
      PB proc_common_v3_00_a/proc_common_pkg 1392730292 \
      PB proc_common_v3_00_a/family_support 1392730290 \
      PB proc_common_v3_00_a/ipif_pkg 1392730409 PB mpmc_v6_06_a/sdma_pkg 1392730429
AR mpmc_v6_06_a/sdma_dmac_regfile_arb/implementation 1392730461 \
      FL $XILINX/hw/XilinxProcessorIPLib/pcores/mpmc_v6_06_a/hdl/vhdl/sdma_dmac_regfile_arb.vhd \
      EN mpmc_v6_06_a/sdma_dmac_regfile_arb 1392730460
FL $XILINX/hw/XilinxProcessorIPLib/pcores/mpmc_v6_06_a/hdl/vhdl/sdma_interrupt_register.vhd 2012/10/02.11:15:19 P.40xd
EN mpmc_v6_06_a/sdma_interrupt_register 1392730458 \
      FL $XILINX/hw/XilinxProcessorIPLib/pcores/mpmc_v6_06_a/hdl/vhdl/sdma_interrupt_register.vhd \
      PB ieee/std_logic_1164 1350103243 PB ieee/NUMERIC_STD 1350103249 \
      PB ieee/std_logic_misc 1350103245 LB proc_common_v3_00_a LB unisim \
      PH unisim/VCOMPONENTS 1350103252 LB mpmc_v6_06_a \
      PB proc_common_v3_00_a/proc_common_pkg 1392730292 \
      PB proc_common_v3_00_a/family_support 1392730290 \
      PB proc_common_v3_00_a/ipif_pkg 1392730409 PB mpmc_v6_06_a/sdma_pkg 1392730429
AR mpmc_v6_06_a/sdma_interrupt_register/implementation 1392730459 \
      FL $XILINX/hw/XilinxProcessorIPLib/pcores/mpmc_v6_06_a/hdl/vhdl/sdma_interrupt_register.vhd \
      EN mpmc_v6_06_a/sdma_interrupt_register 1392730458
FL $XILINX/hw/XilinxProcessorIPLib/pcores/mpmc_v6_06_a/hdl/vhdl/sdma_ipic_if.vhd 2012/10/02.11:15:19 P.40xd
EN mpmc_v6_06_a/sdma_ipic_if 1392730456 \
      FL $XILINX/hw/XilinxProcessorIPLib/pcores/mpmc_v6_06_a/hdl/vhdl/sdma_ipic_if.vhd \
      PB ieee/std_logic_1164 1350103243 PB ieee/NUMERIC_STD 1350103249 \
      PB ieee/std_logic_misc 1350103245 LB proc_common_v3_00_a LB unisim \
      PH unisim/VCOMPONENTS 1350103252 LB mpmc_v6_06_a \
      PB proc_common_v3_00_a/proc_common_pkg 1392730292 \
      PB proc_common_v3_00_a/family_support 1392730290 \
      PB proc_common_v3_00_a/ipif_pkg 1392730409 PB mpmc_v6_06_a/sdma_pkg 1392730429
AR mpmc_v6_06_a/sdma_ipic_if/implementation 1392730457 \
      FL $XILINX/hw/XilinxProcessorIPLib/pcores/mpmc_v6_06_a/hdl/vhdl/sdma_ipic_if.vhd \
      EN mpmc_v6_06_a/sdma_ipic_if 1392730456 CP mpmc_v6_06_a/sdma_sample_cycle
FL $XILINX/hw/XilinxProcessorIPLib/pcores/mpmc_v6_06_a/hdl/vhdl/sdma_length_counter.vhd 2012/10/02.11:15:19 P.40xd
EN mpmc_v6_06_a/sdma_length_counter 1392730450 \
      FL $XILINX/hw/XilinxProcessorIPLib/pcores/mpmc_v6_06_a/hdl/vhdl/sdma_length_counter.vhd \
      PB ieee/std_logic_1164 1350103243 PB ieee/NUMERIC_STD 1350103249 \
      PB ieee/std_logic_misc 1350103245 LB proc_common_v3_00_a LB unisim \
      PH unisim/VCOMPONENTS 1350103252 LB mpmc_v6_06_a \
      PB proc_common_v3_00_a/proc_common_pkg 1392730292 \
      PB proc_common_v3_00_a/family_support 1392730290 \
      PB proc_common_v3_00_a/ipif_pkg 1392730409 PB mpmc_v6_06_a/sdma_pkg 1392730429
AR mpmc_v6_06_a/sdma_length_counter/implementation 1392730451 \
      FL $XILINX/hw/XilinxProcessorIPLib/pcores/mpmc_v6_06_a/hdl/vhdl/sdma_length_counter.vhd \
      EN mpmc_v6_06_a/sdma_length_counter 1392730450
FL $XILINX/hw/XilinxProcessorIPLib/pcores/mpmc_v6_06_a/hdl/vhdl/sdma_pkg.vhd 2012/10/02.11:15:19 P.40xd
PH mpmc_v6_06_a/sdma_pkg 1392730428 \
      FL $XILINX/hw/XilinxProcessorIPLib/pcores/mpmc_v6_06_a/hdl/vhdl/sdma_pkg.vhd \
      PB ieee/std_logic_1164 1350103243 PB ieee/NUMERIC_STD 1350103249 \
      PB ieee/std_logic_misc 1350103245 LB proc_common_v3_00_a LB unisim \
      PH unisim/VCOMPONENTS 1350103252 LB mpmc_v6_06_a \
      PB proc_common_v3_00_a/proc_common_pkg 1392730292 \
      PB proc_common_v3_00_a/family_support 1392730290 \
      PB proc_common_v3_00_a/ipif_pkg 1392730409
PB mpmc_v6_06_a/sdma_pkg 1392730429 \
      FL $XILINX/hw/XilinxProcessorIPLib/pcores/mpmc_v6_06_a/hdl/vhdl/sdma_pkg.vhd \
      PH mpmc_v6_06_a/sdma_pkg 1392730428
FL $XILINX/hw/XilinxProcessorIPLib/pcores/mpmc_v6_06_a/hdl/vhdl/sdma_port_arbiter.vhd 2012/10/02.11:15:19 P.40xd
EN mpmc_v6_06_a/sdma_port_arbiter 1392730466 \
      FL $XILINX/hw/XilinxProcessorIPLib/pcores/mpmc_v6_06_a/hdl/vhdl/sdma_port_arbiter.vhd \
      PB ieee/std_logic_1164 1350103243 PB ieee/NUMERIC_STD 1350103249 \
      PB ieee/std_logic_misc 1350103245 LB proc_common_v3_00_a LB unisim \
      PH unisim/VCOMPONENTS 1350103252 LB mpmc_v6_06_a \
      PB proc_common_v3_00_a/proc_common_pkg 1392730292 \
      PB proc_common_v3_00_a/family_support 1392730290 \
      PB proc_common_v3_00_a/ipif_pkg 1392730409 PB mpmc_v6_06_a/sdma_pkg 1392730429
AR mpmc_v6_06_a/sdma_port_arbiter/implementation 1392730467 \
      FL $XILINX/hw/XilinxProcessorIPLib/pcores/mpmc_v6_06_a/hdl/vhdl/sdma_port_arbiter.vhd \
      EN mpmc_v6_06_a/sdma_port_arbiter 1392730466
FL $XILINX/hw/XilinxProcessorIPLib/pcores/mpmc_v6_06_a/hdl/vhdl/sdma_read_data_delay.vhd 2012/10/02.11:15:19 P.40xd
EN mpmc_v6_06_a/sdma_read_data_delay 1392730462 \
      FL $XILINX/hw/XilinxProcessorIPLib/pcores/mpmc_v6_06_a/hdl/vhdl/sdma_read_data_delay.vhd \
      PB ieee/std_logic_1164 1350103243 PB ieee/NUMERIC_STD 1350103249 \
      PB ieee/std_logic_misc 1350103245 LB proc_common_v3_00_a LB unisim \
      PH unisim/VCOMPONENTS 1350103252 LB mpmc_v6_06_a \
      PB proc_common_v3_00_a/proc_common_pkg 1392730292 \
      PB proc_common_v3_00_a/family_support 1392730290 \
      PB proc_common_v3_00_a/ipif_pkg 1392730409 PB mpmc_v6_06_a/sdma_pkg 1392730429
AR mpmc_v6_06_a/sdma_read_data_delay/implementation 1392730463 \
      FL $XILINX/hw/XilinxProcessorIPLib/pcores/mpmc_v6_06_a/hdl/vhdl/sdma_read_data_delay.vhd \
      EN mpmc_v6_06_a/sdma_read_data_delay 1392730462
FL $XILINX/hw/XilinxProcessorIPLib/pcores/mpmc_v6_06_a/hdl/vhdl/sdma_reset_module.vhd 2012/10/02.11:15:19 P.40xd
EN mpmc_v6_06_a/sdma_reset_module 1392730444 \
      FL $XILINX/hw/XilinxProcessorIPLib/pcores/mpmc_v6_06_a/hdl/vhdl/sdma_reset_module.vhd \
      PB ieee/std_logic_1164 1350103243 PB ieee/NUMERIC_STD 1350103249 \
      PB ieee/std_logic_misc 1350103245 LB proc_common_v3_00_a LB unisim \
      PH unisim/VCOMPONENTS 1350103252 LB mpmc_v6_06_a \
      PB proc_common_v3_00_a/proc_common_pkg 1392730292 \
      PB proc_common_v3_00_a/family_support 1392730290 \
      PB proc_common_v3_00_a/ipif_pkg 1392730409 PB mpmc_v6_06_a/sdma_pkg 1392730429
AR mpmc_v6_06_a/sdma_reset_module/implementation 1392730445 \
      FL $XILINX/hw/XilinxProcessorIPLib/pcores/mpmc_v6_06_a/hdl/vhdl/sdma_reset_module.vhd \
      EN mpmc_v6_06_a/sdma_reset_module 1392730444
FL $XILINX/hw/XilinxProcessorIPLib/pcores/mpmc_v6_06_a/hdl/vhdl/sdma_rx_byte_shifter.vhd 2012/10/02.11:15:19 P.40xd
EN mpmc_v6_06_a/sdma_rx_byte_shifter 1392730454 \
      FL $XILINX/hw/XilinxProcessorIPLib/pcores/mpmc_v6_06_a/hdl/vhdl/sdma_rx_byte_shifter.vhd \
      PB ieee/std_logic_1164 1350103243 PB ieee/NUMERIC_STD 1350103249 \
      PB ieee/std_logic_misc 1350103245 LB proc_common_v3_00_a LB unisim \
      PH unisim/VCOMPONENTS 1350103252 LB mpmc_v6_06_a \
      PB proc_common_v3_00_a/proc_common_pkg 1392730292 \
      PB proc_common_v3_00_a/family_support 1392730290 \
      PB proc_common_v3_00_a/ipif_pkg 1392730409 PB mpmc_v6_06_a/sdma_pkg 1392730429
AR mpmc_v6_06_a/sdma_rx_byte_shifter/implementation 1392730455 \
      FL $XILINX/hw/XilinxProcessorIPLib/pcores/mpmc_v6_06_a/hdl/vhdl/sdma_rx_byte_shifter.vhd \
      EN mpmc_v6_06_a/sdma_rx_byte_shifter 1392730454
FL $XILINX/hw/XilinxProcessorIPLib/pcores/mpmc_v6_06_a/hdl/vhdl/sdma_rx_port_controller.vhd 2012/10/02.11:15:19 P.40xd
EN mpmc_v6_06_a/sdma_rx_port_controller 1392730480 \
      FL $XILINX/hw/XilinxProcessorIPLib/pcores/mpmc_v6_06_a/hdl/vhdl/sdma_rx_port_controller.vhd \
      PB ieee/std_logic_1164 1350103243 PB ieee/NUMERIC_STD 1350103249 \
      PB ieee/std_logic_misc 1350103245 LB proc_common_v3_00_a LB unisim \
      PH unisim/VCOMPONENTS 1350103252 LB mpmc_v6_06_a \
      PB proc_common_v3_00_a/proc_common_pkg 1392730292 \
      PB proc_common_v3_00_a/family_support 1392730290 \
      PB proc_common_v3_00_a/ipif_pkg 1392730409 PB mpmc_v6_06_a/sdma_pkg 1392730429
AR mpmc_v6_06_a/sdma_rx_port_controller/implementation 1392730481 \
      FL $XILINX/hw/XilinxProcessorIPLib/pcores/mpmc_v6_06_a/hdl/vhdl/sdma_rx_port_controller.vhd \
      EN mpmc_v6_06_a/sdma_rx_port_controller 1392730480
FL $XILINX/hw/XilinxProcessorIPLib/pcores/mpmc_v6_06_a/hdl/vhdl/sdma_rx_read_handler.vhd 2012/10/02.11:15:19 P.40xd
EN mpmc_v6_06_a/sdma_rx_read_handler 1392730478 \
      FL $XILINX/hw/XilinxProcessorIPLib/pcores/mpmc_v6_06_a/hdl/vhdl/sdma_rx_read_handler.vhd \
      PB ieee/std_logic_1164 1350103243 PB ieee/NUMERIC_STD 1350103249 \
      PB ieee/std_logic_misc 1350103245 LB proc_common_v3_00_a LB unisim \
      PH unisim/VCOMPONENTS 1350103252 LB mpmc_v6_06_a \
      PB proc_common_v3_00_a/proc_common_pkg 1392730292 \
      PB proc_common_v3_00_a/family_support 1392730290 \
      PB proc_common_v3_00_a/ipif_pkg 1392730409 PB mpmc_v6_06_a/sdma_pkg 1392730429
AR mpmc_v6_06_a/sdma_rx_read_handler/implementation 1392730479 \
      FL $XILINX/hw/XilinxProcessorIPLib/pcores/mpmc_v6_06_a/hdl/vhdl/sdma_rx_read_handler.vhd \
      EN mpmc_v6_06_a/sdma_rx_read_handler 1392730478
FL $XILINX/hw/XilinxProcessorIPLib/pcores/mpmc_v6_06_a/hdl/vhdl/sdma_rx_write_handler.vhd 2012/10/02.11:15:19 P.40xd
EN mpmc_v6_06_a/sdma_rx_write_handler 1392730476 \
      FL $XILINX/hw/XilinxProcessorIPLib/pcores/mpmc_v6_06_a/hdl/vhdl/sdma_rx_write_handler.vhd \
      PB ieee/std_logic_1164 1350103243 PB ieee/NUMERIC_STD 1350103249 \
      PB ieee/std_logic_misc 1350103245 LB proc_common_v3_00_a LB unisim \
      PH unisim/VCOMPONENTS 1350103252 LB mpmc_v6_06_a \
      PB proc_common_v3_00_a/proc_common_pkg 1392730292 \
      PB proc_common_v3_00_a/family_support 1392730290 \
      PB proc_common_v3_00_a/ipif_pkg 1392730409 PB mpmc_v6_06_a/sdma_pkg 1392730429
AR mpmc_v6_06_a/sdma_rx_write_handler/implementation 1392730477 \
      FL $XILINX/hw/XilinxProcessorIPLib/pcores/mpmc_v6_06_a/hdl/vhdl/sdma_rx_write_handler.vhd \
      EN mpmc_v6_06_a/sdma_rx_write_handler 1392730476
FL $XILINX/hw/XilinxProcessorIPLib/pcores/mpmc_v6_06_a/hdl/vhdl/sdma_sample_cycle.vhd 2012/10/02.11:15:19 P.40xd
EN mpmc_v6_06_a/sdma_sample_cycle 1392730430 \
      FL $XILINX/hw/XilinxProcessorIPLib/pcores/mpmc_v6_06_a/hdl/vhdl/sdma_sample_cycle.vhd \
      PB ieee/std_logic_1164 1350103243 PB ieee/NUMERIC_STD 1350103249 \
      PB ieee/std_logic_misc 1350103245 LB unisim PH unisim/VCOMPONENTS 1350103252
AR mpmc_v6_06_a/sdma_sample_cycle/implementation 1392730431 \
      FL $XILINX/hw/XilinxProcessorIPLib/pcores/mpmc_v6_06_a/hdl/vhdl/sdma_sample_cycle.vhd \
      EN mpmc_v6_06_a/sdma_sample_cycle 1392730430
FL $XILINX/hw/XilinxProcessorIPLib/pcores/mpmc_v6_06_a/hdl/vhdl/sdma_tx_byte_shifter.vhd 2012/10/02.11:15:19 P.40xd
EN mpmc_v6_06_a/sdma_tx_byte_shifter 1392730452 \
      FL $XILINX/hw/XilinxProcessorIPLib/pcores/mpmc_v6_06_a/hdl/vhdl/sdma_tx_byte_shifter.vhd \
      PB ieee/std_logic_1164 1350103243 PB ieee/NUMERIC_STD 1350103249 \
      PB ieee/std_logic_misc 1350103245 LB proc_common_v3_00_a LB unisim \
      PH unisim/VCOMPONENTS 1350103252 LB mpmc_v6_06_a \
      PB proc_common_v3_00_a/proc_common_pkg 1392730292 \
      PB proc_common_v3_00_a/family_support 1392730290 \
      PB proc_common_v3_00_a/ipif_pkg 1392730409 PB mpmc_v6_06_a/sdma_pkg 1392730429
AR mpmc_v6_06_a/sdma_tx_byte_shifter/implementation 1392730453 \
      FL $XILINX/hw/XilinxProcessorIPLib/pcores/mpmc_v6_06_a/hdl/vhdl/sdma_tx_byte_shifter.vhd \
      EN mpmc_v6_06_a/sdma_tx_byte_shifter 1392730452
FL $XILINX/hw/XilinxProcessorIPLib/pcores/mpmc_v6_06_a/hdl/vhdl/sdma_tx_port_controller.vhd 2012/10/02.11:15:19 P.40xd
EN mpmc_v6_06_a/sdma_tx_port_controller 1392730472 \
      FL $XILINX/hw/XilinxProcessorIPLib/pcores/mpmc_v6_06_a/hdl/vhdl/sdma_tx_port_controller.vhd \
      PB ieee/std_logic_1164 1350103243 PB ieee/NUMERIC_STD 1350103249 \
      PB ieee/std_logic_misc 1350103245 LB proc_common_v3_00_a LB unisim \
      PH unisim/VCOMPONENTS 1350103252 LB mpmc_v6_06_a \
      PB proc_common_v3_00_a/proc_common_pkg 1392730292 \
      PB proc_common_v3_00_a/family_support 1392730290 \
      PB proc_common_v3_00_a/ipif_pkg 1392730409 PB mpmc_v6_06_a/sdma_pkg 1392730429
AR mpmc_v6_06_a/sdma_tx_port_controller/implementation 1392730473 \
      FL $XILINX/hw/XilinxProcessorIPLib/pcores/mpmc_v6_06_a/hdl/vhdl/sdma_tx_port_controller.vhd \
      EN mpmc_v6_06_a/sdma_tx_port_controller 1392730472
FL $XILINX/hw/XilinxProcessorIPLib/pcores/mpmc_v6_06_a/hdl/vhdl/sdma_tx_read_handler.vhd 2012/10/02.11:15:19 P.40xd
EN mpmc_v6_06_a/sdma_tx_read_handler 1392730470 \
      FL $XILINX/hw/XilinxProcessorIPLib/pcores/mpmc_v6_06_a/hdl/vhdl/sdma_tx_read_handler.vhd \
      PB ieee/std_logic_1164 1350103243 PB ieee/NUMERIC_STD 1350103249 \
      PB ieee/std_logic_misc 1350103245 LB proc_common_v3_00_a LB unisim \
      PH unisim/VCOMPONENTS 1350103252 LB mpmc_v6_06_a \
      PB proc_common_v3_00_a/proc_common_pkg 1392730292 \
      PB proc_common_v3_00_a/family_support 1392730290 \
      PB proc_common_v3_00_a/ipif_pkg 1392730409 PB mpmc_v6_06_a/sdma_pkg 1392730429
AR mpmc_v6_06_a/sdma_tx_read_handler/implementation 1392730471 \
      FL $XILINX/hw/XilinxProcessorIPLib/pcores/mpmc_v6_06_a/hdl/vhdl/sdma_tx_read_handler.vhd \
      EN mpmc_v6_06_a/sdma_tx_read_handler 1392730470
FL $XILINX/hw/XilinxProcessorIPLib/pcores/mpmc_v6_06_a/hdl/vhdl/sdma_tx_rx_state.vhd 2012/10/02.11:15:19 P.40xd
EN mpmc_v6_06_a/sdma_tx_rx_state 1392730474 \
      FL $XILINX/hw/XilinxProcessorIPLib/pcores/mpmc_v6_06_a/hdl/vhdl/sdma_tx_rx_state.vhd \
      PB ieee/std_logic_1164 1350103243 PB ieee/NUMERIC_STD 1350103249 \
      PB ieee/std_logic_misc 1350103245 LB proc_common_v3_00_a LB unisim \
      PH unisim/VCOMPONENTS 1350103252 LB mpmc_v6_06_a \
      PB proc_common_v3_00_a/proc_common_pkg 1392730292 \
      PB proc_common_v3_00_a/family_support 1392730290 \
      PB proc_common_v3_00_a/ipif_pkg 1392730409 PB mpmc_v6_06_a/sdma_pkg 1392730429
AR mpmc_v6_06_a/sdma_tx_rx_state/implementation 1392730475 \
      FL $XILINX/hw/XilinxProcessorIPLib/pcores/mpmc_v6_06_a/hdl/vhdl/sdma_tx_rx_state.vhd \
      EN mpmc_v6_06_a/sdma_tx_rx_state 1392730474
FL $XILINX/hw/XilinxProcessorIPLib/pcores/mpmc_v6_06_a/hdl/vhdl/sdma_tx_write_handler.vhd 2012/10/02.11:15:19 P.40xd
EN mpmc_v6_06_a/sdma_tx_write_handler 1392730468 \
      FL $XILINX/hw/XilinxProcessorIPLib/pcores/mpmc_v6_06_a/hdl/vhdl/sdma_tx_write_handler.vhd \
      PB ieee/std_logic_1164 1350103243 PB ieee/NUMERIC_STD 1350103249 \
      PB ieee/std_logic_misc 1350103245 LB proc_common_v3_00_a LB unisim \
      PH unisim/VCOMPONENTS 1350103252 LB mpmc_v6_06_a \
      PB proc_common_v3_00_a/proc_common_pkg 1392730292 \
      PB proc_common_v3_00_a/family_support 1392730290 \
      PB proc_common_v3_00_a/ipif_pkg 1392730409 PB mpmc_v6_06_a/sdma_pkg 1392730429
AR mpmc_v6_06_a/sdma_tx_write_handler/implementation 1392730469 \
      FL $XILINX/hw/XilinxProcessorIPLib/pcores/mpmc_v6_06_a/hdl/vhdl/sdma_tx_write_handler.vhd \
      EN mpmc_v6_06_a/sdma_tx_write_handler 1392730468
FL $XILINX/hw/XilinxProcessorIPLib/pcores/mpmc_v6_06_a/hdl/vhdl/sdma_wrapper.vhd 2012/10/02.11:15:19 P.40xd
EN mpmc_v6_06_a/sdma_wrapper 1392730540 \
      FL $XILINX/hw/XilinxProcessorIPLib/pcores/mpmc_v6_06_a/hdl/vhdl/sdma_wrapper.vhd \
      PB ieee/std_logic_1164 1350103243 PB ieee/std_logic_arith 1350103244 \
      PB ieee/NUMERIC_STD 1350103249 PB ieee/std_logic_misc 1350103245 LB unisim \
      PH unisim/VCOMPONENTS 1350103252 LB mpmc_v6_06_a PB mpmc_v6_06_a/sdma_pkg 1392730429
AR mpmc_v6_06_a/sdma_wrapper/implementation 1392730541 \
      FL $XILINX/hw/XilinxProcessorIPLib/pcores/mpmc_v6_06_a/hdl/vhdl/sdma_wrapper.vhd \
      EN mpmc_v6_06_a/sdma_wrapper 1392730540 CP mpmc_v6_06_a/sdma
FL $XILINX/hw/XilinxProcessorIPLib/pcores/mpmc_v6_06_a/hdl/vhdl/vfbc.vhd 2012/10/02.11:15:19 P.40xd
EN mpmc_v6_06_a/vfbc 1392730526 \
      FL $XILINX/hw/XilinxProcessorIPLib/pcores/mpmc_v6_06_a/hdl/vhdl/vfbc.vhd \
      PB ieee/std_logic_1164 1350103243 PB ieee/STD_LOGIC_UNSIGNED 1350103247 \
      PB ieee/std_logic_arith 1350103244 PB mpmc_v6_06_a/memxlib_utils 1392730331 \
      PB mpmc_v6_06_a/p_vfbc 1392730485
AR mpmc_v6_06_a/vfbc/rtl 1392730527 \
      FL $XILINX/hw/XilinxProcessorIPLib/pcores/mpmc_v6_06_a/hdl/vhdl/vfbc.vhd \
      EN mpmc_v6_06_a/vfbc 1392730526 CP mpmc_v6_06_a/ObjFifoAsyncDiffW \
      CP mpmc_v6_06_a/vfbc_newcmd CP mpmc_v6_06_a/vfbc_cmd_fetch \
      CP mpmc_v6_06_a/vfbc_arbitrator CP mpmc_v6_06_a/vfbc_cmd_buffer \
      CP mpmc_v6_06_a/vfbc_cmd_control CP mpmc_v6_06_a/vfbc_burst_control
FL $XILINX/hw/XilinxProcessorIPLib/pcores/mpmc_v6_06_a/hdl/vhdl/vfbc1_pim.vhd 2012/10/02.11:15:19 P.40xd
EN mpmc_v6_06_a/vfbc1_pim 1392730534 \
      FL $XILINX/hw/XilinxProcessorIPLib/pcores/mpmc_v6_06_a/hdl/vhdl/vfbc1_pim.vhd \
      PB ieee/std_logic_1164 1350103243 PB ieee/STD_LOGIC_UNSIGNED 1350103247 \
      PB ieee/std_logic_arith 1350103244 PB mpmc_v6_06_a/memxlib_utils 1392730331 \
      PB mpmc_v6_06_a/p_vfbc 1392730485
AR mpmc_v6_06_a/vfbc1_pim/rtl 1392730535 \
      FL $XILINX/hw/XilinxProcessorIPLib/pcores/mpmc_v6_06_a/hdl/vhdl/vfbc1_pim.vhd \
      EN mpmc_v6_06_a/vfbc1_pim 1392730534 CP mpmc_v6_06_a/vfbc \
      CP mpmc_v6_06_a/vfbc_backend_control
FL $XILINX/hw/XilinxProcessorIPLib/pcores/mpmc_v6_06_a/hdl/vhdl/vfbc_arbitrator.vhd 2012/10/02.11:15:19 P.40xd
EN mpmc_v6_06_a/vfbc_arbitrator 1392730436 \
      FL $XILINX/hw/XilinxProcessorIPLib/pcores/mpmc_v6_06_a/hdl/vhdl/vfbc_arbitrator.vhd \
      PB ieee/std_logic_1164 1350103243 PB ieee/std_logic_arith 1350103244 \
      PB ieee/STD_LOGIC_UNSIGNED 1350103247 PB mpmc_v6_06_a/memxlib_utils 1392730331
AR mpmc_v6_06_a/vfbc_arbitrator/rtl 1392730437 \
      FL $XILINX/hw/XilinxProcessorIPLib/pcores/mpmc_v6_06_a/hdl/vhdl/vfbc_arbitrator.vhd \
      EN mpmc_v6_06_a/vfbc_arbitrator 1392730436
FL $XILINX/hw/XilinxProcessorIPLib/pcores/mpmc_v6_06_a/hdl/vhdl/vfbc_backend_control.vhd 2012/10/02.11:15:19 P.40xd
EN mpmc_v6_06_a/vfbc_backend_control 1392730528 \
      FL $XILINX/hw/XilinxProcessorIPLib/pcores/mpmc_v6_06_a/hdl/vhdl/vfbc_backend_control.vhd \
      PB ieee/std_logic_1164 1350103243 PB ieee/STD_LOGIC_UNSIGNED 1350103247 \
      PB ieee/std_logic_arith 1350103244 PB mpmc_v6_06_a/memxlib_utils 1392730331
AR mpmc_v6_06_a/vfbc_backend_control/rtl 1392730529 \
      FL $XILINX/hw/XilinxProcessorIPLib/pcores/mpmc_v6_06_a/hdl/vhdl/vfbc_backend_control.vhd \
      EN mpmc_v6_06_a/vfbc_backend_control 1392730528 \
      AR mpmc_v6_06_a/synch_fifo/rtl 1392730415
FL $XILINX/hw/XilinxProcessorIPLib/pcores/mpmc_v6_06_a/hdl/vhdl/vfbc_burst_control.vhd 2012/10/02.11:15:19 P.40xd
EN mpmc_v6_06_a/vfbc_burst_control 1392730500 \
      FL $XILINX/hw/XilinxProcessorIPLib/pcores/mpmc_v6_06_a/hdl/vhdl/vfbc_burst_control.vhd \
      PB ieee/std_logic_1164 1350103243 PB ieee/STD_LOGIC_UNSIGNED 1350103247 \
      PB ieee/std_logic_arith 1350103244 PB mpmc_v6_06_a/memxlib_utils 1392730331
AR mpmc_v6_06_a/vfbc_burst_control/rtl 1392730501 \
      FL $XILINX/hw/XilinxProcessorIPLib/pcores/mpmc_v6_06_a/hdl/vhdl/vfbc_burst_control.vhd \
      EN mpmc_v6_06_a/vfbc_burst_control 1392730500 CP mpmc_v6_06_a/vfbc_onehot \
      AR mpmc_v6_06_a/synch_fifo/rtl 1392730415
FL $XILINX/hw/XilinxProcessorIPLib/pcores/mpmc_v6_06_a/hdl/vhdl/vfbc_cmd_buffer.vhd 2012/10/02.11:15:19 P.40xd
EN mpmc_v6_06_a/vfbc_cmd_buffer 1392730496 \
      FL $XILINX/hw/XilinxProcessorIPLib/pcores/mpmc_v6_06_a/hdl/vhdl/vfbc_cmd_buffer.vhd \
      PB ieee/std_logic_1164 1350103243 PB ieee/STD_LOGIC_UNSIGNED 1350103247 \
      PB ieee/std_logic_arith 1350103244 PB mpmc_v6_06_a/memxlib_utils 1392730331
AR mpmc_v6_06_a/vfbc_cmd_buffer/rtl 1392730497 \
      FL $XILINX/hw/XilinxProcessorIPLib/pcores/mpmc_v6_06_a/hdl/vhdl/vfbc_cmd_buffer.vhd \
      EN mpmc_v6_06_a/vfbc_cmd_buffer 1392730496
FL $XILINX/hw/XilinxProcessorIPLib/pcores/mpmc_v6_06_a/hdl/vhdl/vfbc_cmd_control.vhd 2012/10/02.11:15:19 P.40xd
EN mpmc_v6_06_a/vfbc_cmd_control 1392730498 \
      FL $XILINX/hw/XilinxProcessorIPLib/pcores/mpmc_v6_06_a/hdl/vhdl/vfbc_cmd_control.vhd \
      PB ieee/std_logic_1164 1350103243 PB ieee/STD_LOGIC_UNSIGNED 1350103247 \
      PB ieee/std_logic_arith 1350103244 PB mpmc_v6_06_a/memxlib_utils 1392730331
AR mpmc_v6_06_a/vfbc_cmd_control/rtl 1392730499 \
      FL $XILINX/hw/XilinxProcessorIPLib/pcores/mpmc_v6_06_a/hdl/vhdl/vfbc_cmd_control.vhd \
      EN mpmc_v6_06_a/vfbc_cmd_control 1392730498
FL $XILINX/hw/XilinxProcessorIPLib/pcores/mpmc_v6_06_a/hdl/vhdl/vfbc_cmd_fetch.vhd 2012/10/02.11:15:19 P.40xd
EN mpmc_v6_06_a/vfbc_cmd_fetch 1392730494 \
      FL $XILINX/hw/XilinxProcessorIPLib/pcores/mpmc_v6_06_a/hdl/vhdl/vfbc_cmd_fetch.vhd \
      PB ieee/std_logic_1164 1350103243 PB ieee/STD_LOGIC_UNSIGNED 1350103247 \
      PB ieee/std_logic_arith 1350103244 PB mpmc_v6_06_a/memxlib_utils 1392730331
AR mpmc_v6_06_a/vfbc_cmd_fetch/rtl 1392730495 \
      FL $XILINX/hw/XilinxProcessorIPLib/pcores/mpmc_v6_06_a/hdl/vhdl/vfbc_cmd_fetch.vhd \
      EN mpmc_v6_06_a/vfbc_cmd_fetch 1392730494
FL $XILINX/hw/XilinxProcessorIPLib/pcores/mpmc_v6_06_a/hdl/vhdl/vfbc_newcmd.vhd 2012/10/02.11:15:19 P.40xd
EN mpmc_v6_06_a/vfbc_newcmd 1392730492 \
      FL $XILINX/hw/XilinxProcessorIPLib/pcores/mpmc_v6_06_a/hdl/vhdl/vfbc_newcmd.vhd \
      PB ieee/std_logic_1164 1350103243 PB ieee/STD_LOGIC_UNSIGNED 1350103247 \
      PB ieee/std_logic_arith 1350103244 PB mpmc_v6_06_a/memxlib_utils 1392730331
AR mpmc_v6_06_a/vfbc_newcmd/rtl 1392730493 \
      FL $XILINX/hw/XilinxProcessorIPLib/pcores/mpmc_v6_06_a/hdl/vhdl/vfbc_newcmd.vhd \
      EN mpmc_v6_06_a/vfbc_newcmd 1392730492 CP mpmc_v6_06_a/vfbc_arbitrator
FL $XILINX/hw/XilinxProcessorIPLib/pcores/mpmc_v6_06_a/hdl/vhdl/vfbc_onehot.vhd 2012/10/02.11:15:19 P.40xd
EN mpmc_v6_06_a/vfbc_onehot 1392730434 \
      FL $XILINX/hw/XilinxProcessorIPLib/pcores/mpmc_v6_06_a/hdl/vhdl/vfbc_onehot.vhd \
      PB ieee/std_logic_1164 1350103243 PB ieee/STD_LOGIC_UNSIGNED 1350103247 \
      PB ieee/std_logic_arith 1350103244
AR mpmc_v6_06_a/vfbc_onehot/rtl 1392730435 \
      FL $XILINX/hw/XilinxProcessorIPLib/pcores/mpmc_v6_06_a/hdl/vhdl/vfbc_onehot.vhd \
      EN mpmc_v6_06_a/vfbc_onehot 1392730434
FL $XILINX/hw/XilinxProcessorIPLib/pcores/mpmc_v6_06_a/hdl/vhdl/vfbc_pim_wrapper.vhd 2012/10/02.11:15:19 P.40xd
EN mpmc_v6_06_a/vfbc_pim_wrapper 1392730538 \
      FL $XILINX/hw/XilinxProcessorIPLib/pcores/mpmc_v6_06_a/hdl/vhdl/vfbc_pim_wrapper.vhd \
      PB ieee/std_logic_1164 1350103243 PB ieee/std_logic_arith 1350103244 \
      PB ieee/STD_LOGIC_UNSIGNED 1350103247 LB mpmc_v6_06_a
AR mpmc_v6_06_a/vfbc_pim_wrapper/IMP 1392730539 \
      FL $XILINX/hw/XilinxProcessorIPLib/pcores/mpmc_v6_06_a/hdl/vhdl/vfbc_pim_wrapper.vhd \
      EN mpmc_v6_06_a/vfbc_pim_wrapper 1392730538 CP mpmc_v6_06_a/vfbc1_pim
