AR jtag_control imp /opt/york/cs/net/xilinx-design-suite-14.3-x86_64-1/14.3/ISE_DS/EDK/hw/XilinxProcessorIPLib/pcores/mdm_v2_10_a/hdl/vhdl/jtag_control.vhd sub00/vhpl03 1392730570
EN mdm NULL /opt/york/cs/net/xilinx-design-suite-14.3-x86_64-1/14.3/ISE_DS/EDK/hw/XilinxProcessorIPLib/pcores/mdm_v2_10_a/hdl/vhdl/mdm.vhd sub00/vhpl06 1392730577
AR mdm imp /opt/york/cs/net/xilinx-design-suite-14.3-x86_64-1/14.3/ISE_DS/EDK/hw/XilinxProcessorIPLib/pcores/mdm_v2_10_a/hdl/vhdl/mdm.vhd sub00/vhpl07 1392730578
EN srl_fifo NULL /opt/york/cs/net/xilinx-design-suite-14.3-x86_64-1/14.3/ISE_DS/EDK/hw/XilinxProcessorIPLib/pcores/mdm_v2_10_a/hdl/vhdl/srl_fifo.vhd sub00/vhpl00 1392730565
AR srl_fifo imp /opt/york/cs/net/xilinx-design-suite-14.3-x86_64-1/14.3/ISE_DS/EDK/hw/XilinxProcessorIPLib/pcores/mdm_v2_10_a/hdl/vhdl/srl_fifo.vhd sub00/vhpl01 1392730566
AR mdm_core imp /opt/york/cs/net/xilinx-design-suite-14.3-x86_64-1/14.3/ISE_DS/EDK/hw/XilinxProcessorIPLib/pcores/mdm_v2_10_a/hdl/vhdl/mdm_core.vhd sub00/vhpl05 1392730576
EN mdm_core NULL /opt/york/cs/net/xilinx-design-suite-14.3-x86_64-1/14.3/ISE_DS/EDK/hw/XilinxProcessorIPLib/pcores/mdm_v2_10_a/hdl/vhdl/mdm_core.vhd sub00/vhpl04 1392730575
EN jtag_control NULL /opt/york/cs/net/xilinx-design-suite-14.3-x86_64-1/14.3/ISE_DS/EDK/hw/XilinxProcessorIPLib/pcores/mdm_v2_10_a/hdl/vhdl/jtag_control.vhd sub00/vhpl02 1392730569
