V3 269
FL $XILINX/hw/XilinxProcessorIPLib/pcores/mpmc_v6_06_a/hdl/vhdl/MemXLib_arch.vhd 2012/10/02.11:15:19 P.40xd
EN mpmc_v6_06_a/dp_ram 1392731619 \
      FL $XILINX/hw/XilinxProcessorIPLib/pcores/mpmc_v6_06_a/hdl/vhdl/MemXLib_arch.vhd \
      PB ieee/std_logic_1164 1350103243 PB ieee/STD_LOGIC_UNSIGNED 1350103247 \
      PB ieee/std_logic_arith 1350103244 PB mpmc_v6_06_a/memxlib_utils 1392731540
AR mpmc_v6_06_a/dp_ram/rtl 1392731620 \
      FL $XILINX/hw/XilinxProcessorIPLib/pcores/mpmc_v6_06_a/hdl/vhdl/MemXLib_arch.vhd \
      EN mpmc_v6_06_a/dp_ram 1392731619
EN mpmc_v6_06_a/sp_ram 1392731621 \
      FL $XILINX/hw/XilinxProcessorIPLib/pcores/mpmc_v6_06_a/hdl/vhdl/MemXLib_arch.vhd \
      PB ieee/std_logic_1164 1350103243 PB ieee/STD_LOGIC_UNSIGNED 1350103247 \
      PB mpmc_v6_06_a/memxlib_utils 1392731540
AR mpmc_v6_06_a/sp_ram/rtl 1392731622 \
      FL $XILINX/hw/XilinxProcessorIPLib/pcores/mpmc_v6_06_a/hdl/vhdl/MemXLib_arch.vhd \
      EN mpmc_v6_06_a/sp_ram 1392731621
EN mpmc_v6_06_a/synch_fifo 1392731623 \
      FL $XILINX/hw/XilinxProcessorIPLib/pcores/mpmc_v6_06_a/hdl/vhdl/MemXLib_arch.vhd \
      PB ieee/std_logic_1164 1350103243 PB ieee/STD_LOGIC_UNSIGNED 1350103247 \
      PB ieee/std_logic_arith 1350103244 PB mpmc_v6_06_a/memxlib_utils 1392731540
AR mpmc_v6_06_a/synch_fifo/rtl 1392731624 \
      FL $XILINX/hw/XilinxProcessorIPLib/pcores/mpmc_v6_06_a/hdl/vhdl/MemXLib_arch.vhd \
      EN mpmc_v6_06_a/synch_fifo 1392731623 AR mpmc_v6_06_a/dp_ram/rtl 1392731620
EN mpmc_v6_06_a/ObjFifo_cons_ctl 1392731625 \
      FL $XILINX/hw/XilinxProcessorIPLib/pcores/mpmc_v6_06_a/hdl/vhdl/MemXLib_arch.vhd \
      PB ieee/std_logic_1164 1350103243 PB ieee/std_logic_arith 1350103244 \
      PB ieee/STD_LOGIC_UNSIGNED 1350103247 PB mpmc_v6_06_a/memxlib_utils 1392731540
AR mpmc_v6_06_a/ObjFifo_cons_ctl/structure 1392731626 \
      FL $XILINX/hw/XilinxProcessorIPLib/pcores/mpmc_v6_06_a/hdl/vhdl/MemXLib_arch.vhd \
      EN mpmc_v6_06_a/ObjFifo_cons_ctl 1392731625
EN mpmc_v6_06_a/ObjFifo_prod_ctl 1392731627 \
      FL $XILINX/hw/XilinxProcessorIPLib/pcores/mpmc_v6_06_a/hdl/vhdl/MemXLib_arch.vhd \
      PB ieee/std_logic_1164 1350103243 PB ieee/std_logic_arith 1350103244 \
      PB ieee/STD_LOGIC_UNSIGNED 1350103247 PB mpmc_v6_06_a/memxlib_utils 1392731540
AR mpmc_v6_06_a/ObjFifo_prod_ctl/structure 1392731628 \
      FL $XILINX/hw/XilinxProcessorIPLib/pcores/mpmc_v6_06_a/hdl/vhdl/MemXLib_arch.vhd \
      EN mpmc_v6_06_a/ObjFifo_prod_ctl 1392731627
EN mpmc_v6_06_a/ObjFifo 1392731629 \
      FL $XILINX/hw/XilinxProcessorIPLib/pcores/mpmc_v6_06_a/hdl/vhdl/MemXLib_arch.vhd \
      PB ieee/std_logic_1164 1350103243 PB ieee/std_logic_arith 1350103244 \
      PB mpmc_v6_06_a/memxlib_utils 1392731540
AR mpmc_v6_06_a/ObjFifo/structure 1392731630 \
      FL $XILINX/hw/XilinxProcessorIPLib/pcores/mpmc_v6_06_a/hdl/vhdl/MemXLib_arch.vhd \
      EN mpmc_v6_06_a/ObjFifo 1392731629 AR mpmc_v6_06_a/dp_ram/rtl 1392731620 \
      AR mpmc_v6_06_a/ObjFifo_prod_ctl/structure 1392731628 \
      AR mpmc_v6_06_a/ObjFifo_cons_ctl/structure 1392731626
EN mpmc_v6_06_a/dp_ram_async 1392731631 \
      FL $XILINX/hw/XilinxProcessorIPLib/pcores/mpmc_v6_06_a/hdl/vhdl/MemXLib_arch.vhd \
      PB ieee/std_logic_1164 1350103243 PB ieee/STD_LOGIC_UNSIGNED 1350103247 \
      PB ieee/std_logic_arith 1350103244 PB mpmc_v6_06_a/memxlib_utils 1392731540
AR mpmc_v6_06_a/dp_ram_async/rtl 1392731632 \
      FL $XILINX/hw/XilinxProcessorIPLib/pcores/mpmc_v6_06_a/hdl/vhdl/MemXLib_arch.vhd \
      EN mpmc_v6_06_a/dp_ram_async 1392731631
EN mpmc_v6_06_a/ObjFifoAsync 1392731633 \
      FL $XILINX/hw/XilinxProcessorIPLib/pcores/mpmc_v6_06_a/hdl/vhdl/MemXLib_arch.vhd \
      PB ieee/std_logic_1164 1350103243 PB ieee/std_logic_arith 1350103244 \
      PB mpmc_v6_06_a/memxlib_utils 1392731540
AR mpmc_v6_06_a/ObjFifoAsync/structure 1392731634 \
      FL $XILINX/hw/XilinxProcessorIPLib/pcores/mpmc_v6_06_a/hdl/vhdl/MemXLib_arch.vhd \
      EN mpmc_v6_06_a/ObjFifoAsync 1392731633 AR mpmc_v6_06_a/dp_ram_async/rtl 1392731632 \
      AR mpmc_v6_06_a/ObjFifo_prod_ctl/structure 1392731628 \
      AR mpmc_v6_06_a/ObjFifo_cons_ctl/structure 1392731626
EN mpmc_v6_06_a/async_fifo 1392731635 \
      FL $XILINX/hw/XilinxProcessorIPLib/pcores/mpmc_v6_06_a/hdl/vhdl/MemXLib_arch.vhd \
      PB ieee/std_logic_1164 1350103243 PB ieee/STD_LOGIC_UNSIGNED 1350103247 \
      PB ieee/std_logic_arith 1350103244 PB mpmc_v6_06_a/memxlib_utils 1392731540
AR mpmc_v6_06_a/async_fifo/rtl 1392731636 \
      FL $XILINX/hw/XilinxProcessorIPLib/pcores/mpmc_v6_06_a/hdl/vhdl/MemXLib_arch.vhd \
      EN mpmc_v6_06_a/async_fifo 1392731635 AR mpmc_v6_06_a/dp_ram_async/rtl 1392731632
FL $XILINX/hw/XilinxProcessorIPLib/pcores/mpmc_v6_06_a/hdl/vhdl/MemXLib_utils.vhd 2012/10/02.11:15:19 P.40xd
PH mpmc_v6_06_a/memxlib_utils 1392731539 \
      FL $XILINX/hw/XilinxProcessorIPLib/pcores/mpmc_v6_06_a/hdl/vhdl/MemXLib_utils.vhd \
      PB ieee/std_logic_1164 1350103243 PB ieee/std_logic_arith 1350103244 \
      PB ieee/STD_LOGIC_SIGNED 1350103246
PB mpmc_v6_06_a/memxlib_utils 1392731540 \
      FL $XILINX/hw/XilinxProcessorIPLib/pcores/mpmc_v6_06_a/hdl/vhdl/MemXLib_utils.vhd \
      PH mpmc_v6_06_a/memxlib_utils 1392731539
FL $XILINX/hw/XilinxProcessorIPLib/pcores/mpmc_v6_06_a/hdl/vhdl/mpmc_ctrl_if.vhd 2012/10/02.11:15:19 P.40xd
EN mpmc_v6_06_a/mpmc_ctrl_if 1392731745 \
      FL $XILINX/hw/XilinxProcessorIPLib/pcores/mpmc_v6_06_a/hdl/vhdl/mpmc_ctrl_if.vhd \
      PB ieee/std_logic_1164 1350103243 PB ieee/std_logic_arith 1350103244 \
      PB ieee/STD_LOGIC_UNSIGNED 1350103247 LB proc_common_v3_00_a \
      LB plbv46_slave_single_v1_01_a PB proc_common_v3_00_a/proc_common_pkg 1392731501 \
      PB proc_common_v3_00_a/ipif_pkg 1392731618 \
      EN plbv46_slave_single_v1_01_a/plbv46_slave_single 1392731729
AR mpmc_v6_06_a/mpmc_ctrl_if/IMP 1392731746 \
      FL $XILINX/hw/XilinxProcessorIPLib/pcores/mpmc_v6_06_a/hdl/vhdl/mpmc_ctrl_if.vhd \
      EN mpmc_v6_06_a/mpmc_ctrl_if 1392731745 \
      CP plbv46_slave_single_v1_01_a/plbv46_slave_single CP mpmc_ctrl_logic
FL $XILINX/hw/XilinxProcessorIPLib/pcores/mpmc_v6_06_a/hdl/vhdl/ObjFifoAsyncDiffW.vhd 2012/10/02.11:15:19 P.40xd
EN mpmc_v6_06_a/ObjFifo_cons_ctl_async 1392731695 \
      FL $XILINX/hw/XilinxProcessorIPLib/pcores/mpmc_v6_06_a/hdl/vhdl/ObjFifoAsyncDiffW.vhd \
      PB ieee/std_logic_1164 1350103243 PB ieee/std_logic_arith 1350103244 \
      PB ieee/STD_LOGIC_UNSIGNED 1350103247 PB mpmc_v6_06_a/memxlib_utils 1392731540
AR mpmc_v6_06_a/ObjFifo_cons_ctl_async/structure 1392731696 \
      FL $XILINX/hw/XilinxProcessorIPLib/pcores/mpmc_v6_06_a/hdl/vhdl/ObjFifoAsyncDiffW.vhd \
      EN mpmc_v6_06_a/ObjFifo_cons_ctl_async 1392731695
EN mpmc_v6_06_a/ObjFifo_prod_ctl_async 1392731697 \
      FL $XILINX/hw/XilinxProcessorIPLib/pcores/mpmc_v6_06_a/hdl/vhdl/ObjFifoAsyncDiffW.vhd \
      PB ieee/std_logic_1164 1350103243 PB ieee/std_logic_arith 1350103244 \
      PB ieee/STD_LOGIC_UNSIGNED 1350103247 PB mpmc_v6_06_a/memxlib_utils 1392731540
AR mpmc_v6_06_a/ObjFifo_prod_ctl_async/structure 1392731698 \
      FL $XILINX/hw/XilinxProcessorIPLib/pcores/mpmc_v6_06_a/hdl/vhdl/ObjFifoAsyncDiffW.vhd \
      EN mpmc_v6_06_a/ObjFifo_prod_ctl_async 1392731697
EN mpmc_v6_06_a/ObjFifoAsyncDiffW 1392731699 \
      FL $XILINX/hw/XilinxProcessorIPLib/pcores/mpmc_v6_06_a/hdl/vhdl/ObjFifoAsyncDiffW.vhd \
      PB ieee/std_logic_1164 1350103243 PB ieee/std_logic_arith 1350103244 \
      PB ieee/STD_LOGIC_UNSIGNED 1350103247 PB mpmc_v6_06_a/memxlib_utils 1392731540
AR mpmc_v6_06_a/ObjFifoAsyncDiffW/rtl 1392731700 \
      FL $XILINX/hw/XilinxProcessorIPLib/pcores/mpmc_v6_06_a/hdl/vhdl/ObjFifoAsyncDiffW.vhd \
      EN mpmc_v6_06_a/ObjFifoAsyncDiffW 1392731699 \
      AR mpmc_v6_06_a/dp_ram_async_diffw/ramb 1392731648 \
      CP mpmc_v6_06_a/ObjFifo_prod_ctl_async \
      AR mpmc_v6_06_a/ObjFifo_cons_ctl_async/structure 1392731696
FL $XILINX/hw/XilinxProcessorIPLib/pcores/mpmc_v6_06_a/hdl/vhdl/plbv46_address_decoder.vhd 2012/10/02.11:15:19 P.40xd
EN mpmc_v6_06_a/plbv46_address_decoder 1392731711 \
      FL $XILINX/hw/XilinxProcessorIPLib/pcores/mpmc_v6_06_a/hdl/vhdl/plbv46_address_decoder.vhd \
      PB ieee/std_logic_1164 1350103243 PB ieee/NUMERIC_STD 1350103249 LB unisim \
      PH unisim/VCOMPONENTS 1350103252 LB mpmc_v6_06_a
AR mpmc_v6_06_a/plbv46_address_decoder/RTL 1392731712 \
      FL $XILINX/hw/XilinxProcessorIPLib/pcores/mpmc_v6_06_a/hdl/vhdl/plbv46_address_decoder.vhd \
      EN mpmc_v6_06_a/plbv46_address_decoder 1392731711 \
      CP mpmc_v6_06_a/plbv46_sample_cycle CP std_logic_vector CP std_logic \
      CP unsigned CP integer
FL $XILINX/hw/XilinxProcessorIPLib/pcores/mpmc_v6_06_a/hdl/vhdl/plbv46_address_decoder_dsplb.vhd 2012/10/02.11:15:19 P.40xd
EN mpmc_v6_06_a/plbv46_address_decoder_dsplb 1392731717 \
      FL $XILINX/hw/XilinxProcessorIPLib/pcores/mpmc_v6_06_a/hdl/vhdl/plbv46_address_decoder_dsplb.vhd \
      PB ieee/std_logic_1164 1350103243 PB ieee/NUMERIC_STD 1350103249 LB unisim \
      PH unisim/VCOMPONENTS 1350103252 LB mpmc_v6_06_a
AR mpmc_v6_06_a/plbv46_address_decoder_dsplb/RTL 1392731718 \
      FL $XILINX/hw/XilinxProcessorIPLib/pcores/mpmc_v6_06_a/hdl/vhdl/plbv46_address_decoder_dsplb.vhd \
      EN mpmc_v6_06_a/plbv46_address_decoder_dsplb 1392731717 \
      CP mpmc_v6_06_a/plbv46_sample_cycle CP std_logic_vector CP unsigned \
      CP integer
FL $XILINX/hw/XilinxProcessorIPLib/pcores/mpmc_v6_06_a/hdl/vhdl/plbv46_address_decoder_isplb.vhd 2012/10/02.11:15:19 P.40xd
EN mpmc_v6_06_a/plbv46_address_decoder_isplb 1392731721 \
      FL $XILINX/hw/XilinxProcessorIPLib/pcores/mpmc_v6_06_a/hdl/vhdl/plbv46_address_decoder_isplb.vhd \
      PB ieee/std_logic_1164 1350103243 PB ieee/NUMERIC_STD 1350103249 LB unisim \
      PH unisim/VCOMPONENTS 1350103252 LB mpmc_v6_06_a
AR mpmc_v6_06_a/plbv46_address_decoder_isplb/RTL 1392731722 \
      FL $XILINX/hw/XilinxProcessorIPLib/pcores/mpmc_v6_06_a/hdl/vhdl/plbv46_address_decoder_isplb.vhd \
      EN mpmc_v6_06_a/plbv46_address_decoder_isplb 1392731721 \
      CP mpmc_v6_06_a/plbv46_sample_cycle CP std_logic_vector CP unsigned \
      CP integer
FL $XILINX/hw/XilinxProcessorIPLib/pcores/mpmc_v6_06_a/hdl/vhdl/plbv46_address_decoder_single.vhd 2012/10/02.11:15:19 P.40xd
EN mpmc_v6_06_a/plbv46_address_decoder_single 1392731725 \
      FL $XILINX/hw/XilinxProcessorIPLib/pcores/mpmc_v6_06_a/hdl/vhdl/plbv46_address_decoder_single.vhd \
      PB ieee/std_logic_1164 1350103243 PB ieee/NUMERIC_STD 1350103249 LB unisim \
      PH unisim/VCOMPONENTS 1350103252 LB mpmc_v6_06_a
AR mpmc_v6_06_a/plbv46_address_decoder_single/RTL 1392731726 \
      FL $XILINX/hw/XilinxProcessorIPLib/pcores/mpmc_v6_06_a/hdl/vhdl/plbv46_address_decoder_single.vhd \
      EN mpmc_v6_06_a/plbv46_address_decoder_single 1392731725 \
      CP mpmc_v6_06_a/plbv46_sample_cycle CP std_logic_vector CP std_logic \
      CP unsigned
FL $XILINX/hw/XilinxProcessorIPLib/pcores/mpmc_v6_06_a/hdl/vhdl/plbv46_data_steer_mirror.vhd 2012/10/02.11:15:19 P.40xd
EN mpmc_v6_06_a/plbv46_data_steer_mirror 1392731649 \
      FL $XILINX/hw/XilinxProcessorIPLib/pcores/mpmc_v6_06_a/hdl/vhdl/plbv46_data_steer_mirror.vhd \
      PB ieee/std_logic_1164 1350103243 PB ieee/NUMERIC_STD 1350103249 LB unisim
AR mpmc_v6_06_a/plbv46_data_steer_mirror/implementation 1392731650 \
      FL $XILINX/hw/XilinxProcessorIPLib/pcores/mpmc_v6_06_a/hdl/vhdl/plbv46_data_steer_mirror.vhd \
      EN mpmc_v6_06_a/plbv46_data_steer_mirror 1392731649 CP std_logic_vector
FL $XILINX/hw/XilinxProcessorIPLib/pcores/mpmc_v6_06_a/hdl/vhdl/plbv46_pim.vhd 2012/10/02.11:15:19 P.40xd
EN mpmc_v6_06_a/plbv46_pim 1392731739 \
      FL $XILINX/hw/XilinxProcessorIPLib/pcores/mpmc_v6_06_a/hdl/vhdl/plbv46_pim.vhd \
      PB ieee/std_logic_1164 1350103243 PB ieee/std_logic_arith 1350103244 \
      LB unisim PH unisim/VCOMPONENTS 1350103252 LB mpmc_v6_06_a
AR mpmc_v6_06_a/plbv46_pim/rtl_pim 1392731740 \
      FL $XILINX/hw/XilinxProcessorIPLib/pcores/mpmc_v6_06_a/hdl/vhdl/plbv46_pim.vhd \
      EN mpmc_v6_06_a/plbv46_pim 1392731739 CP std_logic CP std_logic_vector \
      CP mpmc_v6_06_a/plbv46_address_decoder CP mpmc_v6_06_a/plbv46_write_module \
      CP mpmc_v6_06_a/plbv46_rd_support CP integer \
      CP mpmc_v6_06_a/plbv46_address_decoder_dsplb \
      CP mpmc_v6_06_a/plbv46_rd_support_dsplb \
      CP mpmc_v6_06_a/plbv46_address_decoder_isplb \
      CP mpmc_v6_06_a/plbv46_rd_support_isplb \
      CP mpmc_v6_06_a/plbv46_address_decoder_single \
      CP mpmc_v6_06_a/plbv46_rd_support_single
FL $XILINX/hw/XilinxProcessorIPLib/pcores/mpmc_v6_06_a/hdl/vhdl/plbv46_pim_wrapper.vhd 2012/10/02.11:15:19 P.40xd
EN mpmc_v6_06_a/plbv46_pim_wrapper 1392731751 \
      FL $XILINX/hw/XilinxProcessorIPLib/pcores/mpmc_v6_06_a/hdl/vhdl/plbv46_pim_wrapper.vhd \
      PB ieee/std_logic_1164 1350103243 PB ieee/std_logic_arith 1350103244 \
      LB unisim PH unisim/VCOMPONENTS 1350103252 LB mpmc_v6_06_a
AR mpmc_v6_06_a/plbv46_pim_wrapper/rtl_pim 1392731752 \
      FL $XILINX/hw/XilinxProcessorIPLib/pcores/mpmc_v6_06_a/hdl/vhdl/plbv46_pim_wrapper.vhd \
      EN mpmc_v6_06_a/plbv46_pim_wrapper 1392731751 CP mpmc_v6_06_a/plbv46_pim
FL $XILINX/hw/XilinxProcessorIPLib/pcores/mpmc_v6_06_a/hdl/vhdl/plbv46_rd_support.vhd 2012/10/02.11:15:19 P.40xd
EN mpmc_v6_06_a/plbv46_rd_support 1392731715 \
      FL $XILINX/hw/XilinxProcessorIPLib/pcores/mpmc_v6_06_a/hdl/vhdl/plbv46_rd_support.vhd \
      PB ieee/std_logic_1164 1350103243 PB ieee/NUMERIC_STD 1350103249 \
      PB ieee/STD_LOGIC_UNSIGNED 1350103247 PB ieee/std_logic_arith 1350103244 \
      LB proc_common_v3_00_a LB mpmc_v6_06_a LB unisim PH unisim/VCOMPONENTS 1350103252 \
      EN proc_common_v3_00_a/srl_fifo_f 1392731605 \
      EN mpmc_v6_06_a/plbv46_data_steer_mirror 1392731649
AR mpmc_v6_06_a/plbv46_rd_support/implementation 1392731716 \
      FL $XILINX/hw/XilinxProcessorIPLib/pcores/mpmc_v6_06_a/hdl/vhdl/plbv46_rd_support.vhd \
      EN mpmc_v6_06_a/plbv46_rd_support 1392731715 CP integer CP std_logic_vector \
      CP std_logic CP XFER_WIDTH_TYPE CP mpmc_v6_06_a/plbv46_data_steer_mirror \
      CP proc_common_v3_00_a/srl_fifo_f
FL $XILINX/hw/XilinxProcessorIPLib/pcores/mpmc_v6_06_a/hdl/vhdl/plbv46_rd_support_dsplb.vhd 2012/10/02.11:15:19 P.40xd
EN mpmc_v6_06_a/plbv46_rd_support_dsplb 1392731719 \
      FL $XILINX/hw/XilinxProcessorIPLib/pcores/mpmc_v6_06_a/hdl/vhdl/plbv46_rd_support_dsplb.vhd \
      PB ieee/std_logic_1164 1350103243 PB ieee/NUMERIC_STD 1350103249 \
      PB ieee/STD_LOGIC_UNSIGNED 1350103247 PB ieee/std_logic_arith 1350103244 \
      LB proc_common_v3_00_a LB mpmc_v6_06_a LB unisim PH unisim/VCOMPONENTS 1350103252 \
      EN proc_common_v3_00_a/srl_fifo_f 1392731605 \
      EN mpmc_v6_06_a/plbv46_data_steer_mirror 1392731649
AR mpmc_v6_06_a/plbv46_rd_support_dsplb/implementation 1392731720 \
      FL $XILINX/hw/XilinxProcessorIPLib/pcores/mpmc_v6_06_a/hdl/vhdl/plbv46_rd_support_dsplb.vhd \
      EN mpmc_v6_06_a/plbv46_rd_support_dsplb 1392731719 CP std_logic \
      CP XFER_WIDTH_TYPE CP mpmc_v6_06_a/plbv46_data_steer_mirror \
      CP proc_common_v3_00_a/srl_fifo_f
FL $XILINX/hw/XilinxProcessorIPLib/pcores/mpmc_v6_06_a/hdl/vhdl/plbv46_rd_support_isplb.vhd 2012/10/02.11:15:19 P.40xd
EN mpmc_v6_06_a/plbv46_rd_support_isplb 1392731723 \
      FL $XILINX/hw/XilinxProcessorIPLib/pcores/mpmc_v6_06_a/hdl/vhdl/plbv46_rd_support_isplb.vhd \
      PB ieee/std_logic_1164 1350103243 PB ieee/NUMERIC_STD 1350103249 \
      PB ieee/STD_LOGIC_UNSIGNED 1350103247 PB ieee/std_logic_arith 1350103244 \
      LB proc_common_v3_00_a LB mpmc_v6_06_a LB unisim PH unisim/VCOMPONENTS 1350103252 \
      EN proc_common_v3_00_a/srl_fifo_f 1392731605 \
      EN mpmc_v6_06_a/plbv46_data_steer_mirror 1392731649
AR mpmc_v6_06_a/plbv46_rd_support_isplb/implementation 1392731724 \
      FL $XILINX/hw/XilinxProcessorIPLib/pcores/mpmc_v6_06_a/hdl/vhdl/plbv46_rd_support_isplb.vhd \
      EN mpmc_v6_06_a/plbv46_rd_support_isplb 1392731723 CP std_logic \
      CP XFER_WIDTH_TYPE CP mpmc_v6_06_a/plbv46_data_steer_mirror \
      CP proc_common_v3_00_a/srl_fifo_f
FL $XILINX/hw/XilinxProcessorIPLib/pcores/mpmc_v6_06_a/hdl/vhdl/plbv46_rd_support_single.vhd 2012/10/02.11:15:19 P.40xd
EN mpmc_v6_06_a/plbv46_rd_support_single 1392731727 \
      FL $XILINX/hw/XilinxProcessorIPLib/pcores/mpmc_v6_06_a/hdl/vhdl/plbv46_rd_support_single.vhd \
      PB ieee/std_logic_1164 1350103243 PB ieee/NUMERIC_STD 1350103249 \
      PB ieee/STD_LOGIC_UNSIGNED 1350103247 PB ieee/std_logic_arith 1350103244 \
      LB mpmc_v6_06_a LB unisim PH unisim/VCOMPONENTS 1350103252 \
      EN mpmc_v6_06_a/plbv46_data_steer_mirror 1392731649
AR mpmc_v6_06_a/plbv46_rd_support_single/implementation 1392731728 \
      FL $XILINX/hw/XilinxProcessorIPLib/pcores/mpmc_v6_06_a/hdl/vhdl/plbv46_rd_support_single.vhd \
      EN mpmc_v6_06_a/plbv46_rd_support_single 1392731727 CP std_logic_vector \
      CP std_logic CP integer CP XFER_WIDTH_TYPE \
      CP mpmc_v6_06_a/plbv46_data_steer_mirror
FL $XILINX/hw/XilinxProcessorIPLib/pcores/mpmc_v6_06_a/hdl/vhdl/plbv46_sample_cycle.vhd 2012/10/02.11:15:19 P.40xd
EN mpmc_v6_06_a/plbv46_sample_cycle 1392731651 \
      FL $XILINX/hw/XilinxProcessorIPLib/pcores/mpmc_v6_06_a/hdl/vhdl/plbv46_sample_cycle.vhd \
      PB ieee/std_logic_1164 1350103243 PB ieee/NUMERIC_STD 1350103249 \
      PB ieee/std_logic_misc 1350103245 LB unisim PH unisim/VCOMPONENTS 1350103252
AR mpmc_v6_06_a/plbv46_sample_cycle/implementation 1392731652 \
      FL $XILINX/hw/XilinxProcessorIPLib/pcores/mpmc_v6_06_a/hdl/vhdl/plbv46_sample_cycle.vhd \
      EN mpmc_v6_06_a/plbv46_sample_cycle 1392731651
FL $XILINX/hw/XilinxProcessorIPLib/pcores/mpmc_v6_06_a/hdl/vhdl/plbv46_write_module.vhd 2012/10/02.11:15:19 P.40xd
EN mpmc_v6_06_a/plbv46_write_module 1392731713 \
      FL $XILINX/hw/XilinxProcessorIPLib/pcores/mpmc_v6_06_a/hdl/vhdl/plbv46_write_module.vhd \
      PB ieee/std_logic_1164 1350103243 PB ieee/NUMERIC_STD 1350103249 \
      PB ieee/std_logic_misc 1350103245 LB proc_common_v3_00_a LB unisim \
      PH unisim/VCOMPONENTS 1350103252 PB proc_common_v3_00_a/proc_common_pkg 1392731501
AR mpmc_v6_06_a/plbv46_write_module/implementation 1392731714 \
      FL $XILINX/hw/XilinxProcessorIPLib/pcores/mpmc_v6_06_a/hdl/vhdl/plbv46_write_module.vhd \
      EN mpmc_v6_06_a/plbv46_write_module 1392731713 CP WRITE_STATE_TYPE \
      CP std_logic CP integer CP std_logic_vector
FL $XILINX/hw/XilinxProcessorIPLib/pcores/mpmc_v6_06_a/hdl/vhdl/PrimXLib_arch.vhd 2012/10/02.11:15:19 P.40xd
EN mpmc_v6_06_a/dp_ram_async_diffw 1392731647 \
      FL $XILINX/hw/XilinxProcessorIPLib/pcores/mpmc_v6_06_a/hdl/vhdl/PrimXLib_arch.vhd \
      PB ieee/std_logic_1164 1350103243 PB ieee/STD_LOGIC_UNSIGNED 1350103247 \
      PB ieee/std_logic_arith 1350103244 LB unisim PH unisim/VCOMPONENTS 1350103252 \
      PB mpmc_v6_06_a/memxlib_utils 1392731540
AR mpmc_v6_06_a/dp_ram_async_diffw/ramb 1392731648 \
      FL $XILINX/hw/XilinxProcessorIPLib/pcores/mpmc_v6_06_a/hdl/vhdl/PrimXLib_arch.vhd \
      EN mpmc_v6_06_a/dp_ram_async_diffw 1392731647 CP ramb16 CP RAMB16_S36_S36 \
      CP RAMB16_S18_S18 CP RAMB16_S18_S36 CP RAMB16_S9_S9 CP RAMB16_S9_S18 \
      CP RAMB16_S9_S36 CP RAMB16_S4_S4 CP RAMB16_S4_S9 CP RAMB16_S4_S18 \
      CP RAMB16_S4_S36 CP RAMB16_S2_S2 CP RAMB16_S2_S4 CP RAMB16_S2_S9 \
      CP RAMB16_S2_S18 CP RAMB16_S2_S36 CP RAMB16_S1_S1 CP RAMB16_S1_S2 \
      CP RAMB16_S1_S4 CP RAMB16_S1_S9 CP RAMB16_S1_S18 CP RAMB16_S1_S36 \
      CP mpmc_v6_06_a/dp_ram_async
FL $XILINX/hw/XilinxProcessorIPLib/pcores/mpmc_v6_06_a/hdl/vhdl/p_vfbc.vhd 2012/10/02.11:15:19 P.40xd
PH mpmc_v6_06_a/p_vfbc 1392731693 \
      FL $XILINX/hw/XilinxProcessorIPLib/pcores/mpmc_v6_06_a/hdl/vhdl/p_vfbc.vhd \
      PB ieee/std_logic_1164 1350103243 PB ieee/STD_LOGIC_UNSIGNED 1350103247 \
      PB ieee/std_logic_arith 1350103244 PB mpmc_v6_06_a/memxlib_utils 1392731540
PB mpmc_v6_06_a/p_vfbc 1392731694 \
      FL $XILINX/hw/XilinxProcessorIPLib/pcores/mpmc_v6_06_a/hdl/vhdl/p_vfbc.vhd \
      PH mpmc_v6_06_a/p_vfbc 1392731693
FL $XILINX/hw/XilinxProcessorIPLib/pcores/mpmc_v6_06_a/hdl/vhdl/sdma.vhd 2012/10/02.11:15:19 P.40xd
EN mpmc_v6_06_a/sdma 1392731741 \
      FL $XILINX/hw/XilinxProcessorIPLib/pcores/mpmc_v6_06_a/hdl/vhdl/sdma.vhd \
      PB ieee/std_logic_1164 1350103243 PB ieee/NUMERIC_STD 1350103249 \
      PB ieee/std_logic_misc 1350103245 LB proc_common_v3_00_a LB unisim \
      PH unisim/VCOMPONENTS 1350103252 LB mpmc_v6_06_a \
      LB plbv46_slave_single_v1_01_a PB proc_common_v3_00_a/proc_common_pkg 1392731501 \
      PB proc_common_v3_00_a/family_support 1392731499 \
      PB proc_common_v3_00_a/ipif_pkg 1392731618 PB mpmc_v6_06_a/sdma_pkg 1392731638
AR mpmc_v6_06_a/sdma/implementation 1392731742 \
      FL $XILINX/hw/XilinxProcessorIPLib/pcores/mpmc_v6_06_a/hdl/vhdl/sdma.vhd \
      EN mpmc_v6_06_a/sdma 1392731741 CP mpmc_v6_06_a/sdma_cntl \
      CP mpmc_v6_06_a/sdma_datapath \
      CP plbv46_slave_single_v1_01_a/plbv46_slave_single
FL $XILINX/hw/XilinxProcessorIPLib/pcores/mpmc_v6_06_a/hdl/vhdl/sdma_address_counter.vhd 2012/10/02.11:15:19 P.40xd
EN mpmc_v6_06_a/sdma_address_counter 1392731657 \
      FL $XILINX/hw/XilinxProcessorIPLib/pcores/mpmc_v6_06_a/hdl/vhdl/sdma_address_counter.vhd \
      PB ieee/std_logic_1164 1350103243 PB ieee/NUMERIC_STD 1350103249 \
      PB ieee/std_logic_misc 1350103245 LB proc_common_v3_00_a LB unisim \
      PH unisim/VCOMPONENTS 1350103252 LB mpmc_v6_06_a \
      PB proc_common_v3_00_a/proc_common_pkg 1392731501 \
      PB proc_common_v3_00_a/family_support 1392731499 \
      PB proc_common_v3_00_a/ipif_pkg 1392731618 PB mpmc_v6_06_a/sdma_pkg 1392731638
AR mpmc_v6_06_a/sdma_address_counter/implementation 1392731658 \
      FL $XILINX/hw/XilinxProcessorIPLib/pcores/mpmc_v6_06_a/hdl/vhdl/sdma_address_counter.vhd \
      EN mpmc_v6_06_a/sdma_address_counter 1392731657
FL $XILINX/hw/XilinxProcessorIPLib/pcores/mpmc_v6_06_a/hdl/vhdl/sdma_addr_arbiter.vhd 2012/10/02.11:15:19 P.40xd
EN mpmc_v6_06_a/sdma_addr_arbiter 1392731673 \
      FL $XILINX/hw/XilinxProcessorIPLib/pcores/mpmc_v6_06_a/hdl/vhdl/sdma_addr_arbiter.vhd \
      PB ieee/std_logic_1164 1350103243 PB ieee/NUMERIC_STD 1350103249 \
      PB ieee/std_logic_misc 1350103245 LB proc_common_v3_00_a LB unisim \
      PH unisim/VCOMPONENTS 1350103252 LB mpmc_v6_06_a \
      PB proc_common_v3_00_a/proc_common_pkg 1392731501 \
      PB proc_common_v3_00_a/family_support 1392731499 \
      PB proc_common_v3_00_a/ipif_pkg 1392731618 PB mpmc_v6_06_a/sdma_pkg 1392731638
AR mpmc_v6_06_a/sdma_addr_arbiter/implementation 1392731674 \
      FL $XILINX/hw/XilinxProcessorIPLib/pcores/mpmc_v6_06_a/hdl/vhdl/sdma_addr_arbiter.vhd \
      EN mpmc_v6_06_a/sdma_addr_arbiter 1392731673
FL $XILINX/hw/XilinxProcessorIPLib/pcores/mpmc_v6_06_a/hdl/vhdl/sdma_channel_status_reg.vhd 2012/10/02.11:15:19 P.40xd
EN mpmc_v6_06_a/sdma_channel_status_reg 1392731655 \
      FL $XILINX/hw/XilinxProcessorIPLib/pcores/mpmc_v6_06_a/hdl/vhdl/sdma_channel_status_reg.vhd \
      PB ieee/std_logic_1164 1350103243 PB ieee/NUMERIC_STD 1350103249 \
      PB ieee/std_logic_misc 1350103245 LB proc_common_v3_00_a LB unisim \
      PH unisim/VCOMPONENTS 1350103252 LB mpmc_v6_06_a \
      PB proc_common_v3_00_a/proc_common_pkg 1392731501 \
      PB proc_common_v3_00_a/family_support 1392731499 \
      PB proc_common_v3_00_a/ipif_pkg 1392731618 PB mpmc_v6_06_a/sdma_pkg 1392731638
AR mpmc_v6_06_a/sdma_channel_status_reg/implementation 1392731656 \
      FL $XILINX/hw/XilinxProcessorIPLib/pcores/mpmc_v6_06_a/hdl/vhdl/sdma_channel_status_reg.vhd \
      EN mpmc_v6_06_a/sdma_channel_status_reg 1392731655
FL $XILINX/hw/XilinxProcessorIPLib/pcores/mpmc_v6_06_a/hdl/vhdl/sdma_cntl.vhd 2012/10/02.11:15:19 P.40xd
EN mpmc_v6_06_a/sdma_cntl 1392731731 \
      FL $XILINX/hw/XilinxProcessorIPLib/pcores/mpmc_v6_06_a/hdl/vhdl/sdma_cntl.vhd \
      PB ieee/std_logic_1164 1350103243 PB ieee/NUMERIC_STD 1350103249 \
      PB ieee/std_logic_misc 1350103245 LB proc_common_v3_00_a LB unisim \
      PH unisim/VCOMPONENTS 1350103252 LB mpmc_v6_06_a \
      PB proc_common_v3_00_a/proc_common_pkg 1392731501 \
      PB proc_common_v3_00_a/family_support 1392731499 \
      PB proc_common_v3_00_a/ipif_pkg 1392731618 PB mpmc_v6_06_a/sdma_pkg 1392731638
AR mpmc_v6_06_a/sdma_cntl/implementation 1392731732 \
      FL $XILINX/hw/XilinxProcessorIPLib/pcores/mpmc_v6_06_a/hdl/vhdl/sdma_cntl.vhd \
      EN mpmc_v6_06_a/sdma_cntl 1392731731 CP mpmc_v6_06_a/sdma_ipic_if \
      CP mpmc_v6_06_a/sdma_interrupt_register \
      CP mpmc_v6_06_a/sdma_dmac_regfile_arb CP mpmc_v6_06_a/sdma_read_data_delay \
      CP mpmc_v6_06_a/sdma_addr_arbiter CP mpmc_v6_06_a/sdma_port_arbiter \
      CP mpmc_v6_06_a/sdma_tx_write_handler CP mpmc_v6_06_a/sdma_tx_read_handler \
      CP mpmc_v6_06_a/sdma_tx_port_controller CP mpmc_v6_06_a/sdma_tx_rx_state \
      CP mpmc_v6_06_a/sdma_rx_write_handler CP mpmc_v6_06_a/sdma_rx_read_handler \
      CP mpmc_v6_06_a/sdma_rx_port_controller
FL $XILINX/hw/XilinxProcessorIPLib/pcores/mpmc_v6_06_a/hdl/vhdl/sdma_datapath.vhd 2012/10/02.11:15:19 P.40xd
EN mpmc_v6_06_a/sdma_datapath 1392731733 \
      FL $XILINX/hw/XilinxProcessorIPLib/pcores/mpmc_v6_06_a/hdl/vhdl/sdma_datapath.vhd \
      PB ieee/std_logic_1164 1350103243 PB ieee/NUMERIC_STD 1350103249 \
      PB ieee/std_logic_misc 1350103245 LB proc_common_v3_00_a LB unisim \
      PH unisim/VCOMPONENTS 1350103252 LB mpmc_v6_06_a \
      PB proc_common_v3_00_a/proc_common_pkg 1392731501 \
      PB proc_common_v3_00_a/family_support 1392731499 \
      PB proc_common_v3_00_a/ipif_pkg 1392731618 PB mpmc_v6_06_a/sdma_pkg 1392731638
AR mpmc_v6_06_a/sdma_datapath/implementation 1392731734 \
      FL $XILINX/hw/XilinxProcessorIPLib/pcores/mpmc_v6_06_a/hdl/vhdl/sdma_datapath.vhd \
      EN mpmc_v6_06_a/sdma_datapath 1392731733 CP RAM16X1S \
      CP mpmc_v6_06_a/sdma_reset_module CP mpmc_v6_06_a/sdma_channel_status_reg \
      CP mpmc_v6_06_a/sdma_address_counter CP mpmc_v6_06_a/sdma_length_counter \
      CP mpmc_v6_06_a/sdma_tx_byte_shifter CP mpmc_v6_06_a/sdma_RX_Byte_Shifter
FL $XILINX/hw/XilinxProcessorIPLib/pcores/mpmc_v6_06_a/hdl/vhdl/sdma_dmac_regfile_arb.vhd 2012/10/02.11:15:19 P.40xd
EN mpmc_v6_06_a/sdma_dmac_regfile_arb 1392731669 \
      FL $XILINX/hw/XilinxProcessorIPLib/pcores/mpmc_v6_06_a/hdl/vhdl/sdma_dmac_regfile_arb.vhd \
      PB ieee/std_logic_1164 1350103243 PB ieee/NUMERIC_STD 1350103249 \
      PB ieee/std_logic_misc 1350103245 LB proc_common_v3_00_a LB unisim \
      PH unisim/VCOMPONENTS 1350103252 LB mpmc_v6_06_a \
      PB proc_common_v3_00_a/proc_common_pkg 1392731501 \
      PB proc_common_v3_00_a/family_support 1392731499 \
      PB proc_common_v3_00_a/ipif_pkg 1392731618 PB mpmc_v6_06_a/sdma_pkg 1392731638
AR mpmc_v6_06_a/sdma_dmac_regfile_arb/implementation 1392731670 \
      FL $XILINX/hw/XilinxProcessorIPLib/pcores/mpmc_v6_06_a/hdl/vhdl/sdma_dmac_regfile_arb.vhd \
      EN mpmc_v6_06_a/sdma_dmac_regfile_arb 1392731669
FL $XILINX/hw/XilinxProcessorIPLib/pcores/mpmc_v6_06_a/hdl/vhdl/sdma_interrupt_register.vhd 2012/10/02.11:15:19 P.40xd
EN mpmc_v6_06_a/sdma_interrupt_register 1392731667 \
      FL $XILINX/hw/XilinxProcessorIPLib/pcores/mpmc_v6_06_a/hdl/vhdl/sdma_interrupt_register.vhd \
      PB ieee/std_logic_1164 1350103243 PB ieee/NUMERIC_STD 1350103249 \
      PB ieee/std_logic_misc 1350103245 LB proc_common_v3_00_a LB unisim \
      PH unisim/VCOMPONENTS 1350103252 LB mpmc_v6_06_a \
      PB proc_common_v3_00_a/proc_common_pkg 1392731501 \
      PB proc_common_v3_00_a/family_support 1392731499 \
      PB proc_common_v3_00_a/ipif_pkg 1392731618 PB mpmc_v6_06_a/sdma_pkg 1392731638
AR mpmc_v6_06_a/sdma_interrupt_register/implementation 1392731668 \
      FL $XILINX/hw/XilinxProcessorIPLib/pcores/mpmc_v6_06_a/hdl/vhdl/sdma_interrupt_register.vhd \
      EN mpmc_v6_06_a/sdma_interrupt_register 1392731667
FL $XILINX/hw/XilinxProcessorIPLib/pcores/mpmc_v6_06_a/hdl/vhdl/sdma_ipic_if.vhd 2012/10/02.11:15:19 P.40xd
EN mpmc_v6_06_a/sdma_ipic_if 1392731665 \
      FL $XILINX/hw/XilinxProcessorIPLib/pcores/mpmc_v6_06_a/hdl/vhdl/sdma_ipic_if.vhd \
      PB ieee/std_logic_1164 1350103243 PB ieee/NUMERIC_STD 1350103249 \
      PB ieee/std_logic_misc 1350103245 LB proc_common_v3_00_a LB unisim \
      PH unisim/VCOMPONENTS 1350103252 LB mpmc_v6_06_a \
      PB proc_common_v3_00_a/proc_common_pkg 1392731501 \
      PB proc_common_v3_00_a/family_support 1392731499 \
      PB proc_common_v3_00_a/ipif_pkg 1392731618 PB mpmc_v6_06_a/sdma_pkg 1392731638
AR mpmc_v6_06_a/sdma_ipic_if/implementation 1392731666 \
      FL $XILINX/hw/XilinxProcessorIPLib/pcores/mpmc_v6_06_a/hdl/vhdl/sdma_ipic_if.vhd \
      EN mpmc_v6_06_a/sdma_ipic_if 1392731665 CP mpmc_v6_06_a/sdma_sample_cycle
FL $XILINX/hw/XilinxProcessorIPLib/pcores/mpmc_v6_06_a/hdl/vhdl/sdma_length_counter.vhd 2012/10/02.11:15:19 P.40xd
EN mpmc_v6_06_a/sdma_length_counter 1392731659 \
      FL $XILINX/hw/XilinxProcessorIPLib/pcores/mpmc_v6_06_a/hdl/vhdl/sdma_length_counter.vhd \
      PB ieee/std_logic_1164 1350103243 PB ieee/NUMERIC_STD 1350103249 \
      PB ieee/std_logic_misc 1350103245 LB proc_common_v3_00_a LB unisim \
      PH unisim/VCOMPONENTS 1350103252 LB mpmc_v6_06_a \
      PB proc_common_v3_00_a/proc_common_pkg 1392731501 \
      PB proc_common_v3_00_a/family_support 1392731499 \
      PB proc_common_v3_00_a/ipif_pkg 1392731618 PB mpmc_v6_06_a/sdma_pkg 1392731638
AR mpmc_v6_06_a/sdma_length_counter/implementation 1392731660 \
      FL $XILINX/hw/XilinxProcessorIPLib/pcores/mpmc_v6_06_a/hdl/vhdl/sdma_length_counter.vhd \
      EN mpmc_v6_06_a/sdma_length_counter 1392731659
FL $XILINX/hw/XilinxProcessorIPLib/pcores/mpmc_v6_06_a/hdl/vhdl/sdma_pkg.vhd 2012/10/02.11:15:19 P.40xd
PH mpmc_v6_06_a/sdma_pkg 1392731637 \
      FL $XILINX/hw/XilinxProcessorIPLib/pcores/mpmc_v6_06_a/hdl/vhdl/sdma_pkg.vhd \
      PB ieee/std_logic_1164 1350103243 PB ieee/NUMERIC_STD 1350103249 \
      PB ieee/std_logic_misc 1350103245 LB proc_common_v3_00_a LB unisim \
      PH unisim/VCOMPONENTS 1350103252 LB mpmc_v6_06_a \
      PB proc_common_v3_00_a/proc_common_pkg 1392731501 \
      PB proc_common_v3_00_a/family_support 1392731499 \
      PB proc_common_v3_00_a/ipif_pkg 1392731618
PB mpmc_v6_06_a/sdma_pkg 1392731638 \
      FL $XILINX/hw/XilinxProcessorIPLib/pcores/mpmc_v6_06_a/hdl/vhdl/sdma_pkg.vhd \
      PH mpmc_v6_06_a/sdma_pkg 1392731637
FL $XILINX/hw/XilinxProcessorIPLib/pcores/mpmc_v6_06_a/hdl/vhdl/sdma_port_arbiter.vhd 2012/10/02.11:15:19 P.40xd
EN mpmc_v6_06_a/sdma_port_arbiter 1392731675 \
      FL $XILINX/hw/XilinxProcessorIPLib/pcores/mpmc_v6_06_a/hdl/vhdl/sdma_port_arbiter.vhd \
      PB ieee/std_logic_1164 1350103243 PB ieee/NUMERIC_STD 1350103249 \
      PB ieee/std_logic_misc 1350103245 LB proc_common_v3_00_a LB unisim \
      PH unisim/VCOMPONENTS 1350103252 LB mpmc_v6_06_a \
      PB proc_common_v3_00_a/proc_common_pkg 1392731501 \
      PB proc_common_v3_00_a/family_support 1392731499 \
      PB proc_common_v3_00_a/ipif_pkg 1392731618 PB mpmc_v6_06_a/sdma_pkg 1392731638
AR mpmc_v6_06_a/sdma_port_arbiter/implementation 1392731676 \
      FL $XILINX/hw/XilinxProcessorIPLib/pcores/mpmc_v6_06_a/hdl/vhdl/sdma_port_arbiter.vhd \
      EN mpmc_v6_06_a/sdma_port_arbiter 1392731675
FL $XILINX/hw/XilinxProcessorIPLib/pcores/mpmc_v6_06_a/hdl/vhdl/sdma_read_data_delay.vhd 2012/10/02.11:15:19 P.40xd
EN mpmc_v6_06_a/sdma_read_data_delay 1392731671 \
      FL $XILINX/hw/XilinxProcessorIPLib/pcores/mpmc_v6_06_a/hdl/vhdl/sdma_read_data_delay.vhd \
      PB ieee/std_logic_1164 1350103243 PB ieee/NUMERIC_STD 1350103249 \
      PB ieee/std_logic_misc 1350103245 LB proc_common_v3_00_a LB unisim \
      PH unisim/VCOMPONENTS 1350103252 LB mpmc_v6_06_a \
      PB proc_common_v3_00_a/proc_common_pkg 1392731501 \
      PB proc_common_v3_00_a/family_support 1392731499 \
      PB proc_common_v3_00_a/ipif_pkg 1392731618 PB mpmc_v6_06_a/sdma_pkg 1392731638
AR mpmc_v6_06_a/sdma_read_data_delay/implementation 1392731672 \
      FL $XILINX/hw/XilinxProcessorIPLib/pcores/mpmc_v6_06_a/hdl/vhdl/sdma_read_data_delay.vhd \
      EN mpmc_v6_06_a/sdma_read_data_delay 1392731671
FL $XILINX/hw/XilinxProcessorIPLib/pcores/mpmc_v6_06_a/hdl/vhdl/sdma_reset_module.vhd 2012/10/02.11:15:19 P.40xd
EN mpmc_v6_06_a/sdma_reset_module 1392731653 \
      FL $XILINX/hw/XilinxProcessorIPLib/pcores/mpmc_v6_06_a/hdl/vhdl/sdma_reset_module.vhd \
      PB ieee/std_logic_1164 1350103243 PB ieee/NUMERIC_STD 1350103249 \
      PB ieee/std_logic_misc 1350103245 LB proc_common_v3_00_a LB unisim \
      PH unisim/VCOMPONENTS 1350103252 LB mpmc_v6_06_a \
      PB proc_common_v3_00_a/proc_common_pkg 1392731501 \
      PB proc_common_v3_00_a/family_support 1392731499 \
      PB proc_common_v3_00_a/ipif_pkg 1392731618 PB mpmc_v6_06_a/sdma_pkg 1392731638
AR mpmc_v6_06_a/sdma_reset_module/implementation 1392731654 \
      FL $XILINX/hw/XilinxProcessorIPLib/pcores/mpmc_v6_06_a/hdl/vhdl/sdma_reset_module.vhd \
      EN mpmc_v6_06_a/sdma_reset_module 1392731653
FL $XILINX/hw/XilinxProcessorIPLib/pcores/mpmc_v6_06_a/hdl/vhdl/sdma_rx_byte_shifter.vhd 2012/10/02.11:15:19 P.40xd
EN mpmc_v6_06_a/sdma_rx_byte_shifter 1392731663 \
      FL $XILINX/hw/XilinxProcessorIPLib/pcores/mpmc_v6_06_a/hdl/vhdl/sdma_rx_byte_shifter.vhd \
      PB ieee/std_logic_1164 1350103243 PB ieee/NUMERIC_STD 1350103249 \
      PB ieee/std_logic_misc 1350103245 LB proc_common_v3_00_a LB unisim \
      PH unisim/VCOMPONENTS 1350103252 LB mpmc_v6_06_a \
      PB proc_common_v3_00_a/proc_common_pkg 1392731501 \
      PB proc_common_v3_00_a/family_support 1392731499 \
      PB proc_common_v3_00_a/ipif_pkg 1392731618 PB mpmc_v6_06_a/sdma_pkg 1392731638
AR mpmc_v6_06_a/sdma_rx_byte_shifter/implementation 1392731664 \
      FL $XILINX/hw/XilinxProcessorIPLib/pcores/mpmc_v6_06_a/hdl/vhdl/sdma_rx_byte_shifter.vhd \
      EN mpmc_v6_06_a/sdma_rx_byte_shifter 1392731663
FL $XILINX/hw/XilinxProcessorIPLib/pcores/mpmc_v6_06_a/hdl/vhdl/sdma_rx_port_controller.vhd 2012/10/02.11:15:19 P.40xd
EN mpmc_v6_06_a/sdma_rx_port_controller 1392731689 \
      FL $XILINX/hw/XilinxProcessorIPLib/pcores/mpmc_v6_06_a/hdl/vhdl/sdma_rx_port_controller.vhd \
      PB ieee/std_logic_1164 1350103243 PB ieee/NUMERIC_STD 1350103249 \
      PB ieee/std_logic_misc 1350103245 LB proc_common_v3_00_a LB unisim \
      PH unisim/VCOMPONENTS 1350103252 LB mpmc_v6_06_a \
      PB proc_common_v3_00_a/proc_common_pkg 1392731501 \
      PB proc_common_v3_00_a/family_support 1392731499 \
      PB proc_common_v3_00_a/ipif_pkg 1392731618 PB mpmc_v6_06_a/sdma_pkg 1392731638
AR mpmc_v6_06_a/sdma_rx_port_controller/implementation 1392731690 \
      FL $XILINX/hw/XilinxProcessorIPLib/pcores/mpmc_v6_06_a/hdl/vhdl/sdma_rx_port_controller.vhd \
      EN mpmc_v6_06_a/sdma_rx_port_controller 1392731689
FL $XILINX/hw/XilinxProcessorIPLib/pcores/mpmc_v6_06_a/hdl/vhdl/sdma_rx_read_handler.vhd 2012/10/02.11:15:19 P.40xd
EN mpmc_v6_06_a/sdma_rx_read_handler 1392731687 \
      FL $XILINX/hw/XilinxProcessorIPLib/pcores/mpmc_v6_06_a/hdl/vhdl/sdma_rx_read_handler.vhd \
      PB ieee/std_logic_1164 1350103243 PB ieee/NUMERIC_STD 1350103249 \
      PB ieee/std_logic_misc 1350103245 LB proc_common_v3_00_a LB unisim \
      PH unisim/VCOMPONENTS 1350103252 LB mpmc_v6_06_a \
      PB proc_common_v3_00_a/proc_common_pkg 1392731501 \
      PB proc_common_v3_00_a/family_support 1392731499 \
      PB proc_common_v3_00_a/ipif_pkg 1392731618 PB mpmc_v6_06_a/sdma_pkg 1392731638
AR mpmc_v6_06_a/sdma_rx_read_handler/implementation 1392731688 \
      FL $XILINX/hw/XilinxProcessorIPLib/pcores/mpmc_v6_06_a/hdl/vhdl/sdma_rx_read_handler.vhd \
      EN mpmc_v6_06_a/sdma_rx_read_handler 1392731687
FL $XILINX/hw/XilinxProcessorIPLib/pcores/mpmc_v6_06_a/hdl/vhdl/sdma_rx_write_handler.vhd 2012/10/02.11:15:19 P.40xd
EN mpmc_v6_06_a/sdma_rx_write_handler 1392731685 \
      FL $XILINX/hw/XilinxProcessorIPLib/pcores/mpmc_v6_06_a/hdl/vhdl/sdma_rx_write_handler.vhd \
      PB ieee/std_logic_1164 1350103243 PB ieee/NUMERIC_STD 1350103249 \
      PB ieee/std_logic_misc 1350103245 LB proc_common_v3_00_a LB unisim \
      PH unisim/VCOMPONENTS 1350103252 LB mpmc_v6_06_a \
      PB proc_common_v3_00_a/proc_common_pkg 1392731501 \
      PB proc_common_v3_00_a/family_support 1392731499 \
      PB proc_common_v3_00_a/ipif_pkg 1392731618 PB mpmc_v6_06_a/sdma_pkg 1392731638
AR mpmc_v6_06_a/sdma_rx_write_handler/implementation 1392731686 \
      FL $XILINX/hw/XilinxProcessorIPLib/pcores/mpmc_v6_06_a/hdl/vhdl/sdma_rx_write_handler.vhd \
      EN mpmc_v6_06_a/sdma_rx_write_handler 1392731685
FL $XILINX/hw/XilinxProcessorIPLib/pcores/mpmc_v6_06_a/hdl/vhdl/sdma_sample_cycle.vhd 2012/10/02.11:15:19 P.40xd
EN mpmc_v6_06_a/sdma_sample_cycle 1392731639 \
      FL $XILINX/hw/XilinxProcessorIPLib/pcores/mpmc_v6_06_a/hdl/vhdl/sdma_sample_cycle.vhd \
      PB ieee/std_logic_1164 1350103243 PB ieee/NUMERIC_STD 1350103249 \
      PB ieee/std_logic_misc 1350103245 LB unisim PH unisim/VCOMPONENTS 1350103252
AR mpmc_v6_06_a/sdma_sample_cycle/implementation 1392731640 \
      FL $XILINX/hw/XilinxProcessorIPLib/pcores/mpmc_v6_06_a/hdl/vhdl/sdma_sample_cycle.vhd \
      EN mpmc_v6_06_a/sdma_sample_cycle 1392731639
FL $XILINX/hw/XilinxProcessorIPLib/pcores/mpmc_v6_06_a/hdl/vhdl/sdma_tx_byte_shifter.vhd 2012/10/02.11:15:19 P.40xd
EN mpmc_v6_06_a/sdma_tx_byte_shifter 1392731661 \
      FL $XILINX/hw/XilinxProcessorIPLib/pcores/mpmc_v6_06_a/hdl/vhdl/sdma_tx_byte_shifter.vhd \
      PB ieee/std_logic_1164 1350103243 PB ieee/NUMERIC_STD 1350103249 \
      PB ieee/std_logic_misc 1350103245 LB proc_common_v3_00_a LB unisim \
      PH unisim/VCOMPONENTS 1350103252 LB mpmc_v6_06_a \
      PB proc_common_v3_00_a/proc_common_pkg 1392731501 \
      PB proc_common_v3_00_a/family_support 1392731499 \
      PB proc_common_v3_00_a/ipif_pkg 1392731618 PB mpmc_v6_06_a/sdma_pkg 1392731638
AR mpmc_v6_06_a/sdma_tx_byte_shifter/implementation 1392731662 \
      FL $XILINX/hw/XilinxProcessorIPLib/pcores/mpmc_v6_06_a/hdl/vhdl/sdma_tx_byte_shifter.vhd \
      EN mpmc_v6_06_a/sdma_tx_byte_shifter 1392731661
FL $XILINX/hw/XilinxProcessorIPLib/pcores/mpmc_v6_06_a/hdl/vhdl/sdma_tx_port_controller.vhd 2012/10/02.11:15:19 P.40xd
EN mpmc_v6_06_a/sdma_tx_port_controller 1392731681 \
      FL $XILINX/hw/XilinxProcessorIPLib/pcores/mpmc_v6_06_a/hdl/vhdl/sdma_tx_port_controller.vhd \
      PB ieee/std_logic_1164 1350103243 PB ieee/NUMERIC_STD 1350103249 \
      PB ieee/std_logic_misc 1350103245 LB proc_common_v3_00_a LB unisim \
      PH unisim/VCOMPONENTS 1350103252 LB mpmc_v6_06_a \
      PB proc_common_v3_00_a/proc_common_pkg 1392731501 \
      PB proc_common_v3_00_a/family_support 1392731499 \
      PB proc_common_v3_00_a/ipif_pkg 1392731618 PB mpmc_v6_06_a/sdma_pkg 1392731638
AR mpmc_v6_06_a/sdma_tx_port_controller/implementation 1392731682 \
      FL $XILINX/hw/XilinxProcessorIPLib/pcores/mpmc_v6_06_a/hdl/vhdl/sdma_tx_port_controller.vhd \
      EN mpmc_v6_06_a/sdma_tx_port_controller 1392731681
FL $XILINX/hw/XilinxProcessorIPLib/pcores/mpmc_v6_06_a/hdl/vhdl/sdma_tx_read_handler.vhd 2012/10/02.11:15:19 P.40xd
EN mpmc_v6_06_a/sdma_tx_read_handler 1392731679 \
      FL $XILINX/hw/XilinxProcessorIPLib/pcores/mpmc_v6_06_a/hdl/vhdl/sdma_tx_read_handler.vhd \
      PB ieee/std_logic_1164 1350103243 PB ieee/NUMERIC_STD 1350103249 \
      PB ieee/std_logic_misc 1350103245 LB proc_common_v3_00_a LB unisim \
      PH unisim/VCOMPONENTS 1350103252 LB mpmc_v6_06_a \
      PB proc_common_v3_00_a/proc_common_pkg 1392731501 \
      PB proc_common_v3_00_a/family_support 1392731499 \
      PB proc_common_v3_00_a/ipif_pkg 1392731618 PB mpmc_v6_06_a/sdma_pkg 1392731638
AR mpmc_v6_06_a/sdma_tx_read_handler/implementation 1392731680 \
      FL $XILINX/hw/XilinxProcessorIPLib/pcores/mpmc_v6_06_a/hdl/vhdl/sdma_tx_read_handler.vhd \
      EN mpmc_v6_06_a/sdma_tx_read_handler 1392731679
FL $XILINX/hw/XilinxProcessorIPLib/pcores/mpmc_v6_06_a/hdl/vhdl/sdma_tx_rx_state.vhd 2012/10/02.11:15:19 P.40xd
EN mpmc_v6_06_a/sdma_tx_rx_state 1392731683 \
      FL $XILINX/hw/XilinxProcessorIPLib/pcores/mpmc_v6_06_a/hdl/vhdl/sdma_tx_rx_state.vhd \
      PB ieee/std_logic_1164 1350103243 PB ieee/NUMERIC_STD 1350103249 \
      PB ieee/std_logic_misc 1350103245 LB proc_common_v3_00_a LB unisim \
      PH unisim/VCOMPONENTS 1350103252 LB mpmc_v6_06_a \
      PB proc_common_v3_00_a/proc_common_pkg 1392731501 \
      PB proc_common_v3_00_a/family_support 1392731499 \
      PB proc_common_v3_00_a/ipif_pkg 1392731618 PB mpmc_v6_06_a/sdma_pkg 1392731638
AR mpmc_v6_06_a/sdma_tx_rx_state/implementation 1392731684 \
      FL $XILINX/hw/XilinxProcessorIPLib/pcores/mpmc_v6_06_a/hdl/vhdl/sdma_tx_rx_state.vhd \
      EN mpmc_v6_06_a/sdma_tx_rx_state 1392731683
FL $XILINX/hw/XilinxProcessorIPLib/pcores/mpmc_v6_06_a/hdl/vhdl/sdma_tx_write_handler.vhd 2012/10/02.11:15:19 P.40xd
EN mpmc_v6_06_a/sdma_tx_write_handler 1392731677 \
      FL $XILINX/hw/XilinxProcessorIPLib/pcores/mpmc_v6_06_a/hdl/vhdl/sdma_tx_write_handler.vhd \
      PB ieee/std_logic_1164 1350103243 PB ieee/NUMERIC_STD 1350103249 \
      PB ieee/std_logic_misc 1350103245 LB proc_common_v3_00_a LB unisim \
      PH unisim/VCOMPONENTS 1350103252 LB mpmc_v6_06_a \
      PB proc_common_v3_00_a/proc_common_pkg 1392731501 \
      PB proc_common_v3_00_a/family_support 1392731499 \
      PB proc_common_v3_00_a/ipif_pkg 1392731618 PB mpmc_v6_06_a/sdma_pkg 1392731638
AR mpmc_v6_06_a/sdma_tx_write_handler/implementation 1392731678 \
      FL $XILINX/hw/XilinxProcessorIPLib/pcores/mpmc_v6_06_a/hdl/vhdl/sdma_tx_write_handler.vhd \
      EN mpmc_v6_06_a/sdma_tx_write_handler 1392731677
FL $XILINX/hw/XilinxProcessorIPLib/pcores/mpmc_v6_06_a/hdl/vhdl/sdma_wrapper.vhd 2012/10/02.11:15:19 P.40xd
EN mpmc_v6_06_a/sdma_wrapper 1392731749 \
      FL $XILINX/hw/XilinxProcessorIPLib/pcores/mpmc_v6_06_a/hdl/vhdl/sdma_wrapper.vhd \
      PB ieee/std_logic_1164 1350103243 PB ieee/std_logic_arith 1350103244 \
      PB ieee/NUMERIC_STD 1350103249 PB ieee/std_logic_misc 1350103245 LB unisim \
      PH unisim/VCOMPONENTS 1350103252 LB mpmc_v6_06_a PB mpmc_v6_06_a/sdma_pkg 1392731638
AR mpmc_v6_06_a/sdma_wrapper/implementation 1392731750 \
      FL $XILINX/hw/XilinxProcessorIPLib/pcores/mpmc_v6_06_a/hdl/vhdl/sdma_wrapper.vhd \
      EN mpmc_v6_06_a/sdma_wrapper 1392731749 CP mpmc_v6_06_a/sdma
FL $XILINX/hw/XilinxProcessorIPLib/pcores/mpmc_v6_06_a/hdl/vhdl/vfbc.vhd 2012/10/02.11:15:19 P.40xd
EN mpmc_v6_06_a/vfbc 1392731735 \
      FL $XILINX/hw/XilinxProcessorIPLib/pcores/mpmc_v6_06_a/hdl/vhdl/vfbc.vhd \
      PB ieee/std_logic_1164 1350103243 PB ieee/STD_LOGIC_UNSIGNED 1350103247 \
      PB ieee/std_logic_arith 1350103244 PB mpmc_v6_06_a/memxlib_utils 1392731540 \
      PB mpmc_v6_06_a/p_vfbc 1392731694
AR mpmc_v6_06_a/vfbc/rtl 1392731736 \
      FL $XILINX/hw/XilinxProcessorIPLib/pcores/mpmc_v6_06_a/hdl/vhdl/vfbc.vhd \
      EN mpmc_v6_06_a/vfbc 1392731735 CP mpmc_v6_06_a/ObjFifoAsyncDiffW \
      CP mpmc_v6_06_a/vfbc_newcmd CP mpmc_v6_06_a/vfbc_cmd_fetch \
      CP mpmc_v6_06_a/vfbc_arbitrator CP mpmc_v6_06_a/vfbc_cmd_buffer \
      CP mpmc_v6_06_a/vfbc_cmd_control CP mpmc_v6_06_a/vfbc_burst_control
FL $XILINX/hw/XilinxProcessorIPLib/pcores/mpmc_v6_06_a/hdl/vhdl/vfbc1_pim.vhd 2012/10/02.11:15:19 P.40xd
EN mpmc_v6_06_a/vfbc1_pim 1392731743 \
      FL $XILINX/hw/XilinxProcessorIPLib/pcores/mpmc_v6_06_a/hdl/vhdl/vfbc1_pim.vhd \
      PB ieee/std_logic_1164 1350103243 PB ieee/STD_LOGIC_UNSIGNED 1350103247 \
      PB ieee/std_logic_arith 1350103244 PB mpmc_v6_06_a/memxlib_utils 1392731540 \
      PB mpmc_v6_06_a/p_vfbc 1392731694
AR mpmc_v6_06_a/vfbc1_pim/rtl 1392731744 \
      FL $XILINX/hw/XilinxProcessorIPLib/pcores/mpmc_v6_06_a/hdl/vhdl/vfbc1_pim.vhd \
      EN mpmc_v6_06_a/vfbc1_pim 1392731743 CP mpmc_v6_06_a/vfbc \
      CP mpmc_v6_06_a/vfbc_backend_control
FL $XILINX/hw/XilinxProcessorIPLib/pcores/mpmc_v6_06_a/hdl/vhdl/vfbc_arbitrator.vhd 2012/10/02.11:15:19 P.40xd
EN mpmc_v6_06_a/vfbc_arbitrator 1392731645 \
      FL $XILINX/hw/XilinxProcessorIPLib/pcores/mpmc_v6_06_a/hdl/vhdl/vfbc_arbitrator.vhd \
      PB ieee/std_logic_1164 1350103243 PB ieee/std_logic_arith 1350103244 \
      PB ieee/STD_LOGIC_UNSIGNED 1350103247 PB mpmc_v6_06_a/memxlib_utils 1392731540
AR mpmc_v6_06_a/vfbc_arbitrator/rtl 1392731646 \
      FL $XILINX/hw/XilinxProcessorIPLib/pcores/mpmc_v6_06_a/hdl/vhdl/vfbc_arbitrator.vhd \
      EN mpmc_v6_06_a/vfbc_arbitrator 1392731645
FL $XILINX/hw/XilinxProcessorIPLib/pcores/mpmc_v6_06_a/hdl/vhdl/vfbc_backend_control.vhd 2012/10/02.11:15:19 P.40xd
EN mpmc_v6_06_a/vfbc_backend_control 1392731737 \
      FL $XILINX/hw/XilinxProcessorIPLib/pcores/mpmc_v6_06_a/hdl/vhdl/vfbc_backend_control.vhd \
      PB ieee/std_logic_1164 1350103243 PB ieee/STD_LOGIC_UNSIGNED 1350103247 \
      PB ieee/std_logic_arith 1350103244 PB mpmc_v6_06_a/memxlib_utils 1392731540
AR mpmc_v6_06_a/vfbc_backend_control/rtl 1392731738 \
      FL $XILINX/hw/XilinxProcessorIPLib/pcores/mpmc_v6_06_a/hdl/vhdl/vfbc_backend_control.vhd \
      EN mpmc_v6_06_a/vfbc_backend_control 1392731737 \
      AR mpmc_v6_06_a/synch_fifo/rtl 1392731624
FL $XILINX/hw/XilinxProcessorIPLib/pcores/mpmc_v6_06_a/hdl/vhdl/vfbc_burst_control.vhd 2012/10/02.11:15:19 P.40xd
EN mpmc_v6_06_a/vfbc_burst_control 1392731709 \
      FL $XILINX/hw/XilinxProcessorIPLib/pcores/mpmc_v6_06_a/hdl/vhdl/vfbc_burst_control.vhd \
      PB ieee/std_logic_1164 1350103243 PB ieee/STD_LOGIC_UNSIGNED 1350103247 \
      PB ieee/std_logic_arith 1350103244 PB mpmc_v6_06_a/memxlib_utils 1392731540
AR mpmc_v6_06_a/vfbc_burst_control/rtl 1392731710 \
      FL $XILINX/hw/XilinxProcessorIPLib/pcores/mpmc_v6_06_a/hdl/vhdl/vfbc_burst_control.vhd \
      EN mpmc_v6_06_a/vfbc_burst_control 1392731709 CP mpmc_v6_06_a/vfbc_onehot \
      AR mpmc_v6_06_a/synch_fifo/rtl 1392731624
FL $XILINX/hw/XilinxProcessorIPLib/pcores/mpmc_v6_06_a/hdl/vhdl/vfbc_cmd_buffer.vhd 2012/10/02.11:15:19 P.40xd
EN mpmc_v6_06_a/vfbc_cmd_buffer 1392731705 \
      FL $XILINX/hw/XilinxProcessorIPLib/pcores/mpmc_v6_06_a/hdl/vhdl/vfbc_cmd_buffer.vhd \
      PB ieee/std_logic_1164 1350103243 PB ieee/STD_LOGIC_UNSIGNED 1350103247 \
      PB ieee/std_logic_arith 1350103244 PB mpmc_v6_06_a/memxlib_utils 1392731540
AR mpmc_v6_06_a/vfbc_cmd_buffer/rtl 1392731706 \
      FL $XILINX/hw/XilinxProcessorIPLib/pcores/mpmc_v6_06_a/hdl/vhdl/vfbc_cmd_buffer.vhd \
      EN mpmc_v6_06_a/vfbc_cmd_buffer 1392731705
FL $XILINX/hw/XilinxProcessorIPLib/pcores/mpmc_v6_06_a/hdl/vhdl/vfbc_cmd_control.vhd 2012/10/02.11:15:19 P.40xd
EN mpmc_v6_06_a/vfbc_cmd_control 1392731707 \
      FL $XILINX/hw/XilinxProcessorIPLib/pcores/mpmc_v6_06_a/hdl/vhdl/vfbc_cmd_control.vhd \
      PB ieee/std_logic_1164 1350103243 PB ieee/STD_LOGIC_UNSIGNED 1350103247 \
      PB ieee/std_logic_arith 1350103244 PB mpmc_v6_06_a/memxlib_utils 1392731540
AR mpmc_v6_06_a/vfbc_cmd_control/rtl 1392731708 \
      FL $XILINX/hw/XilinxProcessorIPLib/pcores/mpmc_v6_06_a/hdl/vhdl/vfbc_cmd_control.vhd \
      EN mpmc_v6_06_a/vfbc_cmd_control 1392731707
FL $XILINX/hw/XilinxProcessorIPLib/pcores/mpmc_v6_06_a/hdl/vhdl/vfbc_cmd_fetch.vhd 2012/10/02.11:15:19 P.40xd
EN mpmc_v6_06_a/vfbc_cmd_fetch 1392731703 \
      FL $XILINX/hw/XilinxProcessorIPLib/pcores/mpmc_v6_06_a/hdl/vhdl/vfbc_cmd_fetch.vhd \
      PB ieee/std_logic_1164 1350103243 PB ieee/STD_LOGIC_UNSIGNED 1350103247 \
      PB ieee/std_logic_arith 1350103244 PB mpmc_v6_06_a/memxlib_utils 1392731540
AR mpmc_v6_06_a/vfbc_cmd_fetch/rtl 1392731704 \
      FL $XILINX/hw/XilinxProcessorIPLib/pcores/mpmc_v6_06_a/hdl/vhdl/vfbc_cmd_fetch.vhd \
      EN mpmc_v6_06_a/vfbc_cmd_fetch 1392731703
FL $XILINX/hw/XilinxProcessorIPLib/pcores/mpmc_v6_06_a/hdl/vhdl/vfbc_newcmd.vhd 2012/10/02.11:15:19 P.40xd
EN mpmc_v6_06_a/vfbc_newcmd 1392731701 \
      FL $XILINX/hw/XilinxProcessorIPLib/pcores/mpmc_v6_06_a/hdl/vhdl/vfbc_newcmd.vhd \
      PB ieee/std_logic_1164 1350103243 PB ieee/STD_LOGIC_UNSIGNED 1350103247 \
      PB ieee/std_logic_arith 1350103244 PB mpmc_v6_06_a/memxlib_utils 1392731540
AR mpmc_v6_06_a/vfbc_newcmd/rtl 1392731702 \
      FL $XILINX/hw/XilinxProcessorIPLib/pcores/mpmc_v6_06_a/hdl/vhdl/vfbc_newcmd.vhd \
      EN mpmc_v6_06_a/vfbc_newcmd 1392731701 CP mpmc_v6_06_a/vfbc_arbitrator
FL $XILINX/hw/XilinxProcessorIPLib/pcores/mpmc_v6_06_a/hdl/vhdl/vfbc_onehot.vhd 2012/10/02.11:15:19 P.40xd
EN mpmc_v6_06_a/vfbc_onehot 1392731643 \
      FL $XILINX/hw/XilinxProcessorIPLib/pcores/mpmc_v6_06_a/hdl/vhdl/vfbc_onehot.vhd \
      PB ieee/std_logic_1164 1350103243 PB ieee/STD_LOGIC_UNSIGNED 1350103247 \
      PB ieee/std_logic_arith 1350103244
AR mpmc_v6_06_a/vfbc_onehot/rtl 1392731644 \
      FL $XILINX/hw/XilinxProcessorIPLib/pcores/mpmc_v6_06_a/hdl/vhdl/vfbc_onehot.vhd \
      EN mpmc_v6_06_a/vfbc_onehot 1392731643
FL $XILINX/hw/XilinxProcessorIPLib/pcores/mpmc_v6_06_a/hdl/vhdl/vfbc_pim_wrapper.vhd 2012/10/02.11:15:19 P.40xd
EN mpmc_v6_06_a/vfbc_pim_wrapper 1392731747 \
      FL $XILINX/hw/XilinxProcessorIPLib/pcores/mpmc_v6_06_a/hdl/vhdl/vfbc_pim_wrapper.vhd \
      PB ieee/std_logic_1164 1350103243 PB ieee/std_logic_arith 1350103244 \
      PB ieee/STD_LOGIC_UNSIGNED 1350103247 LB mpmc_v6_06_a
AR mpmc_v6_06_a/vfbc_pim_wrapper/IMP 1392731748 \
      FL $XILINX/hw/XilinxProcessorIPLib/pcores/mpmc_v6_06_a/hdl/vhdl/vfbc_pim_wrapper.vhd \
      EN mpmc_v6_06_a/vfbc_pim_wrapper 1392731747 CP mpmc_v6_06_a/vfbc1_pim
