V3 6
FL /usr/userfs/d/drm511/embs/spr/prac2/synthesis/parallel_run/hdl/system_mdm_0_wrapper.vhd 2014/02/18.13:49:07 P.40xd
EN work/system_mdm_0_wrapper 1392731762 \
      FL /usr/userfs/d/drm511/embs/spr/prac2/synthesis/parallel_run/hdl/system_mdm_0_wrapper.vhd \
      PB ieee/std_logic_1164 1350103243 LB UNISIM PH unisim/VCOMPONENTS 1350103252 \
      LB mdm_v2_10_a
AR work/system_mdm_0_wrapper/STRUCTURE 1392731763 \
      FL /usr/userfs/d/drm511/embs/spr/prac2/synthesis/parallel_run/hdl/system_mdm_0_wrapper.vhd \
      EN work/system_mdm_0_wrapper 1392731762 CP mdm
