EN pvr NULL /opt/york/cs/net/xilinx-design-suite-14.3-x86_64-1/14.3/ISE_DS/EDK/hw/XilinxProcessorIPLib/pcores/microblaze_v8_40_b/hdl/vhdl/pvr.vhd sub01/vhpl100 1392730246
EN comparator NULL /opt/york/cs/net/xilinx-design-suite-14.3-x86_64-1/14.3/ISE_DS/EDK/hw/XilinxProcessorIPLib/pcores/microblaze_v8_40_b/hdl/vhdl/comparator.vhd sub00/vhpl48 1392730194
AR mb_srlc16e imp /opt/york/cs/net/xilinx-design-suite-14.3-x86_64-1/14.3/ISE_DS/EDK/hw/XilinxProcessorIPLib/pcores/microblaze_v8_40_b/hdl/vhdl/microblaze_primitives.vhd sub00/vhpl12 1392730158
AR alu_bit imp /opt/york/cs/net/xilinx-design-suite-14.3-x86_64-1/14.3/ISE_DS/EDK/hw/XilinxProcessorIPLib/pcores/microblaze_v8_40_b/hdl/vhdl/alu_bit.vhd sub00/vhpl45 1392730191
EN pc_module_gti NULL /opt/york/cs/net/xilinx-design-suite-14.3-x86_64-1/14.3/ISE_DS/EDK/hw/XilinxProcessorIPLib/pcores/microblaze_v8_40_b/hdl/vhdl/pc_module_gti.vhd sub01/vhpl104 1392730250
AR carry_compare_const imp /opt/york/cs/net/xilinx-design-suite-14.3-x86_64-1/14.3/ISE_DS/EDK/hw/XilinxProcessorIPLib/pcores/microblaze_v8_40_b/hdl/vhdl/carry_compare_const.vhd sub00/vhpl27 1392730173
EN interrupt_mode_converter NULL /opt/york/cs/net/xilinx-design-suite-14.3-x86_64-1/14.3/ISE_DS/EDK/hw/XilinxProcessorIPLib/pcores/microblaze_v8_40_b/hdl/vhdl/interrupt_mode_converter.vhd sub01/vhpl152 1392730298
EN carry_compare_const NULL /opt/york/cs/net/xilinx-design-suite-14.3-x86_64-1/14.3/ISE_DS/EDK/hw/XilinxProcessorIPLib/pcores/microblaze_v8_40_b/hdl/vhdl/carry_compare_const.vhd sub00/vhpl26 1392730172
EN exception_registers_gti NULL /opt/york/cs/net/xilinx-design-suite-14.3-x86_64-1/14.3/ISE_DS/EDK/hw/XilinxProcessorIPLib/pcores/microblaze_v8_40_b/hdl/vhdl/exception_registers_gti.vhd sub00/vhpl94 1392730240
EN zero_detect_gti NULL /opt/york/cs/net/xilinx-design-suite-14.3-x86_64-1/14.3/ISE_DS/EDK/hw/XilinxProcessorIPLib/pcores/microblaze_v8_40_b/hdl/vhdl/zero_detect_gti.vhd sub00/vhpl86 1392730232
PB microblaze_types microblaze_types /opt/york/cs/net/xilinx-design-suite-14.3-x86_64-1/14.3/ISE_DS/EDK/hw/XilinxProcessorIPLib/pcores/microblaze_v8_40_b/hdl/vhdl/microblaze_types_pkg_body.vhd sub00/vhpl01 1392730147
AR zero_detect_gti imp /opt/york/cs/net/xilinx-design-suite-14.3-x86_64-1/14.3/ISE_DS/EDK/hw/XilinxProcessorIPLib/pcores/microblaze_v8_40_b/hdl/vhdl/zero_detect_gti.vhd sub00/vhpl87 1392730233
AR carry_or imp /opt/york/cs/net/xilinx-design-suite-14.3-x86_64-1/14.3/ISE_DS/EDK/hw/XilinxProcessorIPLib/pcores/microblaze_v8_40_b/hdl/vhdl/carry_or.vhd sub00/vhpl51 1392730197
AR div_unit imp /opt/york/cs/net/xilinx-design-suite-14.3-x86_64-1/14.3/ISE_DS/EDK/hw/XilinxProcessorIPLib/pcores/microblaze_v8_40_b/hdl/vhdl/div_unit.vhd sub01/vhpl137 1392730283
EN read_data_mux NULL /opt/york/cs/net/xilinx-design-suite-14.3-x86_64-1/14.3/ISE_DS/EDK/hw/XilinxProcessorIPLib/pcores/microblaze_v8_40_b/hdl/vhdl/read_data_mux_gti.vhd sub01/vhpl184 1392730330
AR register_file_gti imp /opt/york/cs/net/xilinx-design-suite-14.3-x86_64-1/14.3/ISE_DS/EDK/hw/XilinxProcessorIPLib/pcores/microblaze_v8_40_b/hdl/vhdl/register_file_gti.vhd sub00/vhpl73 1392730219
AR fpu_conv imp /opt/york/cs/net/xilinx-design-suite-14.3-x86_64-1/14.3/ISE_DS/EDK/hw/XilinxProcessorIPLib/pcores/microblaze_v8_40_b/hdl/vhdl/fpu_conv.vhd sub00/vhpl37 1392730183
EN fpu_mul NULL /opt/york/cs/net/xilinx-design-suite-14.3-x86_64-1/14.3/ISE_DS/EDK/hw/XilinxProcessorIPLib/pcores/microblaze_v8_40_b/hdl/vhdl/fpu_mul.vhd sub00/vhpl30 1392730176
AR carry_equal imp /opt/york/cs/net/xilinx-design-suite-14.3-x86_64-1/14.3/ISE_DS/EDK/hw/XilinxProcessorIPLib/pcores/microblaze_v8_40_b/hdl/vhdl/carry_equal.vhd sub00/vhpl43 1392730189
EN address_data_hit NULL /opt/york/cs/net/xilinx-design-suite-14.3-x86_64-1/14.3/ISE_DS/EDK/hw/XilinxProcessorIPLib/pcores/microblaze_v8_40_b/hdl/vhdl/address_data_hit.vhd sub01/vhpl122 1392730268
EN decode NULL /opt/york/cs/net/xilinx-design-suite-14.3-x86_64-1/14.3/ISE_DS/EDK/hw/XilinxProcessorIPLib/pcores/microblaze_v8_40_b/hdl/vhdl/decode.vhd sub01/vhpl154 1392730300
AR operand_select_gti imp /opt/york/cs/net/xilinx-design-suite-14.3-x86_64-1/14.3/ISE_DS/EDK/hw/XilinxProcessorIPLib/pcores/microblaze_v8_40_b/hdl/vhdl/operand_select_gti.vhd sub00/vhpl75 1392730221
EN instr_mux NULL /opt/york/cs/net/xilinx-design-suite-14.3-x86_64-1/14.3/ISE_DS/EDK/hw/XilinxProcessorIPLib/pcores/microblaze_v8_40_b/hdl/vhdl/instr_mux.vhd sub01/vhpl178 1392730324
AR fpu_mul imp /opt/york/cs/net/xilinx-design-suite-14.3-x86_64-1/14.3/ISE_DS/EDK/hw/XilinxProcessorIPLib/pcores/microblaze_v8_40_b/hdl/vhdl/fpu_mul.vhd sub00/vhpl31 1392730177
EN jump_logic NULL /opt/york/cs/net/xilinx-design-suite-14.3-x86_64-1/14.3/ISE_DS/EDK/hw/XilinxProcessorIPLib/pcores/microblaze_v8_40_b/hdl/vhdl/jump_logic_gti.vhd sub01/vhpl108 1392730254
EN microblaze_core NULL /opt/york/cs/net/xilinx-design-suite-14.3-x86_64-1/14.3/ISE_DS/EDK/hw/XilinxProcessorIPLib/pcores/microblaze_v8_40_b/hdl/vhdl/microblaze_core.vhd sub01/vhpl190 1392730336
EN fpu_conv NULL /opt/york/cs/net/xilinx-design-suite-14.3-x86_64-1/14.3/ISE_DS/EDK/hw/XilinxProcessorIPLib/pcores/microblaze_v8_40_b/hdl/vhdl/fpu_conv.vhd sub00/vhpl36 1392730182
EN fpu_addsub NULL /opt/york/cs/net/xilinx-design-suite-14.3-x86_64-1/14.3/ISE_DS/EDK/hw/XilinxProcessorIPLib/pcores/microblaze_v8_40_b/hdl/vhdl/fpu_addsub.vhd sub00/vhpl28 1392730174
AR mmu_utlb_ram imp /opt/york/cs/net/xilinx-design-suite-14.3-x86_64-1/14.3/ISE_DS/EDK/hw/XilinxProcessorIPLib/pcores/microblaze_v8_40_b/hdl/vhdl/mmu_utlb_ram.vhd sub00/vhpl19 1392730165
AR msr_reg_bit imp /opt/york/cs/net/xilinx-design-suite-14.3-x86_64-1/14.3/ISE_DS/EDK/hw/XilinxProcessorIPLib/pcores/microblaze_v8_40_b/hdl/vhdl/msr_reg_bit.vhd sub00/vhpl57 1392730203
EN address_hit NULL /opt/york/cs/net/xilinx-design-suite-14.3-x86_64-1/14.3/ISE_DS/EDK/hw/XilinxProcessorIPLib/pcores/microblaze_v8_40_b/hdl/vhdl/address_hit.vhd sub01/vhpl120 1392730266
AR fsl_module imp /opt/york/cs/net/xilinx-design-suite-14.3-x86_64-1/14.3/ISE_DS/EDK/hw/XilinxProcessorIPLib/pcores/microblaze_v8_40_b/hdl/vhdl/fsl_module.vhd sub01/vhpl149 1392730295
PH mmu_types NULL /opt/york/cs/net/xilinx-design-suite-14.3-x86_64-1/14.3/ISE_DS/EDK/hw/XilinxProcessorIPLib/pcores/microblaze_v8_40_b/hdl/vhdl/mmu_types_pkg.vhd sub00/vhpl13 1392730159
EN mul_unit NULL /opt/york/cs/net/xilinx-design-suite-14.3-x86_64-1/14.3/ISE_DS/EDK/hw/XilinxProcessorIPLib/pcores/microblaze_v8_40_b/hdl/vhdl/mul_unit.vhd sub00/vhpl80 1392730226
EN operand_select NULL /opt/york/cs/net/xilinx-design-suite-14.3-x86_64-1/14.3/ISE_DS/EDK/hw/XilinxProcessorIPLib/pcores/microblaze_v8_40_b/hdl/vhdl/operand_select.vhd sub01/vhpl130 1392730276
EN data_flow_gti NULL /opt/york/cs/net/xilinx-design-suite-14.3-x86_64-1/14.3/ISE_DS/EDK/hw/XilinxProcessorIPLib/pcores/microblaze_v8_40_b/hdl/vhdl/data_flow_gti.vhd sub01/vhpl182 1392730328
EN iaxi_interface NULL /opt/york/cs/net/xilinx-design-suite-14.3-x86_64-1/14.3/ISE_DS/EDK/hw/XilinxProcessorIPLib/pcores/microblaze_v8_40_b/hdl/vhdl/iaxi_interface.vhd sub01/vhpl166 1392730312
AR shift_logic_module imp /opt/york/cs/net/xilinx-design-suite-14.3-x86_64-1/14.3/ISE_DS/EDK/hw/XilinxProcessorIPLib/pcores/microblaze_v8_40_b/hdl/vhdl/shift_logic.vhd sub01/vhpl133 1392730279
AR data_flow_logic imp /opt/york/cs/net/xilinx-design-suite-14.3-x86_64-1/14.3/ISE_DS/EDK/hw/XilinxProcessorIPLib/pcores/microblaze_v8_40_b/hdl/vhdl/data_flow_logic_gti.vhd sub00/vhpl91 1392730237
EN debug NULL /opt/york/cs/net/xilinx-design-suite-14.3-x86_64-1/14.3/ISE_DS/EDK/hw/XilinxProcessorIPLib/pcores/microblaze_v8_40_b/hdl/vhdl/debug.vhd sub01/vhpl168 1392730314
AR decode imp /opt/york/cs/net/xilinx-design-suite-14.3-x86_64-1/14.3/ISE_DS/EDK/hw/XilinxProcessorIPLib/pcores/microblaze_v8_40_b/hdl/vhdl/decode.vhd sub01/vhpl155 1392730301
AR srl_fifo imp /opt/york/cs/net/xilinx-design-suite-14.3-x86_64-1/14.3/ISE_DS/EDK/hw/XilinxProcessorIPLib/pcores/microblaze_v8_40_b/hdl/vhdl/gen_srlfifo.vhd sub01/vhpl195 1392730341
EN exception_registers NULL /opt/york/cs/net/xilinx-design-suite-14.3-x86_64-1/14.3/ISE_DS/EDK/hw/XilinxProcessorIPLib/pcores/microblaze_v8_40_b/hdl/vhdl/exception_registers.vhd sub01/vhpl176 1392730322
EN cache_valid_bit_detect NULL /opt/york/cs/net/xilinx-design-suite-14.3-x86_64-1/14.3/ISE_DS/EDK/hw/XilinxProcessorIPLib/pcores/microblaze_v8_40_b/hdl/vhdl/cache_valid_bit_detect.vhd sub00/vhpl52 1392730198
EN mux4 NULL /opt/york/cs/net/xilinx-design-suite-14.3-x86_64-1/14.3/ISE_DS/EDK/hw/XilinxProcessorIPLib/pcores/microblaze_v8_40_b/hdl/vhdl/mux4.vhd sub01/vhpl192 1392730338
AR carry_compare_mask imp /opt/york/cs/net/xilinx-design-suite-14.3-x86_64-1/14.3/ISE_DS/EDK/hw/XilinxProcessorIPLib/pcores/microblaze_v8_40_b/hdl/vhdl/carry_compare_mask.vhd sub00/vhpl15 1392730161
AR shift_logic_bit imp /opt/york/cs/net/xilinx-design-suite-14.3-x86_64-1/14.3/ISE_DS/EDK/hw/XilinxProcessorIPLib/pcores/microblaze_v8_40_b/hdl/vhdl/shift_logic_bit.vhd sub00/vhpl61 1392730207
AR mux4_8 imp /opt/york/cs/net/xilinx-design-suite-14.3-x86_64-1/14.3/ISE_DS/EDK/hw/XilinxProcessorIPLib/pcores/microblaze_v8_40_b/hdl/vhdl/mux4_8.vhd sub01/vhpl127 1392730273
AR pc_bit imp /opt/york/cs/net/xilinx-design-suite-14.3-x86_64-1/14.3/ISE_DS/EDK/hw/XilinxProcessorIPLib/pcores/microblaze_v8_40_b/hdl/vhdl/pc_bit.vhd sub00/vhpl55 1392730201
AR shift_logic_module_gti imp /opt/york/cs/net/xilinx-design-suite-14.3-x86_64-1/14.3/ISE_DS/EDK/hw/XilinxProcessorIPLib/pcores/microblaze_v8_40_b/hdl/vhdl/shift_logic_gti.vhd sub00/vhpl79 1392730225
AR dsp_module imp /opt/york/cs/net/xilinx-design-suite-14.3-x86_64-1/14.3/ISE_DS/EDK/hw/XilinxProcessorIPLib/pcores/microblaze_v8_40_b/hdl/vhdl/dsp_module.vhd sub00/vhpl06 1392730152
EN register_file NULL /opt/york/cs/net/xilinx-design-suite-14.3-x86_64-1/14.3/ISE_DS/EDK/hw/XilinxProcessorIPLib/pcores/microblaze_v8_40_b/hdl/vhdl/register_file.vhd sub01/vhpl128 1392730274
EN fsl_module NULL /opt/york/cs/net/xilinx-design-suite-14.3-x86_64-1/14.3/ISE_DS/EDK/hw/XilinxProcessorIPLib/pcores/microblaze_v8_40_b/hdl/vhdl/fsl_module.vhd sub01/vhpl148 1392730294
AR jump_logic imp /opt/york/cs/net/xilinx-design-suite-14.3-x86_64-1/14.3/ISE_DS/EDK/hw/XilinxProcessorIPLib/pcores/microblaze_v8_40_b/hdl/vhdl/jump_logic_gti.vhd sub01/vhpl109 1392730255
EN div_unit_gti NULL /opt/york/cs/net/xilinx-design-suite-14.3-x86_64-1/14.3/ISE_DS/EDK/hw/XilinxProcessorIPLib/pcores/microblaze_v8_40_b/hdl/vhdl/div_unit_gti.vhd sub00/vhpl96 1392730242
EN alu_bit NULL /opt/york/cs/net/xilinx-design-suite-14.3-x86_64-1/14.3/ISE_DS/EDK/hw/XilinxProcessorIPLib/pcores/microblaze_v8_40_b/hdl/vhdl/alu_bit.vhd sub00/vhpl44 1392730190
EN pc_bit NULL /opt/york/cs/net/xilinx-design-suite-14.3-x86_64-1/14.3/ISE_DS/EDK/hw/XilinxProcessorIPLib/pcores/microblaze_v8_40_b/hdl/vhdl/pc_bit.vhd sub00/vhpl54 1392730200
AR fpu_div imp /opt/york/cs/net/xilinx-design-suite-14.3-x86_64-1/14.3/ISE_DS/EDK/hw/XilinxProcessorIPLib/pcores/microblaze_v8_40_b/hdl/vhdl/fpu_div.vhd sub00/vhpl33 1392730179
EN fpu NULL /opt/york/cs/net/xilinx-design-suite-14.3-x86_64-1/14.3/ISE_DS/EDK/hw/XilinxProcessorIPLib/pcores/microblaze_v8_40_b/hdl/vhdl/fpu.vhd sub00/vhpl98 1392730244
AR dcache imp /opt/york/cs/net/xilinx-design-suite-14.3-x86_64-1/14.3/ISE_DS/EDK/hw/XilinxProcessorIPLib/pcores/microblaze_v8_40_b/hdl/vhdl/dcache.vhd sub01/vhpl175 1392730321
EN carry_and NULL /opt/york/cs/net/xilinx-design-suite-14.3-x86_64-1/14.3/ISE_DS/EDK/hw/XilinxProcessorIPLib/pcores/microblaze_v8_40_b/hdl/vhdl/carry_and.vhd sub00/vhpl03 1392730149
AR mmu_tlb imp /opt/york/cs/net/xilinx-design-suite-14.3-x86_64-1/14.3/ISE_DS/EDK/hw/XilinxProcessorIPLib/pcores/microblaze_v8_40_b/hdl/vhdl/mmu_tlb.vhd sub00/vhpl69 1392730215
AR parity_recursive_lut6 imp /opt/york/cs/net/xilinx-design-suite-14.3-x86_64-1/14.3/ISE_DS/EDK/hw/XilinxProcessorIPLib/pcores/microblaze_v8_40_b/hdl/vhdl/parity.vhd sub00/vhpl21 1392730167
EN register_file_bit NULL /opt/york/cs/net/xilinx-design-suite-14.3-x86_64-1/14.3/ISE_DS/EDK/hw/XilinxProcessorIPLib/pcores/microblaze_v8_40_b/hdl/vhdl/register_file_bit.vhd sub00/vhpl64 1392730210
EN mmu_utlb_ram NULL /opt/york/cs/net/xilinx-design-suite-14.3-x86_64-1/14.3/ISE_DS/EDK/hw/XilinxProcessorIPLib/pcores/microblaze_v8_40_b/hdl/vhdl/mmu_utlb_ram.vhd sub00/vhpl18 1392730164
AR decode_gti imp /opt/york/cs/net/xilinx-design-suite-14.3-x86_64-1/14.3/ISE_DS/EDK/hw/XilinxProcessorIPLib/pcores/microblaze_v8_40_b/hdl/vhdl/decode_gti.vhd sub01/vhpl181 1392730327
EN msr_reg_bit NULL /opt/york/cs/net/xilinx-design-suite-14.3-x86_64-1/14.3/ISE_DS/EDK/hw/XilinxProcessorIPLib/pcores/microblaze_v8_40_b/hdl/vhdl/msr_reg_bit.vhd sub00/vhpl56 1392730202
AR parity imp /opt/york/cs/net/xilinx-design-suite-14.3-x86_64-1/14.3/ISE_DS/EDK/hw/XilinxProcessorIPLib/pcores/microblaze_v8_40_b/hdl/vhdl/parity.vhd sub00/vhpl23 1392730169
AR address_hit imp /opt/york/cs/net/xilinx-design-suite-14.3-x86_64-1/14.3/ISE_DS/EDK/hw/XilinxProcessorIPLib/pcores/microblaze_v8_40_b/hdl/vhdl/address_hit.vhd sub01/vhpl121 1392730267
EN operand_select_bit NULL /opt/york/cs/net/xilinx-design-suite-14.3-x86_64-1/14.3/ISE_DS/EDK/hw/XilinxProcessorIPLib/pcores/microblaze_v8_40_b/hdl/vhdl/operand_select_bit.vhd sub00/vhpl62 1392730208
EN shift_logic_module NULL /opt/york/cs/net/xilinx-design-suite-14.3-x86_64-1/14.3/ISE_DS/EDK/hw/XilinxProcessorIPLib/pcores/microblaze_v8_40_b/hdl/vhdl/shift_logic.vhd sub01/vhpl132 1392730278
EN data_flow_logic NULL /opt/york/cs/net/xilinx-design-suite-14.3-x86_64-1/14.3/ISE_DS/EDK/hw/XilinxProcessorIPLib/pcores/microblaze_v8_40_b/hdl/vhdl/data_flow_logic_gti.vhd sub00/vhpl90 1392730236
EN zero_detect NULL /opt/york/cs/net/xilinx-design-suite-14.3-x86_64-1/14.3/ISE_DS/EDK/hw/XilinxProcessorIPLib/pcores/microblaze_v8_40_b/hdl/vhdl/zero_detect.vhd sub01/vhpl140 1392730286
AR address_data_hit imp /opt/york/cs/net/xilinx-design-suite-14.3-x86_64-1/14.3/ISE_DS/EDK/hw/XilinxProcessorIPLib/pcores/microblaze_v8_40_b/hdl/vhdl/address_data_hit.vhd sub01/vhpl123 1392730269
EN fpu_div NULL /opt/york/cs/net/xilinx-design-suite-14.3-x86_64-1/14.3/ISE_DS/EDK/hw/XilinxProcessorIPLib/pcores/microblaze_v8_40_b/hdl/vhdl/fpu_div.vhd sub00/vhpl32 1392730178
EN shift_logic_module_gti NULL /opt/york/cs/net/xilinx-design-suite-14.3-x86_64-1/14.3/ISE_DS/EDK/hw/XilinxProcessorIPLib/pcores/microblaze_v8_40_b/hdl/vhdl/shift_logic_gti.vhd sub00/vhpl78 1392730224
PH microblaze_types NULL /opt/york/cs/net/xilinx-design-suite-14.3-x86_64-1/14.3/ISE_DS/EDK/hw/XilinxProcessorIPLib/pcores/microblaze_v8_40_b/hdl/vhdl/microblaze_types_pkg.vhd sub00/vhpl00 1392730146
EN decode_gti NULL /opt/york/cs/net/xilinx-design-suite-14.3-x86_64-1/14.3/ISE_DS/EDK/hw/XilinxProcessorIPLib/pcores/microblaze_v8_40_b/hdl/vhdl/decode_gti.vhd sub01/vhpl180 1392730326
EN cache_interface NULL /opt/york/cs/net/xilinx-design-suite-14.3-x86_64-1/14.3/ISE_DS/EDK/hw/XilinxProcessorIPLib/pcores/microblaze_v8_40_b/hdl/vhdl/cache_interface.vhd sub00/vhpl70 1392730216
AR iaxi_interface imp /opt/york/cs/net/xilinx-design-suite-14.3-x86_64-1/14.3/ISE_DS/EDK/hw/XilinxProcessorIPLib/pcores/microblaze_v8_40_b/hdl/vhdl/iaxi_interface.vhd sub01/vhpl167 1392730313
AR interrupt_mode_converter imp /opt/york/cs/net/xilinx-design-suite-14.3-x86_64-1/14.3/ISE_DS/EDK/hw/XilinxProcessorIPLib/pcores/microblaze_v8_40_b/hdl/vhdl/interrupt_mode_converter.vhd sub01/vhpl153 1392730299
EN dcache_wb NULL /opt/york/cs/net/xilinx-design-suite-14.3-x86_64-1/14.3/ISE_DS/EDK/hw/XilinxProcessorIPLib/pcores/microblaze_v8_40_b/hdl/vhdl/dcache_wb.vhd sub01/vhpl172 1392730318
EN stack_protection NULL /opt/york/cs/net/xilinx-design-suite-14.3-x86_64-1/14.3/ISE_DS/EDK/hw/XilinxProcessorIPLib/pcores/microblaze_v8_40_b/hdl/vhdl/stack_protection.vhd sub01/vhpl102 1392730248
AR data_read_steering imp /opt/york/cs/net/xilinx-design-suite-14.3-x86_64-1/14.3/ISE_DS/EDK/hw/XilinxProcessorIPLib/pcores/microblaze_v8_40_b/hdl/vhdl/data_read_steering.vhd sub01/vhpl125 1392730271
AR vec_mux imp /opt/york/cs/net/xilinx-design-suite-14.3-x86_64-1/14.3/ISE_DS/EDK/hw/XilinxProcessorIPLib/pcores/microblaze_v8_40_b/hdl/vhdl/vec_mux.vhd sub01/vhpl113 1392730259
AR daxi_interface imp /opt/york/cs/net/xilinx-design-suite-14.3-x86_64-1/14.3/ISE_DS/EDK/hw/XilinxProcessorIPLib/pcores/microblaze_v8_40_b/hdl/vhdl/daxi_interface.vhd sub01/vhpl163 1392730309
AR instr_mux imp /opt/york/cs/net/xilinx-design-suite-14.3-x86_64-1/14.3/ISE_DS/EDK/hw/XilinxProcessorIPLib/pcores/microblaze_v8_40_b/hdl/vhdl/instr_mux.vhd sub01/vhpl179 1392730325
AR mb_srl16e imp /opt/york/cs/net/xilinx-design-suite-14.3-x86_64-1/14.3/ISE_DS/EDK/hw/XilinxProcessorIPLib/pcores/microblaze_v8_40_b/hdl/vhdl/microblaze_primitives.vhd sub00/vhpl10 1392730156
AR cache_valid_bit_detect imp /opt/york/cs/net/xilinx-design-suite-14.3-x86_64-1/14.3/ISE_DS/EDK/hw/XilinxProcessorIPLib/pcores/microblaze_v8_40_b/hdl/vhdl/cache_valid_bit_detect.vhd sub00/vhpl53 1392730199
EN fpu_sqrt NULL /opt/york/cs/net/xilinx-design-suite-14.3-x86_64-1/14.3/ISE_DS/EDK/hw/XilinxProcessorIPLib/pcores/microblaze_v8_40_b/hdl/vhdl/fpu_sqrt.vhd sub00/vhpl34 1392730180
EN mmu_tlb NULL /opt/york/cs/net/xilinx-design-suite-14.3-x86_64-1/14.3/ISE_DS/EDK/hw/XilinxProcessorIPLib/pcores/microblaze_v8_40_b/hdl/vhdl/mmu_tlb.vhd sub00/vhpl68 1392730214
AR lru_module lru_module /opt/york/cs/net/xilinx-design-suite-14.3-x86_64-1/14.3/ISE_DS/EDK/hw/XilinxProcessorIPLib/pcores/microblaze_v8_40_b/hdl/vhdl/victim_cache.vhd sub01/vhpl115 1392730261
EN dplb_interface NULL /opt/york/cs/net/xilinx-design-suite-14.3-x86_64-1/14.3/ISE_DS/EDK/hw/XilinxProcessorIPLib/pcores/microblaze_v8_40_b/hdl/vhdl/dplb_interface.vhd sub01/vhpl160 1392730306
AR cachehit_detect imp /opt/york/cs/net/xilinx-design-suite-14.3-x86_64-1/14.3/ISE_DS/EDK/hw/XilinxProcessorIPLib/pcores/microblaze_v8_40_b/hdl/vhdl/cachehit_detect.vhd sub01/vhpl111 1392730257
AR microblaze_core imp /opt/york/cs/net/xilinx-design-suite-14.3-x86_64-1/14.3/ISE_DS/EDK/hw/XilinxProcessorIPLib/pcores/microblaze_v8_40_b/hdl/vhdl/microblaze_core.vhd sub01/vhpl191 1392730337
AR msr_reg_gti msr_reg /opt/york/cs/net/xilinx-design-suite-14.3-x86_64-1/14.3/ISE_DS/EDK/hw/XilinxProcessorIPLib/pcores/microblaze_v8_40_b/hdl/vhdl/msr_reg_gti.vhd sub00/vhpl93 1392730239
AR fpu imp /opt/york/cs/net/xilinx-design-suite-14.3-x86_64-1/14.3/ISE_DS/EDK/hw/XilinxProcessorIPLib/pcores/microblaze_v8_40_b/hdl/vhdl/fpu.vhd sub00/vhpl99 1392730245
EN data_flow NULL /opt/york/cs/net/xilinx-design-suite-14.3-x86_64-1/14.3/ISE_DS/EDK/hw/XilinxProcessorIPLib/pcores/microblaze_v8_40_b/hdl/vhdl/data_flow.vhd sub01/vhpl156 1392730302
EN dcache_gti NULL /opt/york/cs/net/xilinx-design-suite-14.3-x86_64-1/14.3/ISE_DS/EDK/hw/XilinxProcessorIPLib/pcores/microblaze_v8_40_b/hdl/vhdl/dcache_gti.vhd sub01/vhpl186 1392730332
EN srl_fifo NULL /opt/york/cs/net/xilinx-design-suite-14.3-x86_64-1/14.3/ISE_DS/EDK/hw/XilinxProcessorIPLib/pcores/microblaze_v8_40_b/hdl/vhdl/gen_srlfifo.vhd sub01/vhpl194 1392730340
EN barrel_shift NULL /opt/york/cs/net/xilinx-design-suite-14.3-x86_64-1/14.3/ISE_DS/EDK/hw/XilinxProcessorIPLib/pcores/microblaze_v8_40_b/hdl/vhdl/barrel_shifter.vhd sub01/vhpl134 1392730280
EN vec_mux NULL /opt/york/cs/net/xilinx-design-suite-14.3-x86_64-1/14.3/ISE_DS/EDK/hw/XilinxProcessorIPLib/pcores/microblaze_v8_40_b/hdl/vhdl/vec_mux.vhd sub01/vhpl112 1392730258
AR iplb_interface imp /opt/york/cs/net/xilinx-design-suite-14.3-x86_64-1/14.3/ISE_DS/EDK/hw/XilinxProcessorIPLib/pcores/microblaze_v8_40_b/hdl/vhdl/iplb_interface.vhd sub01/vhpl165 1392730311
AR prefetch_buffer imp /opt/york/cs/net/xilinx-design-suite-14.3-x86_64-1/14.3/ISE_DS/EDK/hw/XilinxProcessorIPLib/pcores/microblaze_v8_40_b/hdl/vhdl/prefetch_buffer.vhd sub01/vhpl147 1392730293
EN shift_logic_bit NULL /opt/york/cs/net/xilinx-design-suite-14.3-x86_64-1/14.3/ISE_DS/EDK/hw/XilinxProcessorIPLib/pcores/microblaze_v8_40_b/hdl/vhdl/shift_logic_bit.vhd sub00/vhpl60 1392730206
EN carry_compare_mask NULL /opt/york/cs/net/xilinx-design-suite-14.3-x86_64-1/14.3/ISE_DS/EDK/hw/XilinxProcessorIPLib/pcores/microblaze_v8_40_b/hdl/vhdl/carry_compare_mask.vhd sub00/vhpl14 1392730160
AR ram_module imp /opt/york/cs/net/xilinx-design-suite-14.3-x86_64-1/14.3/ISE_DS/EDK/hw/XilinxProcessorIPLib/pcores/microblaze_v8_40_b/hdl/vhdl/ram_module.vhd sub00/vhpl47 1392730193
AR alu imp /opt/york/cs/net/xilinx-design-suite-14.3-x86_64-1/14.3/ISE_DS/EDK/hw/XilinxProcessorIPLib/pcores/microblaze_v8_40_b/hdl/vhdl/alu.vhd sub00/vhpl77 1392730223
EN mmu_utlb NULL /opt/york/cs/net/xilinx-design-suite-14.3-x86_64-1/14.3/ISE_DS/EDK/hw/XilinxProcessorIPLib/pcores/microblaze_v8_40_b/hdl/vhdl/mmu_utlb.vhd sub00/vhpl66 1392730212
AR barrel_shifter_gti imp /opt/york/cs/net/xilinx-design-suite-14.3-x86_64-1/14.3/ISE_DS/EDK/hw/XilinxProcessorIPLib/pcores/microblaze_v8_40_b/hdl/vhdl/barrel_shifter_gti.vhd sub00/vhpl83 1392730229
AR prefetch_buffer_gti imp /opt/york/cs/net/xilinx-design-suite-14.3-x86_64-1/14.3/ISE_DS/EDK/hw/XilinxProcessorIPLib/pcores/microblaze_v8_40_b/hdl/vhdl/prefetch_buffer_gti.vhd sub01/vhpl107 1392730253
AR dplb_interface imp /opt/york/cs/net/xilinx-design-suite-14.3-x86_64-1/14.3/ISE_DS/EDK/hw/XilinxProcessorIPLib/pcores/microblaze_v8_40_b/hdl/vhdl/dplb_interface.vhd sub01/vhpl161 1392730307
EN carry_equal NULL /opt/york/cs/net/xilinx-design-suite-14.3-x86_64-1/14.3/ISE_DS/EDK/hw/XilinxProcessorIPLib/pcores/microblaze_v8_40_b/hdl/vhdl/carry_equal.vhd sub00/vhpl42 1392730188
EN dcache NULL /opt/york/cs/net/xilinx-design-suite-14.3-x86_64-1/14.3/ISE_DS/EDK/hw/XilinxProcessorIPLib/pcores/microblaze_v8_40_b/hdl/vhdl/dcache.vhd sub01/vhpl174 1392730320
AR victim_cache imp /opt/york/cs/net/xilinx-design-suite-14.3-x86_64-1/14.3/ISE_DS/EDK/hw/XilinxProcessorIPLib/pcores/microblaze_v8_40_b/hdl/vhdl/victim_cache.vhd sub01/vhpl117 1392730263
AR pvr imp /opt/york/cs/net/xilinx-design-suite-14.3-x86_64-1/14.3/ISE_DS/EDK/hw/XilinxProcessorIPLib/pcores/microblaze_v8_40_b/hdl/vhdl/pvr.vhd sub01/vhpl101 1392730247
EN ram_module NULL /opt/york/cs/net/xilinx-design-suite-14.3-x86_64-1/14.3/ISE_DS/EDK/hw/XilinxProcessorIPLib/pcores/microblaze_v8_40_b/hdl/vhdl/ram_module.vhd sub00/vhpl46 1392730192
AR cache_interface imp /opt/york/cs/net/xilinx-design-suite-14.3-x86_64-1/14.3/ISE_DS/EDK/hw/XilinxProcessorIPLib/pcores/microblaze_v8_40_b/hdl/vhdl/cache_interface.vhd sub00/vhpl71 1392730217
AR mux_bus imp /opt/york/cs/net/xilinx-design-suite-14.3-x86_64-1/14.3/ISE_DS/EDK/hw/XilinxProcessorIPLib/pcores/microblaze_v8_40_b/hdl/vhdl/mux_bus.vhd sub00/vhpl25 1392730171
EN mux_bus NULL /opt/york/cs/net/xilinx-design-suite-14.3-x86_64-1/14.3/ISE_DS/EDK/hw/XilinxProcessorIPLib/pcores/microblaze_v8_40_b/hdl/vhdl/mux_bus.vhd sub00/vhpl24 1392730170
AR register_file_bit imp /opt/york/cs/net/xilinx-design-suite-14.3-x86_64-1/14.3/ISE_DS/EDK/hw/XilinxProcessorIPLib/pcores/microblaze_v8_40_b/hdl/vhdl/register_file_bit.vhd sub00/vhpl65 1392730211
AR mmu imp /opt/york/cs/net/xilinx-design-suite-14.3-x86_64-1/14.3/ISE_DS/EDK/hw/XilinxProcessorIPLib/pcores/microblaze_v8_40_b/hdl/vhdl/mmu.vhd sub01/vhpl189 1392730335
AR register_file imp /opt/york/cs/net/xilinx-design-suite-14.3-x86_64-1/14.3/ISE_DS/EDK/hw/XilinxProcessorIPLib/pcores/microblaze_v8_40_b/hdl/vhdl/register_file.vhd sub01/vhpl129 1392730275
AR msr_reg imp /opt/york/cs/net/xilinx-design-suite-14.3-x86_64-1/14.3/ISE_DS/EDK/hw/XilinxProcessorIPLib/pcores/microblaze_v8_40_b/hdl/vhdl/msr_reg.vhd sub01/vhpl143 1392730289
AR comparator imp /opt/york/cs/net/xilinx-design-suite-14.3-x86_64-1/14.3/ISE_DS/EDK/hw/XilinxProcessorIPLib/pcores/microblaze_v8_40_b/hdl/vhdl/comparator.vhd sub00/vhpl49 1392730195
AR data_flow_gti imp /opt/york/cs/net/xilinx-design-suite-14.3-x86_64-1/14.3/ISE_DS/EDK/hw/XilinxProcessorIPLib/pcores/microblaze_v8_40_b/hdl/vhdl/data_flow_gti.vhd sub01/vhpl183 1392730329
AR operand_select imp /opt/york/cs/net/xilinx-design-suite-14.3-x86_64-1/14.3/ISE_DS/EDK/hw/XilinxProcessorIPLib/pcores/microblaze_v8_40_b/hdl/vhdl/operand_select.vhd sub01/vhpl131 1392730277
AR operand_select_bit imp /opt/york/cs/net/xilinx-design-suite-14.3-x86_64-1/14.3/ISE_DS/EDK/hw/XilinxProcessorIPLib/pcores/microblaze_v8_40_b/hdl/vhdl/operand_select_bit.vhd sub00/vhpl63 1392730209
AR dcache_gti imp /opt/york/cs/net/xilinx-design-suite-14.3-x86_64-1/14.3/ISE_DS/EDK/hw/XilinxProcessorIPLib/pcores/microblaze_v8_40_b/hdl/vhdl/dcache_gti.vhd sub01/vhpl187 1392730333
EN carry_or NULL /opt/york/cs/net/xilinx-design-suite-14.3-x86_64-1/14.3/ISE_DS/EDK/hw/XilinxProcessorIPLib/pcores/microblaze_v8_40_b/hdl/vhdl/carry_or.vhd sub00/vhpl50 1392730196
AR debug imp /opt/york/cs/net/xilinx-design-suite-14.3-x86_64-1/14.3/ISE_DS/EDK/hw/XilinxProcessorIPLib/pcores/microblaze_v8_40_b/hdl/vhdl/debug.vhd sub01/vhpl169 1392730315
EN result_mux_bit NULL /opt/york/cs/net/xilinx-design-suite-14.3-x86_64-1/14.3/ISE_DS/EDK/hw/XilinxProcessorIPLib/pcores/microblaze_v8_40_b/hdl/vhdl/result_mux_bit.vhd sub00/vhpl58 1392730204
EN victim_cache NULL /opt/york/cs/net/xilinx-design-suite-14.3-x86_64-1/14.3/ISE_DS/EDK/hw/XilinxProcessorIPLib/pcores/microblaze_v8_40_b/hdl/vhdl/victim_cache.vhd sub01/vhpl116 1392730262
EN msr_reg NULL /opt/york/cs/net/xilinx-design-suite-14.3-x86_64-1/14.3/ISE_DS/EDK/hw/XilinxProcessorIPLib/pcores/microblaze_v8_40_b/hdl/vhdl/msr_reg.vhd sub01/vhpl142 1392730288
AR byte_doublet_handle_gti imp /opt/york/cs/net/xilinx-design-suite-14.3-x86_64-1/14.3/ISE_DS/EDK/hw/XilinxProcessorIPLib/pcores/microblaze_v8_40_b/hdl/vhdl/byte_doublet_handle_gti.vhd sub00/vhpl89 1392730235
EN daxi_interface NULL /opt/york/cs/net/xilinx-design-suite-14.3-x86_64-1/14.3/ISE_DS/EDK/hw/XilinxProcessorIPLib/pcores/microblaze_v8_40_b/hdl/vhdl/daxi_interface.vhd sub01/vhpl162 1392730308
AR mmu_utlb imp /opt/york/cs/net/xilinx-design-suite-14.3-x86_64-1/14.3/ISE_DS/EDK/hw/XilinxProcessorIPLib/pcores/microblaze_v8_40_b/hdl/vhdl/mmu_utlb.vhd sub00/vhpl67 1392730213
AR streaming_axi imp /opt/york/cs/net/xilinx-design-suite-14.3-x86_64-1/14.3/ISE_DS/EDK/hw/XilinxProcessorIPLib/pcores/microblaze_v8_40_b/hdl/vhdl/streaming_axi.vhd sub01/vhpl151 1392730297
AR find_first_bit imp /opt/york/cs/net/xilinx-design-suite-14.3-x86_64-1/14.3/ISE_DS/EDK/hw/XilinxProcessorIPLib/pcores/microblaze_v8_40_b/hdl/vhdl/find_first_bit.vhd sub00/vhpl08 1392730154
EN streaming_axi NULL /opt/york/cs/net/xilinx-design-suite-14.3-x86_64-1/14.3/ISE_DS/EDK/hw/XilinxProcessorIPLib/pcores/microblaze_v8_40_b/hdl/vhdl/streaming_axi.vhd sub01/vhpl150 1392730296
AR byte_doublet_handle imp /opt/york/cs/net/xilinx-design-suite-14.3-x86_64-1/14.3/ISE_DS/EDK/hw/XilinxProcessorIPLib/pcores/microblaze_v8_40_b/hdl/vhdl/byte_doublet_handle.vhd sub01/vhpl159 1392730305
AR microblaze imp /opt/york/cs/net/xilinx-design-suite-14.3-x86_64-1/14.3/ISE_DS/EDK/hw/XilinxProcessorIPLib/pcores/microblaze_v8_40_b/hdl/vhdl/microblaze.vhd sub01/vhpl197 1392730343
AR carry_compare imp /opt/york/cs/net/xilinx-design-suite-14.3-x86_64-1/14.3/ISE_DS/EDK/hw/XilinxProcessorIPLib/pcores/microblaze_v8_40_b/hdl/vhdl/carry_compare.vhd sub00/vhpl17 1392730163
AR fpu_addsub imp /opt/york/cs/net/xilinx-design-suite-14.3-x86_64-1/14.3/ISE_DS/EDK/hw/XilinxProcessorIPLib/pcores/microblaze_v8_40_b/hdl/vhdl/fpu_addsub.vhd sub00/vhpl29 1392730175
EN wb_mux_bit NULL /opt/york/cs/net/xilinx-design-suite-14.3-x86_64-1/14.3/ISE_DS/EDK/hw/XilinxProcessorIPLib/pcores/microblaze_v8_40_b/hdl/vhdl/wb_mux_bit_gti.vhd sub00/vhpl38 1392730184
EN prefetch_buffer_gti NULL /opt/york/cs/net/xilinx-design-suite-14.3-x86_64-1/14.3/ISE_DS/EDK/hw/XilinxProcessorIPLib/pcores/microblaze_v8_40_b/hdl/vhdl/prefetch_buffer_gti.vhd sub01/vhpl106 1392730252
EN barrel_shifter_gti NULL /opt/york/cs/net/xilinx-design-suite-14.3-x86_64-1/14.3/ISE_DS/EDK/hw/XilinxProcessorIPLib/pcores/microblaze_v8_40_b/hdl/vhdl/barrel_shifter_gti.vhd sub00/vhpl82 1392730228
AR carry_and imp /opt/york/cs/net/xilinx-design-suite-14.3-x86_64-1/14.3/ISE_DS/EDK/hw/XilinxProcessorIPLib/pcores/microblaze_v8_40_b/hdl/vhdl/carry_and.vhd sub00/vhpl04 1392730150
EN icache NULL /opt/york/cs/net/xilinx-design-suite-14.3-x86_64-1/14.3/ISE_DS/EDK/hw/XilinxProcessorIPLib/pcores/microblaze_v8_40_b/hdl/vhdl/icache.vhd sub01/vhpl170 1392730316
AR fpu_sqrt imp /opt/york/cs/net/xilinx-design-suite-14.3-x86_64-1/14.3/ISE_DS/EDK/hw/XilinxProcessorIPLib/pcores/microblaze_v8_40_b/hdl/vhdl/fpu_sqrt.vhd sub00/vhpl35 1392730181
EN mmu NULL /opt/york/cs/net/xilinx-design-suite-14.3-x86_64-1/14.3/ISE_DS/EDK/hw/XilinxProcessorIPLib/pcores/microblaze_v8_40_b/hdl/vhdl/mmu.vhd sub01/vhpl188 1392730334
AR stream_cache imp /opt/york/cs/net/xilinx-design-suite-14.3-x86_64-1/14.3/ISE_DS/EDK/hw/XilinxProcessorIPLib/pcores/microblaze_v8_40_b/hdl/vhdl/stream_cache.vhd sub01/vhpl119 1392730265
EN data_read_steering NULL /opt/york/cs/net/xilinx-design-suite-14.3-x86_64-1/14.3/ISE_DS/EDK/hw/XilinxProcessorIPLib/pcores/microblaze_v8_40_b/hdl/vhdl/data_read_steering.vhd sub01/vhpl124 1392730270
AR icache imp /opt/york/cs/net/xilinx-design-suite-14.3-x86_64-1/14.3/ISE_DS/EDK/hw/XilinxProcessorIPLib/pcores/microblaze_v8_40_b/hdl/vhdl/icache.vhd sub01/vhpl171 1392730317
EN pc_module NULL /opt/york/cs/net/xilinx-design-suite-14.3-x86_64-1/14.3/ISE_DS/EDK/hw/XilinxProcessorIPLib/pcores/microblaze_v8_40_b/hdl/vhdl/pc_module.vhd sub01/vhpl144 1392730290
AR count_leading_zeros imp /opt/york/cs/net/xilinx-design-suite-14.3-x86_64-1/14.3/ISE_DS/EDK/hw/XilinxProcessorIPLib/pcores/microblaze_v8_40_b/hdl/vhdl/count_leading_zero.vhd sub00/vhpl41 1392730187
EN cachehit_detect NULL /opt/york/cs/net/xilinx-design-suite-14.3-x86_64-1/14.3/ISE_DS/EDK/hw/XilinxProcessorIPLib/pcores/microblaze_v8_40_b/hdl/vhdl/cachehit_detect.vhd sub01/vhpl110 1392730256
EN register_file_gti NULL /opt/york/cs/net/xilinx-design-suite-14.3-x86_64-1/14.3/ISE_DS/EDK/hw/XilinxProcessorIPLib/pcores/microblaze_v8_40_b/hdl/vhdl/register_file_gti.vhd sub00/vhpl72 1392730218
EN carry_compare NULL /opt/york/cs/net/xilinx-design-suite-14.3-x86_64-1/14.3/ISE_DS/EDK/hw/XilinxProcessorIPLib/pcores/microblaze_v8_40_b/hdl/vhdl/carry_compare.vhd sub00/vhpl16 1392730162
EN msr_reg_gti NULL /opt/york/cs/net/xilinx-design-suite-14.3-x86_64-1/14.3/ISE_DS/EDK/hw/XilinxProcessorIPLib/pcores/microblaze_v8_40_b/hdl/vhdl/msr_reg_gti.vhd sub00/vhpl92 1392730238
EN operand_select_gti NULL /opt/york/cs/net/xilinx-design-suite-14.3-x86_64-1/14.3/ISE_DS/EDK/hw/XilinxProcessorIPLib/pcores/microblaze_v8_40_b/hdl/vhdl/operand_select_gti.vhd sub00/vhpl74 1392730220
EN parity NULL /opt/york/cs/net/xilinx-design-suite-14.3-x86_64-1/14.3/ISE_DS/EDK/hw/XilinxProcessorIPLib/pcores/microblaze_v8_40_b/hdl/vhdl/parity.vhd sub00/vhpl22 1392730168
EN wb_mux NULL /opt/york/cs/net/xilinx-design-suite-14.3-x86_64-1/14.3/ISE_DS/EDK/hw/XilinxProcessorIPLib/pcores/microblaze_v8_40_b/hdl/vhdl/wb_mux_gti.vhd sub00/vhpl84 1392730230
AR pc_module_gti imp /opt/york/cs/net/xilinx-design-suite-14.3-x86_64-1/14.3/ISE_DS/EDK/hw/XilinxProcessorIPLib/pcores/microblaze_v8_40_b/hdl/vhdl/pc_module_gti.vhd sub01/vhpl105 1392730251
EN count_leading_zeros NULL /opt/york/cs/net/xilinx-design-suite-14.3-x86_64-1/14.3/ISE_DS/EDK/hw/XilinxProcessorIPLib/pcores/microblaze_v8_40_b/hdl/vhdl/count_leading_zero.vhd sub00/vhpl40 1392730186
AR barrel_shift imp /opt/york/cs/net/xilinx-design-suite-14.3-x86_64-1/14.3/ISE_DS/EDK/hw/XilinxProcessorIPLib/pcores/microblaze_v8_40_b/hdl/vhdl/barrel_shifter.vhd sub01/vhpl135 1392730281
AR div_unit_gti imp /opt/york/cs/net/xilinx-design-suite-14.3-x86_64-1/14.3/ISE_DS/EDK/hw/XilinxProcessorIPLib/pcores/microblaze_v8_40_b/hdl/vhdl/div_unit_gti.vhd sub00/vhpl97 1392730243
EN dsp_module NULL /opt/york/cs/net/xilinx-design-suite-14.3-x86_64-1/14.3/ISE_DS/EDK/hw/XilinxProcessorIPLib/pcores/microblaze_v8_40_b/hdl/vhdl/dsp_module.vhd sub00/vhpl05 1392730151
EN find_first_bit NULL /opt/york/cs/net/xilinx-design-suite-14.3-x86_64-1/14.3/ISE_DS/EDK/hw/XilinxProcessorIPLib/pcores/microblaze_v8_40_b/hdl/vhdl/find_first_bit.vhd sub00/vhpl07 1392730153
AR pc_module imp /opt/york/cs/net/xilinx-design-suite-14.3-x86_64-1/14.3/ISE_DS/EDK/hw/XilinxProcessorIPLib/pcores/microblaze_v8_40_b/hdl/vhdl/pc_module.vhd sub01/vhpl145 1392730291
EN stream_cache NULL /opt/york/cs/net/xilinx-design-suite-14.3-x86_64-1/14.3/ISE_DS/EDK/hw/XilinxProcessorIPLib/pcores/microblaze_v8_40_b/hdl/vhdl/stream_cache.vhd sub01/vhpl118 1392730264
EN parity_recursive_lut6 NULL /opt/york/cs/net/xilinx-design-suite-14.3-x86_64-1/14.3/ISE_DS/EDK/hw/XilinxProcessorIPLib/pcores/microblaze_v8_40_b/hdl/vhdl/parity.vhd sub00/vhpl20 1392730166
AR exception_registers imp /opt/york/cs/net/xilinx-design-suite-14.3-x86_64-1/14.3/ISE_DS/EDK/hw/XilinxProcessorIPLib/pcores/microblaze_v8_40_b/hdl/vhdl/exception_registers.vhd sub01/vhpl177 1392730323
AR result_mux imp /opt/york/cs/net/xilinx-design-suite-14.3-x86_64-1/14.3/ISE_DS/EDK/hw/XilinxProcessorIPLib/pcores/microblaze_v8_40_b/hdl/vhdl/result_mux.vhd sub01/vhpl139 1392730285
AR zero_detect imp /opt/york/cs/net/xilinx-design-suite-14.3-x86_64-1/14.3/ISE_DS/EDK/hw/XilinxProcessorIPLib/pcores/microblaze_v8_40_b/hdl/vhdl/zero_detect.vhd sub01/vhpl141 1392730287
EN byte_doublet_handle_gti NULL /opt/york/cs/net/xilinx-design-suite-14.3-x86_64-1/14.3/ISE_DS/EDK/hw/XilinxProcessorIPLib/pcores/microblaze_v8_40_b/hdl/vhdl/byte_doublet_handle_gti.vhd sub00/vhpl88 1392730234
EN mb_srlc16e NULL /opt/york/cs/net/xilinx-design-suite-14.3-x86_64-1/14.3/ISE_DS/EDK/hw/XilinxProcessorIPLib/pcores/microblaze_v8_40_b/hdl/vhdl/microblaze_primitives.vhd sub00/vhpl11 1392730157
AR mux4 imp /opt/york/cs/net/xilinx-design-suite-14.3-x86_64-1/14.3/ISE_DS/EDK/hw/XilinxProcessorIPLib/pcores/microblaze_v8_40_b/hdl/vhdl/mux4.vhd sub01/vhpl193 1392730339
EN mux4_8 NULL /opt/york/cs/net/xilinx-design-suite-14.3-x86_64-1/14.3/ISE_DS/EDK/hw/XilinxProcessorIPLib/pcores/microblaze_v8_40_b/hdl/vhdl/mux4_8.vhd sub01/vhpl126 1392730272
AR exception_registers_gti imp /opt/york/cs/net/xilinx-design-suite-14.3-x86_64-1/14.3/ISE_DS/EDK/hw/XilinxProcessorIPLib/pcores/microblaze_v8_40_b/hdl/vhdl/exception_registers_gti.vhd sub00/vhpl95 1392730241
EN mb_srl16e NULL /opt/york/cs/net/xilinx-design-suite-14.3-x86_64-1/14.3/ISE_DS/EDK/hw/XilinxProcessorIPLib/pcores/microblaze_v8_40_b/hdl/vhdl/microblaze_primitives.vhd sub00/vhpl09 1392730155
AR wb_mux_bit imp /opt/york/cs/net/xilinx-design-suite-14.3-x86_64-1/14.3/ISE_DS/EDK/hw/XilinxProcessorIPLib/pcores/microblaze_v8_40_b/hdl/vhdl/wb_mux_bit_gti.vhd sub00/vhpl39 1392730185
AR read_data_mux imp /opt/york/cs/net/xilinx-design-suite-14.3-x86_64-1/14.3/ISE_DS/EDK/hw/XilinxProcessorIPLib/pcores/microblaze_v8_40_b/hdl/vhdl/read_data_mux_gti.vhd sub01/vhpl185 1392730331
EN lru_module NULL /opt/york/cs/net/xilinx-design-suite-14.3-x86_64-1/14.3/ISE_DS/EDK/hw/XilinxProcessorIPLib/pcores/microblaze_v8_40_b/hdl/vhdl/victim_cache.vhd sub01/vhpl114 1392730260
EN alu NULL /opt/york/cs/net/xilinx-design-suite-14.3-x86_64-1/14.3/ISE_DS/EDK/hw/XilinxProcessorIPLib/pcores/microblaze_v8_40_b/hdl/vhdl/alu.vhd sub00/vhpl76 1392730222
AR result_mux_bit imp /opt/york/cs/net/xilinx-design-suite-14.3-x86_64-1/14.3/ISE_DS/EDK/hw/XilinxProcessorIPLib/pcores/microblaze_v8_40_b/hdl/vhdl/result_mux_bit.vhd sub00/vhpl59 1392730205
AR wb_mux imp /opt/york/cs/net/xilinx-design-suite-14.3-x86_64-1/14.3/ISE_DS/EDK/hw/XilinxProcessorIPLib/pcores/microblaze_v8_40_b/hdl/vhdl/wb_mux_gti.vhd sub00/vhpl85 1392730231
AR dcache_wb imp /opt/york/cs/net/xilinx-design-suite-14.3-x86_64-1/14.3/ISE_DS/EDK/hw/XilinxProcessorIPLib/pcores/microblaze_v8_40_b/hdl/vhdl/dcache_wb.vhd sub01/vhpl173 1392730319
AR stack_protection imp /opt/york/cs/net/xilinx-design-suite-14.3-x86_64-1/14.3/ISE_DS/EDK/hw/XilinxProcessorIPLib/pcores/microblaze_v8_40_b/hdl/vhdl/stack_protection.vhd sub01/vhpl103 1392730249
AR mul_unit imp /opt/york/cs/net/xilinx-design-suite-14.3-x86_64-1/14.3/ISE_DS/EDK/hw/XilinxProcessorIPLib/pcores/microblaze_v8_40_b/hdl/vhdl/mul_unit.vhd sub00/vhpl81 1392730227
PH microblaze_isa NULL /opt/york/cs/net/xilinx-design-suite-14.3-x86_64-1/14.3/ISE_DS/EDK/hw/XilinxProcessorIPLib/pcores/microblaze_v8_40_b/hdl/vhdl/microblaze_isa_be_pkg.vhd sub00/vhpl02 1392730148
EN result_mux NULL /opt/york/cs/net/xilinx-design-suite-14.3-x86_64-1/14.3/ISE_DS/EDK/hw/XilinxProcessorIPLib/pcores/microblaze_v8_40_b/hdl/vhdl/result_mux.vhd sub01/vhpl138 1392730284
EN div_unit NULL /opt/york/cs/net/xilinx-design-suite-14.3-x86_64-1/14.3/ISE_DS/EDK/hw/XilinxProcessorIPLib/pcores/microblaze_v8_40_b/hdl/vhdl/div_unit.vhd sub01/vhpl136 1392730282
AR data_flow imp /opt/york/cs/net/xilinx-design-suite-14.3-x86_64-1/14.3/ISE_DS/EDK/hw/XilinxProcessorIPLib/pcores/microblaze_v8_40_b/hdl/vhdl/data_flow.vhd sub01/vhpl157 1392730303
EN byte_doublet_handle NULL /opt/york/cs/net/xilinx-design-suite-14.3-x86_64-1/14.3/ISE_DS/EDK/hw/XilinxProcessorIPLib/pcores/microblaze_v8_40_b/hdl/vhdl/byte_doublet_handle.vhd sub01/vhpl158 1392730304
EN microblaze NULL /opt/york/cs/net/xilinx-design-suite-14.3-x86_64-1/14.3/ISE_DS/EDK/hw/XilinxProcessorIPLib/pcores/microblaze_v8_40_b/hdl/vhdl/microblaze.vhd sub01/vhpl196 1392730342
EN iplb_interface NULL /opt/york/cs/net/xilinx-design-suite-14.3-x86_64-1/14.3/ISE_DS/EDK/hw/XilinxProcessorIPLib/pcores/microblaze_v8_40_b/hdl/vhdl/iplb_interface.vhd sub01/vhpl164 1392730310
EN prefetch_buffer NULL /opt/york/cs/net/xilinx-design-suite-14.3-x86_64-1/14.3/ISE_DS/EDK/hw/XilinxProcessorIPLib/pcores/microblaze_v8_40_b/hdl/vhdl/prefetch_buffer.vhd sub01/vhpl146 1392730292
