EN system_proc_sys_reset_0_wrapper NULL /usr/userfs/d/drm511/embs/spr/prac2/synthesis/parallel_run/hdl/system_proc_sys_reset_0_wrapper.vhd sub00/vhpl00 1392731654
AR system_proc_sys_reset_0_wrapper structure /usr/userfs/d/drm511/embs/spr/prac2/synthesis/parallel_run/hdl/system_proc_sys_reset_0_wrapper.vhd sub00/vhpl01 1392731655
