AR system_dlmb_cntlr_wrapper structure /usr/userfs/d/drm511/embs/spr/prac2/synthesis/parallel_run/hdl/system_dlmb_cntlr_wrapper.vhd sub00/vhpl01 1392731417
EN system_dlmb_cntlr_wrapper NULL /usr/userfs/d/drm511/embs/spr/prac2/synthesis/parallel_run/hdl/system_dlmb_cntlr_wrapper.vhd sub00/vhpl00 1392731416
