AR plb_slave_ors implementation /opt/york/cs/net/xilinx-design-suite-14.3-x86_64-1/14.3/ISE_DS/EDK/hw/XilinxProcessorIPLib/pcores/plb_v46_v1_05_a/hdl/vhdl/plb_slave_ors.vhd sub00/vhpl39 1392730287
EN plb_interrupt NULL /opt/york/cs/net/xilinx-design-suite-14.3-x86_64-1/14.3/ISE_DS/EDK/hw/XilinxProcessorIPLib/pcores/plb_v46_v1_05_a/hdl/vhdl/plb_interrupt.vhd sub00/vhpl26 1392730274
EN plb_arb_encoder NULL /opt/york/cs/net/xilinx-design-suite-14.3-x86_64-1/14.3/ISE_DS/EDK/hw/XilinxProcessorIPLib/pcores/plb_v46_v1_05_a/hdl/vhdl/plb_arb_encoder.vhd sub00/vhpl14 1392730262
EN plb_arbiter_logic NULL /opt/york/cs/net/xilinx-design-suite-14.3-x86_64-1/14.3/ISE_DS/EDK/hw/XilinxProcessorIPLib/pcores/plb_v46_v1_05_a/hdl/vhdl/plb_arbiter_logic.vhd sub00/vhpl40 1392730288
AR gen_qual_req simulation /opt/york/cs/net/xilinx-design-suite-14.3-x86_64-1/14.3/ISE_DS/EDK/hw/XilinxProcessorIPLib/pcores/plb_v46_v1_05_a/hdl/vhdl/gen_qual_req.vhd sub00/vhpl19 1392730267
EN pending_priority NULL /opt/york/cs/net/xilinx-design-suite-14.3-x86_64-1/14.3/ISE_DS/EDK/hw/XilinxProcessorIPLib/pcores/plb_v46_v1_05_a/hdl/vhdl/pending_priority.vhd sub00/vhpl10 1392730258
AR or_gate imp /opt/york/cs/net/xilinx-design-suite-14.3-x86_64-1/14.3/ISE_DS/EDK/hw/XilinxProcessorIPLib/pcores/plb_v46_v1_05_a/hdl/vhdl/or_gate.vhd sub00/vhpl29 1392730277
EN watchdog_timer NULL /opt/york/cs/net/xilinx-design-suite-14.3-x86_64-1/14.3/ISE_DS/EDK/hw/XilinxProcessorIPLib/pcores/plb_v46_v1_05_a/hdl/vhdl/watchdog_timer.vhd sub00/vhpl22 1392730270
AR priority_encoder simulation /opt/york/cs/net/xilinx-design-suite-14.3-x86_64-1/14.3/ISE_DS/EDK/hw/XilinxProcessorIPLib/pcores/plb_v46_v1_05_a/hdl/vhdl/priority_encoder.vhd sub00/vhpl07 1392730255
AR plb_wr_datapath simulation /opt/york/cs/net/xilinx-design-suite-14.3-x86_64-1/14.3/ISE_DS/EDK/hw/XilinxProcessorIPLib/pcores/plb_v46_v1_05_a/hdl/vhdl/plb_wr_datapath.vhd sub00/vhpl35 1392730283
EN plb_p2p NULL /opt/york/cs/net/xilinx-design-suite-14.3-x86_64-1/14.3/ISE_DS/EDK/hw/XilinxProcessorIPLib/pcores/plb_v46_v1_05_a/hdl/vhdl/plb_p2p.vhd sub00/vhpl30 1392730278
EN muxed_signals NULL /opt/york/cs/net/xilinx-design-suite-14.3-x86_64-1/14.3/ISE_DS/EDK/hw/XilinxProcessorIPLib/pcores/plb_v46_v1_05_a/hdl/vhdl/muxed_signals.vhd sub00/vhpl20 1392730268
EN pend_request NULL /opt/york/cs/net/xilinx-design-suite-14.3-x86_64-1/14.3/ISE_DS/EDK/hw/XilinxProcessorIPLib/pcores/plb_v46_v1_05_a/hdl/vhdl/pend_request.vhd sub00/vhpl12 1392730260
EN qual_request NULL /opt/york/cs/net/xilinx-design-suite-14.3-x86_64-1/14.3/ISE_DS/EDK/hw/XilinxProcessorIPLib/pcores/plb_v46_v1_05_a/hdl/vhdl/qual_request.vhd sub00/vhpl02 1392730250
AR or_bits implementation /opt/york/cs/net/xilinx-design-suite-14.3-x86_64-1/14.3/ISE_DS/EDK/hw/XilinxProcessorIPLib/pcores/plb_v46_v1_05_a/hdl/vhdl/or_bits.vhd sub00/vhpl05 1392730253
AR arb_control_sm simulation /opt/york/cs/net/xilinx-design-suite-14.3-x86_64-1/14.3/ISE_DS/EDK/hw/XilinxProcessorIPLib/pcores/plb_v46_v1_05_a/hdl/vhdl/arb_control_sm.vhd sub00/vhpl17 1392730265
AR plb_arbiter_logic implementation /opt/york/cs/net/xilinx-design-suite-14.3-x86_64-1/14.3/ISE_DS/EDK/hw/XilinxProcessorIPLib/pcores/plb_v46_v1_05_a/hdl/vhdl/plb_arbiter_logic.vhd sub00/vhpl41 1392730289
AR rr_select implementation /opt/york/cs/net/xilinx-design-suite-14.3-x86_64-1/14.3/ISE_DS/EDK/hw/XilinxProcessorIPLib/pcores/plb_v46_v1_05_a/hdl/vhdl/rr_select.vhd sub00/vhpl09 1392730257
AR plb_v46 simulation /opt/york/cs/net/xilinx-design-suite-14.3-x86_64-1/14.3/ISE_DS/EDK/hw/XilinxProcessorIPLib/pcores/plb_v46_v1_05_a/hdl/vhdl/plb_v46.vhd sub00/vhpl43 1392730291
AR qual_priority qual_priority /opt/york/cs/net/xilinx-design-suite-14.3-x86_64-1/14.3/ISE_DS/EDK/hw/XilinxProcessorIPLib/pcores/plb_v46_v1_05_a/hdl/vhdl/qual_priority.vhd sub00/vhpl01 1392730177
AR pend_request simulation /opt/york/cs/net/xilinx-design-suite-14.3-x86_64-1/14.3/ISE_DS/EDK/hw/XilinxProcessorIPLib/pcores/plb_v46_v1_05_a/hdl/vhdl/pend_request.vhd sub00/vhpl13 1392730261
EN or_bits NULL /opt/york/cs/net/xilinx-design-suite-14.3-x86_64-1/14.3/ISE_DS/EDK/hw/XilinxProcessorIPLib/pcores/plb_v46_v1_05_a/hdl/vhdl/or_bits.vhd sub00/vhpl04 1392730252
AR plb_interrupt plb_interrupt /opt/york/cs/net/xilinx-design-suite-14.3-x86_64-1/14.3/ISE_DS/EDK/hw/XilinxProcessorIPLib/pcores/plb_v46_v1_05_a/hdl/vhdl/plb_interrupt.vhd sub00/vhpl27 1392730275
EN plb_wr_datapath NULL /opt/york/cs/net/xilinx-design-suite-14.3-x86_64-1/14.3/ISE_DS/EDK/hw/XilinxProcessorIPLib/pcores/plb_v46_v1_05_a/hdl/vhdl/plb_wr_datapath.vhd sub00/vhpl34 1392730282
EN rr_select NULL /opt/york/cs/net/xilinx-design-suite-14.3-x86_64-1/14.3/ISE_DS/EDK/hw/XilinxProcessorIPLib/pcores/plb_v46_v1_05_a/hdl/vhdl/rr_select.vhd sub00/vhpl08 1392730256
EN gen_qual_req NULL /opt/york/cs/net/xilinx-design-suite-14.3-x86_64-1/14.3/ISE_DS/EDK/hw/XilinxProcessorIPLib/pcores/plb_v46_v1_05_a/hdl/vhdl/gen_qual_req.vhd sub00/vhpl18 1392730266
AR watchdog_timer simulation /opt/york/cs/net/xilinx-design-suite-14.3-x86_64-1/14.3/ISE_DS/EDK/hw/XilinxProcessorIPLib/pcores/plb_v46_v1_05_a/hdl/vhdl/watchdog_timer.vhd sub00/vhpl23 1392730271
EN plb_rd_datapath NULL /opt/york/cs/net/xilinx-design-suite-14.3-x86_64-1/14.3/ISE_DS/EDK/hw/XilinxProcessorIPLib/pcores/plb_v46_v1_05_a/hdl/vhdl/plb_rd_datapath.vhd sub00/vhpl36 1392730284
AR plb_p2p implementation /opt/york/cs/net/xilinx-design-suite-14.3-x86_64-1/14.3/ISE_DS/EDK/hw/XilinxProcessorIPLib/pcores/plb_v46_v1_05_a/hdl/vhdl/plb_p2p.vhd sub00/vhpl31 1392730279
EN or_gate NULL /opt/york/cs/net/xilinx-design-suite-14.3-x86_64-1/14.3/ISE_DS/EDK/hw/XilinxProcessorIPLib/pcores/plb_v46_v1_05_a/hdl/vhdl/or_gate.vhd sub00/vhpl28 1392730276
EN arb_control_sm NULL /opt/york/cs/net/xilinx-design-suite-14.3-x86_64-1/14.3/ISE_DS/EDK/hw/XilinxProcessorIPLib/pcores/plb_v46_v1_05_a/hdl/vhdl/arb_control_sm.vhd sub00/vhpl16 1392730264
AR plb_addrpath implementation /opt/york/cs/net/xilinx-design-suite-14.3-x86_64-1/14.3/ISE_DS/EDK/hw/XilinxProcessorIPLib/pcores/plb_v46_v1_05_a/hdl/vhdl/plb_addrpath.vhd sub00/vhpl33 1392730281
EN qual_priority NULL /opt/york/cs/net/xilinx-design-suite-14.3-x86_64-1/14.3/ISE_DS/EDK/hw/XilinxProcessorIPLib/pcores/plb_v46_v1_05_a/hdl/vhdl/qual_priority.vhd sub00/vhpl00 1392730176
AR dcr_regs implementation /opt/york/cs/net/xilinx-design-suite-14.3-x86_64-1/14.3/ISE_DS/EDK/hw/XilinxProcessorIPLib/pcores/plb_v46_v1_05_a/hdl/vhdl/dcr_regs.vhd sub00/vhpl25 1392730273
AR muxed_signals implementation /opt/york/cs/net/xilinx-design-suite-14.3-x86_64-1/14.3/ISE_DS/EDK/hw/XilinxProcessorIPLib/pcores/plb_v46_v1_05_a/hdl/vhdl/muxed_signals.vhd sub00/vhpl21 1392730269
EN plb_addrpath NULL /opt/york/cs/net/xilinx-design-suite-14.3-x86_64-1/14.3/ISE_DS/EDK/hw/XilinxProcessorIPLib/pcores/plb_v46_v1_05_a/hdl/vhdl/plb_addrpath.vhd sub00/vhpl32 1392730280
AR pending_priority simulation /opt/york/cs/net/xilinx-design-suite-14.3-x86_64-1/14.3/ISE_DS/EDK/hw/XilinxProcessorIPLib/pcores/plb_v46_v1_05_a/hdl/vhdl/pending_priority.vhd sub00/vhpl11 1392730259
EN dcr_regs NULL /opt/york/cs/net/xilinx-design-suite-14.3-x86_64-1/14.3/ISE_DS/EDK/hw/XilinxProcessorIPLib/pcores/plb_v46_v1_05_a/hdl/vhdl/dcr_regs.vhd sub00/vhpl24 1392730272
EN priority_encoder NULL /opt/york/cs/net/xilinx-design-suite-14.3-x86_64-1/14.3/ISE_DS/EDK/hw/XilinxProcessorIPLib/pcores/plb_v46_v1_05_a/hdl/vhdl/priority_encoder.vhd sub00/vhpl06 1392730254
AR plb_rd_datapath simulation /opt/york/cs/net/xilinx-design-suite-14.3-x86_64-1/14.3/ISE_DS/EDK/hw/XilinxProcessorIPLib/pcores/plb_v46_v1_05_a/hdl/vhdl/plb_rd_datapath.vhd sub00/vhpl37 1392730285
EN plb_v46 NULL /opt/york/cs/net/xilinx-design-suite-14.3-x86_64-1/14.3/ISE_DS/EDK/hw/XilinxProcessorIPLib/pcores/plb_v46_v1_05_a/hdl/vhdl/plb_v46.vhd sub00/vhpl42 1392730290
AR qual_request simulation /opt/york/cs/net/xilinx-design-suite-14.3-x86_64-1/14.3/ISE_DS/EDK/hw/XilinxProcessorIPLib/pcores/plb_v46_v1_05_a/hdl/vhdl/qual_request.vhd sub00/vhpl03 1392730251
EN plb_slave_ors NULL /opt/york/cs/net/xilinx-design-suite-14.3-x86_64-1/14.3/ISE_DS/EDK/hw/XilinxProcessorIPLib/pcores/plb_v46_v1_05_a/hdl/vhdl/plb_slave_ors.vhd sub00/vhpl38 1392730286
AR plb_arb_encoder implementation /opt/york/cs/net/xilinx-design-suite-14.3-x86_64-1/14.3/ISE_DS/EDK/hw/XilinxProcessorIPLib/pcores/plb_v46_v1_05_a/hdl/vhdl/plb_arb_encoder.vhd sub00/vhpl15 1392730263
