V3 6
FL /usr/userfs/d/drm511/embs/spr/prac2/synthesis/parallel_run/hdl/system_dip_switches_4bit_wrapper.vhd 2014/02/18.13:49:06 P.40xd
EN work/system_dip_switches_4bit_wrapper 1392731593 \
      FL /usr/userfs/d/drm511/embs/spr/prac2/synthesis/parallel_run/hdl/system_dip_switches_4bit_wrapper.vhd \
      PB ieee/std_logic_1164 1350103243 LB UNISIM PH unisim/VCOMPONENTS 1350103252 \
      LB xps_gpio_v2_00_a
AR work/system_dip_switches_4bit_wrapper/STRUCTURE 1392731594 \
      FL /usr/userfs/d/drm511/embs/spr/prac2/synthesis/parallel_run/hdl/system_dip_switches_4bit_wrapper.vhd \
      EN work/system_dip_switches_4bit_wrapper 1392731593 CP xps_gpio
