AR system_microblaze_0_wrapper structure /usr/userfs/d/drm511/embs/spr/prac1/synthesis/parallel_run/hdl/system_microblaze_0_wrapper.vhd sub00/vhpl01 1392730345
EN system_microblaze_0_wrapper NULL /usr/userfs/d/drm511/embs/spr/prac1/synthesis/parallel_run/hdl/system_microblaze_0_wrapper.vhd sub00/vhpl00 1392730344
