EN clock_generator NULL /usr/userfs/d/drm511/embs/spr/prac2/hdl/elaborate/clock_generator_0_v4_03_a/hdl/vhdl/clock_generator.vhd sub00/vhpl00 1392731627
AR clock_generator structure /usr/userfs/d/drm511/embs/spr/prac2/hdl/elaborate/clock_generator_0_v4_03_a/hdl/vhdl/clock_generator.vhd sub00/vhpl01 1392731628
