EN timer_control NULL /opt/york/cs/net/xilinx-design-suite-14.3-x86_64-1/14.3/ISE_DS/EDK/hw/XilinxProcessorIPLib/pcores/xps_timer_v1_02_a/hdl/vhdl/timer_control.vhd sub00/vhpl03 1392730604
AR tc_core imp /opt/york/cs/net/xilinx-design-suite-14.3-x86_64-1/14.3/ISE_DS/EDK/hw/XilinxProcessorIPLib/pcores/xps_timer_v1_02_a/hdl/vhdl/tc_core.vhd sub00/vhpl06 1392730611
AR timer_control imp /opt/york/cs/net/xilinx-design-suite-14.3-x86_64-1/14.3/ISE_DS/EDK/hw/XilinxProcessorIPLib/pcores/xps_timer_v1_02_a/hdl/vhdl/timer_control.vhd sub00/vhpl04 1392730605
AR xps_timer imp /opt/york/cs/net/xilinx-design-suite-14.3-x86_64-1/14.3/ISE_DS/EDK/hw/XilinxProcessorIPLib/pcores/xps_timer_v1_02_a/hdl/vhdl/xps_timer.vhd sub00/vhpl08 1392730613
AR count_module imp /opt/york/cs/net/xilinx-design-suite-14.3-x86_64-1/14.3/ISE_DS/EDK/hw/XilinxProcessorIPLib/pcores/xps_timer_v1_02_a/hdl/vhdl/count_module.vhd sub00/vhpl02 1392730603
EN tc_core NULL /opt/york/cs/net/xilinx-design-suite-14.3-x86_64-1/14.3/ISE_DS/EDK/hw/XilinxProcessorIPLib/pcores/xps_timer_v1_02_a/hdl/vhdl/tc_core.vhd sub00/vhpl05 1392730610
PH tc_types NULL /opt/york/cs/net/xilinx-design-suite-14.3-x86_64-1/14.3/ISE_DS/EDK/hw/XilinxProcessorIPLib/pcores/xps_timer_v1_02_a/hdl/vhdl/tc_types.vhd sub00/vhpl00 1392730599
EN xps_timer NULL /opt/york/cs/net/xilinx-design-suite-14.3-x86_64-1/14.3/ISE_DS/EDK/hw/XilinxProcessorIPLib/pcores/xps_timer_v1_02_a/hdl/vhdl/xps_timer.vhd sub00/vhpl07 1392730612
EN count_module NULL /opt/york/cs/net/xilinx-design-suite-14.3-x86_64-1/14.3/ISE_DS/EDK/hw/XilinxProcessorIPLib/pcores/xps_timer_v1_02_a/hdl/vhdl/count_module.vhd sub00/vhpl01 1392730602
